12-11 17:56:29.135  1248  1248 D CompatConfig: Adding: com.android.server.compat.config.Change@41bfdeb
12-11 17:56:29.135  1248  1284 I SystemConfig: Reading permissions from /system/etc/permissions/com.android.mediadrm.signer.xml
12-11 17:56:29.135  1248  1248 D CompatConfig: Found a config file: /system/system_ext/etc/compatconfig/settings-platform-compat-config.xml
12-11 17:56:29.136  1248  1248 D CompatConfig: Adding: com.android.server.compat.config.Change@ecc99e1
12-11 17:56:29.136  1248  1248 D ApexManagerTiming: getActiveApexInfos_noCache
12-11 17:56:29.136  1248  1284 I SystemConfig: Reading permissions from /system/etc/permissions/android.test.mock.xml
12-11 17:56:29.137  1248  1284 I SystemConfig: Reading permissions from /system/etc/permissions/com.android.networkstack.xml
12-11 17:56:29.138  1248  1284 I SystemConfig: Reading permissions from /system/etc/permissions/com.android.future.usb.accessory.xml
12-11 17:56:29.139  1248  1284 I SystemConfig: Reading permissions from /system/etc/permissions/com.android.location.provider.xml
12-11 17:56:29.140  1248  1284 I SystemConfig: Reading permissions from /system/etc/permissions/org.apache.http.legacy.xml
12-11 17:56:29.141  1248  1284 I SystemConfig: Reading permissions from /system/etc/permissions/android.software.window_magnification.xml
12-11 17:56:29.141  1248  1284 I SystemConfig: Reading permissions from /system/etc/permissions/com.android.media.remotedisplay.xml
12-11 17:56:29.142  1248  1284 I SystemConfig: Reading permissions from /system/etc/permissions/android.software.webview.xml
12-11 17:56:29.142  1248  1284 I SystemConfig: Reading permissions from /system/etc/permissions/android.test.base.xml
12-11 17:56:29.143  1248  1284 I SystemConfig: Reading permissions from /system/etc/permissions/android.software.credentials.xml
12-11 17:56:29.143  1248  1284 I SystemConfig: Reading permissions from /system/etc/permissions/privapp-permissions-platform.xml
12-11 17:56:29.146  1248  1284 I SystemConfig: Reading permissions from /system/etc/permissions/com.android.documentsui.xml
12-11 17:56:29.146  1248  1284 I SystemConfig: Reading permissions from /system/etc/permissions/privapp-permissions-com.mediatek.ims.xml
12-11 17:56:29.147  1248  1284 I SystemConfig: Reading permissions from /system/etc/permissions/javax.obex.xml
12-11 17:56:29.147  1248  1284 I SystemConfig: Reading permissions from /system/etc/permissions/com.android.intentresolver.xml
12-11 17:56:29.148  1248  1284 I SystemConfig: Reading permissions from /system/etc/permissions/android.test.runner.xml
12-11 17:56:29.148  1248  1284 I SystemConfig: Reading permissions from /system/etc/permissions/platform.xml
12-11 17:56:29.153  1248  1248 D CompatConfig: Found a config file: /apex/com.android.tethering/etc/compatconfig/connectivity-platform-compat-config.xml
12-11 17:56:29.153  1248  1248 D CompatConfig: Adding: com.android.server.compat.config.Change@a836b33
12-11 17:56:29.154  1248  1248 D CompatConfig: Adding: com.android.server.compat.config.Change@1105ef0
12-11 17:56:29.154  1248  1248 D CompatConfig: Adding: com.android.server.compat.config.Change@e85bc69
12-11 17:56:29.154  1248  1248 D CompatConfig: Adding: com.android.server.compat.config.Change@8f66ee
12-11 17:56:29.154  1248  1248 D CompatConfig: Adding: com.android.server.compat.config.Change@87f878f
12-11 17:56:29.154  1248  1248 D CompatConfig: Adding: com.android.server.compat.config.Change@1347a1c
12-11 17:56:29.154  1248  1248 D CompatConfig: Adding: com.android.server.compat.config.Change@e34b625
12-11 17:56:29.154  1248  1248 D CompatConfig: Found a config file: /apex/com.android.wifi/etc/compatconfig/wifi-compat-config.xml
12-11 17:56:29.155  1248  1248 D CompatConfig: Adding: com.android.server.compat.config.Change@a770dab
12-11 17:56:29.155  1248  1248 D CompatConfig: Adding: com.android.server.compat.config.Change@81d1c08
12-11 17:56:29.155  1248  1248 D CompatConfig: Adding: com.android.server.compat.config.Change@91f8fa1
12-11 17:56:29.160  1248  1248 D CompatConfig: No directory /apex/com.android.healthfitness/etc/compatconfig, skipping
12-11 17:56:29.160  1248  1248 D CompatConfig: No directory /apex/com.android.conscrypt/etc/compatconfig, skipping
12-11 17:56:29.160  1248  1248 D CompatConfig: No directory /apex/com.android.uwb/etc/compatconfig, skipping
12-11 17:56:29.161  1248  1248 D CompatConfig: Found a config file: /apex/com.android.art/etc/compatconfig/libcore-platform-compat-config.xml
12-11 17:56:29.161  1248  1248 D CompatConfig: Adding: com.android.server.compat.config.Change@416d987
12-11 17:56:29.161  1248  1248 D CompatConfig: Adding: com.android.server.compat.config.Change@96bf0b4
12-11 17:56:29.161  1248  1248 D CompatConfig: Adding: com.android.server.compat.config.Change@58484dd
12-11 17:56:29.161  1248  1248 D CompatConfig: Adding: com.android.server.compat.config.Change@9d61852
12-11 17:56:29.161  1248  1248 D CompatConfig: Adding: com.android.server.compat.config.Change@cfd8723
12-11 17:56:29.161  1248  1248 D CompatConfig: Adding: com.android.server.compat.config.Change@f316420
12-11 17:56:29.161  1248  1248 D CompatConfig: Adding: com.android.server.compat.config.Change@54991d9
12-11 17:56:29.161  1248  1248 D CompatConfig: Adding: com.android.server.compat.config.Change@199679e
12-11 17:56:29.161  1248  1248 D CompatConfig: Adding: com.android.server.compat.config.Change@e17727f
12-11 17:56:29.161  1248  1248 D CompatConfig: Adding: com.android.server.compat.config.Change@218a24c
12-11 17:56:29.161  1248  1248 D CompatConfig: Adding: com.android.server.compat.config.Change@8b87295
12-11 17:56:29.161  1248  1248 D CompatConfig: Adding: com.android.server.compat.config.Change@db05faa
12-11 17:56:29.161  1248  1248 D CompatConfig: Adding: com.android.server.compat.config.Change@8bab79b
12-11 17:56:29.161  1248  1248 D CompatConfig: Adding: com.android.server.compat.config.Change@8539738
12-11 17:56:29.161  1248  1248 D CompatConfig: Adding: com.android.server.compat.config.Change@faa311
12-11 17:56:29.161  1248  1248 D CompatConfig: Adding: com.android.server.compat.config.Change@88ccc76
12-11 17:56:29.161  1248  1248 D CompatConfig: Adding: com.android.server.compat.config.Change@3833277
12-11 17:56:29.161  1248  1248 D CompatConfig: Adding: com.android.server.compat.config.Change@746eee4
12-11 17:56:29.161  1248  1248 D CompatConfig: Adding: com.android.server.compat.config.Change@e555f4d
12-11 17:56:29.162  1248  1248 D CompatConfig: No directory /apex/com.android.nfcservices/etc/compatconfig, skipping
12-11 17:56:29.162  1248  1248 D CompatConfig: No directory /apex/com.android.rkpd/etc/compatconfig, skipping
12-11 17:56:29.162  1248  1248 D CompatConfig: No directory /apex/com.android.apex.cts.shim/etc/compatconfig, skipping
12-11 17:56:29.162  1248  1248 D CompatConfig: No directory /apex/com.android.scheduling/etc/compatconfig, skipping
12-11 17:56:29.162  1248  1248 D CompatConfig: No directory /apex/com.android.neuralnetworks/etc/compatconfig, skipping
12-11 17:56:29.162  1248  1248 D CompatConfig: No directory /apex/com.android.configinfrastructure/etc/compatconfig, skipping
12-11 17:56:29.162  1248  1248 D CompatConfig: No directory /apex/com.android.media.swcodec/etc/compatconfig, skipping
12-11 17:56:29.162  1248  1248 D CompatConfig: No directory /apex/com.android.sdkext/etc/compatconfig, skipping
12-11 17:56:29.162  1248  1248 D CompatConfig: No directory /apex/com.android.tzdata/etc/compatconfig, skipping
12-11 17:56:29.162  1248  1248 D CompatConfig: No directory /apex/com.android.i18n/etc/compatconfig, skipping
12-11 17:56:29.162  1248  1248 D CompatConfig: No directory /apex/com.android.resolv/etc/compatconfig, skipping
12-11 17:56:29.162  1248  1248 D CompatConfig: No directory /apex/com.android.profiling/etc/compatconfig, skipping
12-11 17:56:29.162  1248  1248 D CompatConfig: No directory /apex/com.android.media/etc/compatconfig, skipping
12-11 17:56:29.162  1248  1248 D CompatConfig: No directory /apex/com.android.devicelock/etc/compatconfig, skipping
12-11 17:56:29.163  1248  1248 D CompatConfig: Found a config file: /apex/com.android.mediaprovider/etc/compatconfig/framework-pdf-v-platform-compat-config.xml
12-11 17:56:29.163  1248  1248 D CompatConfig: Adding: com.android.server.compat.config.Change@8ee7f13
12-11 17:56:29.163  1248  1248 D CompatConfig: Found a config file: /apex/com.android.mediaprovider/etc/compatconfig/media-provider-platform-compat-config.xml
12-11 17:56:29.164  1248  1248 D CompatConfig: Adding: com.android.server.compat.config.Change@625a349
12-11 17:56:29.164  1248  1248 D CompatConfig: Adding: com.android.server.compat.config.Change@93cf44e
12-11 17:56:29.164  1248  1248 D CompatConfig: Adding: com.android.server.compat.config.Change@3b7f96f
12-11 17:56:29.164  1248  1248 D CompatConfig: Adding: com.android.server.compat.config.Change@e2f367c
12-11 17:56:29.164  1248  1248 D CompatConfig: Adding: com.android.server.compat.config.Change@c9c2b05
12-11 17:56:29.164  1248  1248 D CompatConfig: Adding: com.android.server.compat.config.Change@e78075a
12-11 17:56:29.164  1248  1248 D CompatConfig: Adding: com.android.server.compat.config.Change@4f4bd8b
12-11 17:56:29.164  1248  1248 D CompatConfig: Adding: com.android.server.compat.config.Change@2773e68
12-11 17:56:29.164  1248  1248 D CompatConfig: No directory /apex/com.android.ondevicepersonalization/etc/compatconfig, skipping
12-11 17:56:29.164  1248  1248 D CompatConfig: No directory /apex/com.android.extservices/etc/compatconfig, skipping
12-11 17:56:29.164  1248  1248 D CompatConfig: No directory /apex/com.android.ipsec/etc/compatconfig, skipping
12-11 17:56:29.165  1248  1248 D CompatConfig: Found a config file: /apex/com.android.permission/etc/compatconfig/framework-permission-s-compat-config.xml
12-11 17:56:29.166  1248  1248 D CompatConfig: Adding: com.android.server.compat.config.Change@1f3f26
12-11 17:56:29.166  1248  1248 D CompatConfig: Found a config file: /apex/com.android.btservices/etc/compatconfig/bluetoothapk-platform-compat-config.xml
12-11 17:56:29.167  1248  1248 D CompatConfig: Adding: com.android.server.compat.config.Change@eb5d914
12-11 17:56:29.167  1248  1248 D CompatConfig: Found a config file: /apex/com.android.btservices/etc/compatconfig/bluetooth-compat-config.xml
12-11 17:56:29.167  1248  1248 D CompatConfig: Adding: com.android.server.compat.config.Change@7b027b2
12-11 17:56:29.167  1248  1248 D CompatConfig: Found a config file: /apex/com.android.btservices/etc/compatconfig/framework-bluetooth-compat-config.xml
12-11 17:56:29.168  1248  1248 D CompatConfig: Adding: com.android.server.compat.config.Change@5a17280
12-11 17:56:29.168  1248  1248 D CompatConfig: Adding: com.android.server.compat.config.Change@5a0f0b9
12-11 17:56:29.168  1248  1248 D CompatConfig: No directory /apex/com.android.cellbroadcast/etc/compatconfig, skipping
12-11 17:56:29.168  1248  1248 D CompatConfig: No directory /apex/com.android.adservices/etc/compatconfig, skipping
12-11 17:56:29.168  1248  1248 D CompatConfig: No directory /apex/com.android.appsearch/etc/compatconfig, skipping
12-11 17:56:29.168  1248  1248 D CompatConfig: No directory /apex/com.android.virt/etc/compatconfig, skipping
12-11 17:56:29.168  1248  1248 D CompatConfig: No directory /apex/com.android.os.statsd/etc/compatconfig, skipping
12-11 17:56:29.168  1248  1248 D CompatConfig: No directory /apex/com.android.adbd/etc/compatconfig, skipping
12-11 17:56:29.168  1248  1248 D CompatConfig: No directory /apex/com.android.runtime/etc/compatconfig, skipping
12-11 17:56:29.168  1248  1248 D CompatConfig: No directory /apex/com.android.hardware.boot/etc/compatconfig, skipping
12-11 17:56:29.170  1248  1248 D SystemServerTiming: StartFileIntegrityService
12-11 17:56:29.170  1248  1248 I SystemServiceManager: Starting com.android.server.security.FileIntegrityService
12-11 17:56:29.174  1248  1248 D SystemServerTiming: StartInstaller
12-11 17:56:29.174  1248  1248 I SystemServiceManager: Starting com.android.server.pm.Installer
12-11 17:56:29.179  1248  1248 D SystemServerTiming: DeviceIdentifiersPolicyService
12-11 17:56:29.179  1248  1248 I SystemServiceManager: Starting com.android.server.os.DeviceIdentifiersPolicyService
12-11 17:56:29.180  1248  1248 D SystemServerTiming: StartFeatureFlagsService
12-11 17:56:29.180  1248  1248 I SystemServiceManager: Starting com.android.server.flags.FeatureFlagsService
12-11 17:56:29.180  1248  1248 D FeatureFlagsService: Started Feature Flag Service
12-11 17:56:29.182  1248  1248 D SystemServerTiming: UriGrantsManagerService
12-11 17:56:29.182  1248  1248 I SystemServiceManager: Starting com.android.server.uri.UriGrantsManagerService$Lifecycle
12-11 17:56:29.183  1248  1248 D SystemServerTiming: StartPowerStatsService
12-11 17:56:29.183  1248  1248 I SystemServiceManager: Starting com.android.server.powerstats.PowerStatsService
12-11 17:56:29.187  1248  1248 D SystemServerTiming: StartIStatsService
12-11 17:56:29.190  1248  1248 D SystemServerTiming: MemtrackProxyService
12-11 17:56:29.192  1248  1248 D SystemServerTiming: StartAccessCheckingService
12-11 17:56:29.192  1248  1248 I SystemServiceManager: Starting com.android.server.permission.access.AccessCheckingService
12-11 17:56:29.193  1248  1248 D SystemServerTiming: StartActivityManager
12-11 17:56:29.193  1248  1248 I SystemServiceManager: Starting com.android.server.wm.ActivityTaskManagerService$Lifecycle
12-11 17:56:29.194  1248  1284 I SystemConfig: Reading permissions from /vendor/etc/permissions/android.hardware.keystore.app_attest_key.xml
12-11 17:56:29.195  1248  1284 I SystemConfig: Reading permissions from /vendor/etc/permissions/android.hardware.usb.accessory.xml
12-11 17:56:29.195  1248  1284 I SystemConfig: Reading permissions from /vendor/etc/permissions/android.hardware.wifi.direct.xml
12-11 17:56:29.195  1248  1284 I SystemConfig: Reading permissions from /vendor/etc/permissions/android.software.opengles.deqp.level.xml
12-11 17:56:29.196  1248  1284 I SystemConfig: Reading permissions from /vendor/etc/permissions/android.hardware.opengles.aep.xml
12-11 17:56:29.196  1248  1248 I SystemServiceManager: Starting com.android.server.am.ActivityManagerService$Lifecycle
12-11 17:56:29.196  1248  1284 I SystemConfig: Reading permissions from /vendor/etc/permissions/android.hardware.vulkan.level.xml
12-11 17:56:29.196  1248  1284 I SystemConfig: Reading permissions from /vendor/etc/permissions/android.hardware.sensor.compass.xml
12-11 17:56:29.197  1248  1284 I SystemConfig: Reading permissions from /vendor/etc/permissions/android.hardware.faketouch.xml
12-11 17:56:29.197  1248  1284 I SystemConfig: Reading permissions from /vendor/etc/permissions/android.software.vulkan.deqp.level.xml
12-11 17:56:29.198  1248  1248 I ActivityManager: Memory class: 256
12-11 17:56:29.198  1248  1284 I SystemConfig: Reading permissions from /vendor/etc/permissions/handheld_core_hardware.xml
12-11 17:56:29.198  1248  1284 I SystemConfig: Reading permissions from /vendor/etc/permissions/android.hardware.touchscreen.multitouch.jazzhand.xml
12-11 17:56:29.199  1248  1284 I SystemConfig: Reading permissions from /vendor/etc/permissions/android.hardware.camera.full.xml
12-11 17:56:29.199  1248  1284 I SystemConfig: Reading permissions from /vendor/etc/permissions/android.hardware.audio.low_latency.xml
12-11 17:56:29.199  1248  1284 I SystemConfig: Reading permissions from /vendor/etc/permissions/android.hardware.camera.flash-autofocus.xml
12-11 17:56:29.200  1248  1284 I SystemConfig: Reading permissions from /vendor/etc/permissions/android.hardware.sensor.proximity.xml
12-11 17:56:29.200  1248  1291 I Binder  : Setting heavy hitter watcher config: false, 0, 0.0
12-11 17:56:29.200  1248  1284 I SystemConfig: Reading permissions from /vendor/etc/permissions/android.hardware.telephony.gsm.xml
12-11 17:56:29.200  1248  1284 I SystemConfig: Reading permissions from /vendor/etc/permissions/android.hardware.bluetooth.xml
12-11 17:56:29.201  1248  1284 I SystemConfig: Reading permissions from /vendor/etc/permissions/android.hardware.wifi.passpoint.xml
12-11 17:56:29.201  1248  1284 I SystemConfig: Reading permissions from /vendor/etc/permissions/android.hardware.camera.front.xml
12-11 17:56:29.202  1248  1284 I SystemConfig: Reading permissions from /vendor/etc/permissions/android.hardware.sensor.stepdetector.xml
12-11 17:56:29.202  1248  1284 I SystemConfig: Reading permissions from /vendor/etc/permissions/android.hardware.touchscreen.multitouch.distinct.xml
12-11 17:56:29.202  1248  1284 I SystemConfig: Reading permissions from /vendor/etc/permissions/android.hardware.camera.xml
12-11 17:56:29.203  1248  1284 I SystemConfig: Reading permissions from /vendor/etc/permissions/android.hardware.location.gps.xml
12-11 17:56:29.203  1248  1284 I SystemConfig: Reading permissions from /vendor/etc/permissions/android.hardware.sensor.gyroscope.xml
12-11 17:56:29.204  1248  1284 I SystemConfig: Reading permissions from /vendor/etc/permissions/android.hardware.sensor.light.xml
12-11 17:56:29.204  1248  1284 I SystemConfig: Reading permissions from /vendor/etc/permissions/android.hardware.vulkan.compute.xml
12-11 17:56:29.204  1248  1284 I SystemConfig: Reading permissions from /vendor/etc/permissions/android.hardware.sensor.accelerometer.xml
12-11 17:56:29.205  1248  1284 I SystemConfig: Reading permissions from /vendor/etc/permissions/android.hardware.vulkan.version.xml
12-11 17:56:29.205  1248  1284 I SystemConfig: Reading permissions from /vendor/etc/permissions/android.hardware.sensor.stepcounter.xml
12-11 17:56:29.206  1248  1284 I SystemConfig: Reading permissions from /vendor/etc/permissions/android.hardware.bluetooth_le.xml
12-11 17:56:29.206  1248  1284 I SystemConfig: Reading permissions from /vendor/etc/permissions/android.software.midi.xml
12-11 17:56:29.206  1248  1284 I SystemConfig: Reading permissions from /vendor/etc/permissions/android.software.ipsec_tunnels.xml
12-11 17:56:29.207  1248  1284 I SystemConfig: Reading permissions from /vendor/etc/permissions/android.hardware.touchscreen.xml
12-11 17:56:29.207  1248  1284 I SystemConfig: Reading permissions from /vendor/etc/permissions/android.hardware.se.omapi.uicc.xml
12-11 17:56:29.208  1248  1284 I SystemConfig: Reading permissions from /vendor/etc/permissions/android.hardware.wifi.xml
12-11 17:56:29.208  1248  1284 I SystemConfig: Reading permissions from /vendor/etc/permissions/android.software.verified_boot.xml
12-11 17:56:29.208  1248  1284 I SystemConfig: Reading permissions from /vendor/etc/permissions/android.hardware.usb.host.xml
12-11 17:56:29.209  1248  1284 I SystemConfig: Reading permissions from /vendor/etc/permissions/android.hardware.touchscreen.multitouch.xml
12-11 17:56:29.209  1248  1284 I SystemConfig: Reading permissions from /vendor/etc/permissions/android.hardware.telephony.ims.xml
12-11 17:56:29.210  1248  1284 I SystemConfig: Reading permissions from /product/etc/sysconfig/initial-package-stopped-states-org.lineageos.twelve.xml
12-11 17:56:29.211  1248  1284 I SystemConfig: Reading permissions from /product/etc/sysconfig/preinstalled-packages-org.lineageos.aperture.xml
12-11 17:56:29.211  1248  1284 I SystemConfig: Reading permissions from /product/etc/sysconfig/preinstalled-packages-platform-telephony-product.xml
12-11 17:56:29.211  1248  1284 I SystemConfig: Reading permissions from /product/etc/sysconfig/preinstalled-packages-org.lineageos.twelve.xml
12-11 17:56:29.212  1248  1284 I SystemConfig: Reading permissions from /product/etc/sysconfig/lineage-sysconfig.xml
12-11 17:56:29.212  1248  1284 I SystemConfig: Reading permissions from /product/etc/sysconfig/com.android.deskclock_allowlist.xml
12-11 17:56:29.212  1248  1284 I SystemConfig: Reading permissions from /product/etc/sysconfig/preinstalled-packages-org.lineageos.glimpse.xml
12-11 17:56:29.213  1248  1284 I SystemConfig: Reading permissions from /product/etc/sysconfig/com.android.messaging.allowlist.xml
12-11 17:56:29.213  1248  1284 I SystemConfig: Reading permissions from /product/etc/sysconfig/org.lineageos.etar.allowlist.xml
12-11 17:56:29.213  1248  1284 I SystemConfig: Reading permissions from /product/etc/sysconfig/preinstalled-packages-platform-overlays.xml
12-11 17:56:29.214  1248  1284 I SystemConfig: Reading permissions from /product/etc/sysconfig/initial-package-stopped-states-org.lineageos.glimpse.xml
12-11 17:56:29.215  1248  1284 I SystemConfig: Reading permissions from /product/etc/sysconfig/initial-package-stopped-states-org.lineageos.etar.xml
12-11 17:56:29.215  1248  1284 I SystemConfig: Reading permissions from /product/etc/sysconfig/lineage-component-overrides.xml
12-11 17:56:29.215  1248  1284 I SystemConfig: Reading permissions from /product/etc/sysconfig/preinstalled-packages-org.lineageos.jelly.xml
12-11 17:56:29.216  1248  1284 I SystemConfig: Reading permissions from /product/etc/sysconfig/preinstalled-packages-org.lineageos.etar.xml
12-11 17:56:29.216  1248  1284 I SystemConfig: Reading permissions from /product/etc/sysconfig/preinstalled-packages-platform-handheld-product.xml
12-11 17:56:29.217  1248  1284 I SystemConfig: Reading permissions from /product/etc/sysconfig/initial-package-stopped-states-org.lineageos.jelly.xml
12-11 17:56:29.217  1248  1284 I SystemConfig: Reading permissions from /product/etc/sysconfig/initial-package-stopped-states-org.lineageos.aperture.xml
12-11 17:56:29.218  1248  1284 I SystemConfig: Reading permissions from /product/etc/permissions/com.android.dialer.xml
12-11 17:56:29.218  1248  1284 I SystemConfig: Reading permissions from /product/etc/permissions/privapp_whitelist_com.android.dialer-ext.xml
12-11 17:56:29.219  1248  1284 I SystemConfig: Reading permissions from /product/etc/permissions/android.software.sip.voip.xml
12-11 17:56:29.219  1248  1284 I SystemConfig: Reading permissions from /product/etc/permissions/com.android.contacts.xml
12-11 17:56:29.219  1248  1284 I SystemConfig: Reading permissions from /product/etc/permissions/org.lineageos.livedisplay.xml
12-11 17:56:29.220  1248  1284 I SystemConfig: Reading permissions from /product/etc/permissions/org.lineageos.health.xml
12-11 17:56:29.220  1248  1284 I SystemConfig: Reading permissions from /product/etc/permissions/org.lineageos.settings.xml
12-11 17:56:29.221  1248  1284 I SystemConfig: Reading permissions from /product/etc/permissions/org.lineageos.hardware.xml
12-11 17:56:29.221  1248  1284 I SystemConfig: Reading permissions from /product/etc/permissions/org.lineageos.globalactions.xml
12-11 17:56:29.222  1248  1284 I SystemConfig: Reading permissions from /product/etc/permissions/org.lineageos.trust.xml
12-11 17:56:29.222  1248  1284 I SystemConfig: Reading permissions from /product/etc/permissions/org.lineageos.android.xml
12-11 17:56:29.223  1248  1284 I SystemConfig: Reading permissions from /product/etc/permissions/com.android.settings.intelligence.xml
12-11 17:56:29.223  1248  1284 I SystemConfig: Reading permissions from /product/etc/permissions/org.lineageos.profiles.xml
12-11 17:56:29.224  1248  1284 I SystemConfig: Reading permissions from /product/etc/permissions/com.android.imsserviceentitlement.xml
12-11 17:56:29.225  1248  1284 I SystemConfig: Reading permissions from /system_ext/etc/sysconfig/android.telephony.satellite.xml
12-11 17:56:29.225  1248  1284 I SystemConfig: Reading permissions from /system_ext/etc/sysconfig/allowlist_com.stevesoltys.seedvault.xml
12-11 17:56:29.226  1248  1284 I SystemConfig: Reading permissions from /system_ext/etc/permissions/com.android.settings.xml
12-11 17:56:29.227  1248  1284 I SystemConfig: Reading permissions from /system_ext/etc/permissions/androidx.window.sidecar.xml
12-11 17:56:29.227  1248  1284 I SystemConfig: Reading permissions from /system_ext/etc/permissions/mediatek-common.xml
12-11 17:56:29.227  1248  1284 I SystemConfig: Ignore shared library mediatek-common: /system_ext/framework/mediatek-common.jar does not exist
12-11 17:56:29.227  1248  1284 I SystemConfig: Reading permissions from /system_ext/etc/permissions/mediatek-ims-base.xml
12-11 17:56:29.228  1248  1284 I SystemConfig: Ignore shared library mediatek-ims-base: /system_ext/framework/mediatek-ims-base.jar does not exist
12-11 17:56:29.228  1248  1284 I SystemConfig: Reading permissions from /system_ext/etc/permissions/privapp_whitelist_org.lineageos.updater.xml
12-11 17:56:29.228  1248  1284 I SystemConfig: Reading permissions from /system_ext/etc/permissions/androidx.window.extensions.xml
12-11 17:56:29.229  1248  1284 I SystemConfig: Reading permissions from /system_ext/etc/permissions/com.android.launcher3.xml
12-11 17:56:29.229  1248  1284 I SystemConfig: Reading permissions from /system_ext/etc/permissions/permissions_com.stevesoltys.seedvault.xml
12-11 17:56:29.230  1248  1284 I SystemConfig: Reading permissions from /system_ext/etc/permissions/privapp_whitelist_org.lineageos.profiles.xml
12-11 17:56:29.230  1248  1284 I SystemConfig: Reading permissions from /system_ext/etc/permissions/privapp-permissions-com.mediatek.ims.xml
12-11 17:56:29.231  1248  1284 I SystemConfig: Reading permissions from /system_ext/etc/permissions/mediatek-telephony-base.xml
12-11 17:56:29.231  1248  1284 I SystemConfig: Ignore shared library mediatek-telephony-base: /system_ext/framework/mediatek-telephony-base.jar does not exist
12-11 17:56:29.231  1248  1284 I SystemConfig: Reading permissions from /system_ext/etc/permissions/com.android.emergency.xml
12-11 17:56:29.231  1248  1284 I SystemConfig: Reading permissions from /system_ext/etc/permissions/com.android.carrierconfig.xml
12-11 17:56:29.232  1248  1284 I SystemConfig: Reading permissions from /system_ext/etc/permissions/privapp_whitelist_org.lineageos.lineageparts.xml
12-11 17:56:29.232  1248  1284 I SystemConfig: Reading permissions from /system_ext/etc/permissions/mediatek-telecom-common.xml
12-11 17:56:29.233  1248  1284 I SystemConfig: Ignore shared library mediatek-telecom-common: /system_ext/framework/mediatek-telecom-common.jar does not exist
12-11 17:56:29.233  1248  1284 I SystemConfig: Reading permissions from /system_ext/etc/permissions/mediatek-telephony-common.xml
12-11 17:56:29.233  1248  1284 I SystemConfig: Ignore shared library mediatek-telephony-common: /system_ext/framework/mediatek-telephony-common.jar does not exist
12-11 17:56:29.233  1248  1284 I SystemConfig: Reading permissions from /system_ext/etc/permissions/privapp_whitelist_org.lineageos.audiofx.xml
12-11 17:56:29.234  1248  1284 I SystemConfig: Reading permissions from /system_ext/etc/permissions/privapp_whitelist_org.lineageos.setupwizard.xml
12-11 17:56:29.234  1248  1284 I SystemConfig: Reading permissions from /system_ext/etc/permissions/android.software.theme_picker.xml
12-11 17:56:29.234  1248  1284 I SystemConfig: Reading permissions from /system_ext/etc/permissions/com.android.systemui.xml
12-11 17:56:29.235  1248  1284 I SystemConfig: Reading permissions from /system_ext/etc/permissions/com.android.storagemanager.xml
12-11 17:56:29.235  1248  1284 I SystemConfig: Reading permissions from /system_ext/etc/permissions/privapp_whitelist_org.lineageos.lineagesettings.xml
12-11 17:56:29.236  1248  1284 I SystemConfig: Reading permissions from /system_ext/etc/permissions/com.android.launcher3-extra.xml
12-11 17:56:29.236  1248  1284 I SystemConfig: Reading permissions from /system_ext/etc/permissions/privapp-permissions-com.mediatek.engineermode.xml
12-11 17:56:29.237  1248  1284 I SystemConfig: Reading permissions from /system_ext/etc/permissions/mediatek-framework.xml
12-11 17:56:29.237  1248  1284 I SystemConfig: Ignore shared library mediatek-framework: /system_ext/framework/mediatek-framework.jar does not exist
12-11 17:56:29.237  1248  1284 I SystemConfig: Reading permissions from /system_ext/etc/permissions/mediatek-ims-common.xml
12-11 17:56:29.238  1248  1284 I SystemConfig: Ignore shared library mediatek-ims-common: /system_ext/framework/mediatek-ims-common.jar does not exist
12-11 17:56:29.238  1248  1284 I SystemConfig: Reading permissions from /apex/com.android.tethering/etc/permissions/permissions.xml
12-11 17:56:29.240  1248  1284 I SystemConfig: Reading permissions from /apex/com.android.mediaprovider/etc/permissions/com.android.photopicker.xml
12-11 17:56:29.241  1248  1284 I SystemConfig: Reading permissions from /apex/com.android.mediaprovider/etc/permissions/com.android.providers.media.module.xml
12-11 17:56:29.242  1248  1284 I SystemConfig: Reading permissions from /apex/com.android.extservices/etc/permissions/android.ext_sminus.services.xml
12-11 17:56:29.244  1248  1284 I SystemConfig: Reading permissions from /apex/com.android.cellbroadcast/etc/permissions/com.android.cellbroadcastreceiver.module.xml
12-11 17:56:29.244  1248  1284 I SystemConfig: Reading permissions from /apex/com.android.cellbroadcast/etc/permissions/com.android.cellbroadcastservice.xml
12-11 17:56:29.245  1248  1284 I SystemConfig: Reading permissions from /apex/com.android.adservices/etc/permissions/com.android.adservices.api.xml
12-11 17:56:29.246  1248  1284 I SystemConfig: Reading permissions from /apex/com.android.nfcservices/etc/permissions/com.android.nfc.xml
12-11 17:56:29.247  1248  1284 I SystemConfig: Reading permissions from /apex/com.android.permission/etc/permissions/com.android.permissioncontroller.xml
12-11 17:56:29.248  1248  1284 I SystemConfig: Reading permissions from /apex/com.android.ipsec/etc/permissions/android.net.ipsec.ike.xml
12-11 17:56:29.249  1248  1284 I SystemConfig: Reading permissions from /apex/com.android.devicelock/etc/permissions/com.android.devicelockcontroller.xml
12-11 17:56:29.250  1248  1284 I SystemConfig: Reading permissions from /apex/com.android.healthfitness/etc/permissions/com.android.healthconnect.controller.xml
12-11 17:56:29.250  1248  1284 I SystemConfig: Reading permissions from /apex/com.android.btservices/etc/permissions/com.android.bluetooth.xml
12-11 17:56:29.251  1248  1284 I SystemConfig: Reading permissions from /apex/com.android.apex.cts.shim/etc/permissions/signature-permission-allowlist.xml
12-11 17:56:29.261  1248  1248 I PackageWatchdog: Updated health check state for package com.mediatek.ims: INACTIVE -> PASSED
12-11 17:56:29.264  1248  1248 W PowerProfile: ambient.on is deprecated! Use ambient.on.display0 instead.
12-11 17:56:29.264  1248  1248 W PowerProfile: screen.on is deprecated! Use screen.on.display0 instead.
12-11 17:56:29.264  1248  1248 W PowerProfile: screen.full is deprecated! Use screen.full.display0 instead.
12-11 17:56:29.264  1248  1248 W ModemPowerProfile: getAverageBatteryDrainMaH called with unexpected key: 0x0, drain:SLEEP,RAT:DEFAULT
12-11 17:56:29.264  1248  1248 W ModemPowerProfile: getAverageBatteryDrainMaH called with unexpected key: 0x10000000, drain:IDLE,RAT:DEFAULT
12-11 17:56:29.264  1248  1248 W ModemPowerProfile: getAverageBatteryDrainMaH called with unexpected key: 0x20000000, drain:RX,RAT:DEFAULT
12-11 17:56:29.264  1248  1248 W ModemPowerProfile: getAverageBatteryDrainMaH called with unexpected key: 0x30000000, drain:TX,level:0,RAT:DEFAULT
12-11 17:56:29.264  1248  1248 W ModemPowerProfile: getAverageBatteryDrainMaH called with unexpected key: 0x31000000, drain:TX,level:1,RAT:DEFAULT
12-11 17:56:29.264  1248  1248 W ModemPowerProfile: getAverageBatteryDrainMaH called with unexpected key: 0x32000000, drain:TX,level:2,RAT:DEFAULT
12-11 17:56:29.264  1248  1248 W ModemPowerProfile: getAverageBatteryDrainMaH called with unexpected key: 0x33000000, drain:TX,level:3,RAT:DEFAULT
12-11 17:56:29.264  1248  1248 W ModemPowerProfile: getAverageBatteryDrainMaH called with unexpected key: 0x34000000, drain:TX,level:4,RAT:DEFAULT
12-11 17:56:29.264  1248  1294 E OomConnection: failed waiting for OOM events: java.lang.RuntimeException: listener failed to register to OOM events
12-11 17:56:29.269  1248  1248 D BatteryStatsImpl: Reading daily items from /data/system/batterystats-daily.xml
12-11 17:56:29.307  1248  1248 I IntentFirewall: Read new rules (A:0 B:0 S:0)
12-11 17:56:29.309  1248  1248 D OomAdjuster: Not killing cached processes
12-11 17:56:29.310  1248  1248 D AppOps  : AppOpsService published
12-11 17:56:29.312  1248  1271 W android.permission.PermissionManager: Missing ActivityManager; assuming 1047 does not hold android.permission.MANAGE_APP_OPS_MODES
12-11 17:56:29.312  1248  1248 D SystemServerTiming: StartDataLoaderManagerService
12-11 17:56:29.312  1248  1248 I SystemServiceManager: Starting com.android.server.pm.DataLoaderManagerService
12-11 17:56:29.313  1248  1248 D SystemServerTiming: StartIncrementalService
12-11 17:56:29.315  1248  1248 D SystemServerTiming: StartPowerManager
12-11 17:56:29.315  1248  1248 I SystemServiceManager: Starting com.android.server.power.PowerManagerService
12-11 17:56:31.870  1248  1248 D SystemServerTiming: StartThermalManager
12-11 17:56:31.870  1248  1248 I SystemServiceManager: Starting com.android.server.power.ThermalManagerService
12-11 17:56:31.871  1248  1248 D SystemServerTiming: InitPowerManagement
12-11 17:56:31.874  1248  1248 D SystemServerTiming: StartRecoverySystemService
12-11 17:56:31.874  1248  1248 I SystemServiceManager: Starting com.android.server.recoverysystem.RecoverySystemService$Lifecycle
12-11 17:56:31.876  1248  1248 D SystemServerTiming: StartLightsService
12-11 17:56:31.876  1248  1248 I SystemServiceManager: Starting com.android.server.lights.LightsService
12-11 17:56:31.880  1248  1248 D SystemServerTiming: StartDisplayOffloadService
12-11 17:56:31.880  1248  1248 D SystemServerTiming: StartDisplayManager
12-11 17:56:31.880  1248  1248 I SystemServiceManager: Starting com.android.server.display.DisplayManagerService
12-11 17:56:31.888  1248  1248 D PluginManager: PluginManager disabled
12-11 17:56:31.891  1248  1248 D SystemServerTiming: WaitForDisplay
12-11 17:56:31.891  1248  1248 I SystemServiceManager: Starting phase 100
12-11 17:56:31.891  1248  1248 D SystemServerTiming: OnBootPhase_100
12-11 17:56:31.891  1248  1248 D SystemServerTiming: OnBootPhase_100_com.android.server.security.FileIntegrityService
12-11 17:56:31.891  1248  1248 D SystemServerTiming: OnBootPhase_100_com.android.server.pm.Installer
12-11 17:56:31.891  1248  1248 D SystemServerTiming: OnBootPhase_100_com.android.server.os.DeviceIdentifiersPolicyService
12-11 17:56:31.891  1248  1248 D SystemServerTiming: OnBootPhase_100_com.android.server.flags.FeatureFlagsService
12-11 17:56:31.891  1248  1248 D SystemServerTiming: OnBootPhase_100_com.android.server.uri.UriGrantsManagerService$Lifecycle
12-11 17:56:31.891  1248  1248 D SystemServerTiming: OnBootPhase_100_com.android.server.powerstats.PowerStatsService
12-11 17:56:31.891  1248  1248 D SystemServerTiming: OnBootPhase_100_com.android.server.permission.access.AccessCheckingService
12-11 17:56:31.891  1248  1248 D SystemServerTiming: OnBootPhase_100_com.android.server.wm.ActivityTaskManagerService$Lifecycle
12-11 17:56:31.891  1248  1248 D SystemServerTiming: OnBootPhase_100_com.android.server.am.ActivityManagerService$Lifecycle
12-11 17:56:31.891  1248  1248 D SystemServerTiming: OnBootPhase_100_com.android.server.pm.DataLoaderManagerService
12-11 17:56:31.891  1248  1248 D SystemServerTiming: OnBootPhase_100_com.android.server.power.PowerManagerService
12-11 17:56:31.891  1248  1248 D SystemServerTiming: OnBootPhase_100_com.android.server.power.ThermalManagerService
12-11 17:56:31.891  1248  1248 D SystemServerTiming: OnBootPhase_100_com.android.server.recoverysystem.RecoverySystemService$Lifecycle
12-11 17:56:31.891  1248  1248 D SystemServerTiming: OnBootPhase_100_com.android.server.lights.LightsService
12-11 17:56:31.891  1248  1248 D SystemServerTiming: OnBootPhase_100_com.android.server.display.DisplayManagerService
12-11 17:56:31.896  1248  1280 E LocalDisplayAdapter: Can't find display mode with id -1
12-11 17:56:31.896  1248  1280 W LocalDisplayAdapter: DisplayModeSpecs base mode no longer available, using currently active mode.
12-11 17:56:31.898  1248  1280 E DisplayManagerService: Default display is null for info request from uid 1000
12-11 17:56:31.905  1248  1280 I DisplayDeviceRepository: Display device added: DisplayDeviceInfo{"Built-in Screen": uniqueId="local:0", 1200 x 1920, modeId 1, renderFrameRate 60.0, hasArrSupport false, frameRateCategoryRate FrameRateCategoryRate {normal=60.0, high=90.0}, supportedRefreshRates [], defaultModeId 1, userPreferredModeId -1, supportedModes [{id=1, width=1200, height=1920, fps=60.0, vsync=60.0, synthetic=false, alternativeRefreshRates=[], supportedHdrTypes=[]}], colorMode 0, supportedColorModes [0], hdrCapabilities HdrCapabilities{mSupportedHdrTypes=[], mMaxLuminance=500.0, mMaxAverageLuminance=500.0, mMinLuminance=0.0}, isForceSdr false, allmSupported false, gameContentTypeSupported false, density 280, 213.146 x 204.907 dpi, appVsyncOff 2400001, presDeadline 28600000, touch INTERNAL, rotation 0, type INTERNAL, address {port=0}, deviceProductInfo null, state UNKNOWN, committedState UNKNOWN, frameRateOverride , brightnessMinimum 0.0, brightnessMaximum 1.0, brightnessDefault 0.515, brightnessDim 0.05, hdrSdrRatio NaN, FLAG_ALLOWED_TO_BE_DEFAULT_DISPLAY, FLAG_ROTATES_WITH_CONTENT, FLAG_SECURE, FLAG_SUPPORTS_PROTECTED_BUFFERS, FLAG_TRUSTED, installOrientation 0, displayShape DisplayShape{ spec=1237991957 displayWidth=1200 displayHeight=1920 physicalPixelDisplaySizeRatio=1.0 rotation=0 offsetX=0 offsetY=0 scale=1.0}}
12-11 17:56:31.906  1248  1280 I LogicalDisplayMapper: Applying layout: [{dispId: 0(ON), displayGroupName: , addr: {port=0}, mThermalBrightnessThrottlingMapId: null, mRefreshRateZoneId: null, mLeadDisplayId: -1, mLeadDisplayAddress: null, mThermalRefreshRateThrottlingMapId: null, mPowerThrottlingMapId: null}], Previous layout: null
12-11 17:56:31.906  1248  1280 I LogicalDisplayMapper: Setting new display group 0 for display 0, from previous group: null
12-11 17:56:31.912  1248  1248 D SystemServerTiming: StartDomainVerificationService
12-11 17:56:31.913  1248  1248 D SystemServerTiming: StartPackageManagerService
12-11 17:56:31.913  1248  1248 I Watchdog: Pausing HandlerChecker: main thread for reason: packagemanagermain. Pause count: 1
12-11 17:56:31.914  1248  1248 D PackageManagerTiming: create package manager
12-11 17:56:31.916  1248  1248 D PackageManagerTiming: createSubComponents
12-11 17:56:31.923  1248  1248 I UserManagerService: Upgrading users from userVersion 11 to 11
12-11 17:56:31.931  1248  1248 D PackageManagerTiming: get system config
12-11 17:56:31.931  1248  1248 D PackageManagerTiming: addSharedUsers
12-11 17:56:31.934  1248  1248 D SELinuxMMAC: Using policy file /system/etc/selinux/plat_mac_permissions.xml
12-11 17:56:31.937  1248  1248 D SELinuxMMAC: Using policy file /system_ext/etc/selinux/system_ext_mac_permissions.xml
12-11 17:56:31.937  1248  1248 D SELinuxMMAC: Using policy file /product/etc/selinux/product_mac_permissions.xml
12-11 17:56:31.937  1248  1248 D SELinuxMMAC: Using policy file /vendor/etc/selinux/vendor_mac_permissions.xml
12-11 17:56:31.938  1248  1248 D SELinuxMMAC: Using policy file /odm/etc/selinux/odm_mac_permissions.xml
12-11 17:56:31.938  1248  1248 D PackageManagerTiming: loadFallbacks
12-11 17:56:31.939  1248  1248 V Configuration: Updating configuration, locales updated from [] to [en_US]
12-11 17:56:31.939  1248  1248 D PackageManagerTiming: read user settings
12-11 17:56:31.998  1248  1248 W android.permission.PermissionManager: Missing ActivityManager; assuming 1000 holds android.permission.SET_PREFERRED_APPLICATIONS
12-11 17:56:32.002  1248  1248 W PackageManager: No package known for package restrictions com.android.configinfrastructure
12-11 17:56:32.003  1248  1248 W PackageManager: No package known for package restrictions com.android.appsearch
12-11 17:56:32.004  1248  1248 W PackageManager: No package known for package restrictions com.android.hardware.boot
12-11 17:56:32.007  1248  1248 W PackageManager: No package known for package restrictions com.android.adservices
12-11 17:56:32.008  1248  1248 W PackageManager: No package known for package restrictions com.android.scheduling
12-11 17:56:32.009  1248  1248 W PackageManager: No package known for package restrictions com.android.permission
12-11 17:56:32.011  1248  1248 W PackageManager: No package known for package restrictions com.android.profiling
12-11 17:56:32.015  1248  1248 W PackageManager: No package known for package restrictions com.android.art
12-11 17:56:32.016  1248  1248 W PackageManager: No package known for package restrictions com.android.uwb
12-11 17:56:32.017  1248  1248 W PackageManager: No package known for package restrictions com.android.tethering
12-11 17:56:32.019  1248  1248 W PackageManager: No package known for package restrictions com.android.btservices
12-11 17:56:32.019  1248  1248 W PackageManager: No package known for package restrictions com.android.media.swcodec
12-11 17:56:32.019  1248  1248 W PackageManager: No package known for package restrictions com.android.conscrypt
12-11 17:56:32.026  1248  1248 W PackageManager: No package known for package restrictions com.android.adbd
12-11 17:56:32.027  1248  1248 W PackageManager: No package known for package restrictions com.android.i18n
12-11 17:56:32.027  1248  1248 W PackageManager: No package known for package restrictions com.android.rkpd
12-11 17:56:32.027  1248  1248 W PackageManager: No package known for package restrictions com.android.virt
12-11 17:56:32.027  1248  1248 W PackageManager: No package known for package restrictions com.android.wifi
12-11 17:56:32.030  1248  1248 W PackageManager: No package known for package restrictions com.android.runtime
12-11 17:56:32.030  1248  1248 W PackageManager: No package known for package restrictions com.android.devicelock
12-11 17:56:32.031  1248  1248 W PackageManager: No package known for package restrictions com.android.apex.cts.shim
12-11 17:56:32.033  1248  1248 W PackageManager: No package known for package restrictions com.android.neuralnetworks
12-11 17:56:32.035  1248  1248 W PackageManager: No package known for package restrictions com.android.healthfitness
12-11 17:56:32.042  1248  1248 W PackageManager: No package known for package restrictions com.android.resolv
12-11 17:56:32.042  1248  1248 W PackageManager: No package known for package restrictions com.android.sdkext
12-11 17:56:32.043  1248  1248 W PackageManager: No package known for package restrictions com.android.tzdata
12-11 17:56:32.047  1248  1248 W PackageManager: No package known for package restrictions com.android.os.statsd
12-11 17:56:32.047  1248  1248 W PackageManager: No package known for package restrictions com.android.extservices
12-11 17:56:32.048  1248  1248 W PackageManager: No package known for package restrictions com.android.cellbroadcast
12-11 17:56:32.051  1248  1248 W PackageManager: No package known for package restrictions com.android.ipsec
12-11 17:56:32.051  1248  1248 W PackageManager: No package known for package restrictions com.android.media
12-11 17:56:32.054  1248  1248 W PackageManager: No package known for package restrictions com.android.mediaprovider
12-11 17:56:32.058  1248  1248 W PackageManager: No package known for package restrictions com.android.nfcservices
12-11 17:56:32.059  1248  1248 W PackageManager: No package known for package restrictions com.android.ondevicepersonalization
12-11 17:56:32.064  1248  1248 W PackageSettings: Missing permission state for package com.android.cts.priv.ctsshim on user 0
12-11 17:56:32.064  1248  1248 W PackageSettings: Missing permission state for package com.android.uwb.resources on user 0
12-11 17:56:32.065  1248  1248 W PackageSettings: Missing permission state for package com.android.internal.display.cutout.emulation.corner on user 0
12-11 17:56:32.065  1248  1248 W PackageSettings: Missing permission state for package com.android.adservices.api on user 0
12-11 17:56:32.065  1248  1248 W PackageSettings: Missing permission state for package org.lineageos.overlay.customization.blacktheme on user 0
12-11 17:56:32.065  1248  1248 W PackageSettings: Missing permission state for package com.android.internal.display.cutout.emulation.double on user 0
12-11 17:56:32.065  1248  1248 W PackageSettings: Missing permission state for package com.android.theme.icon.pebble on user 0
12-11 17:56:32.065  1248  1248 W PackageSettings: Missing permission state for package com.android.healthconnect.controller on user 0
12-11 17:56:32.065  1248  1248 W PackageSettings: Missing permission state for package com.stevesoltys.seedvault on user 0
12-11 17:56:32.065  1248  1248 W PackageSettings: Missing permission state for package com.android.theme.icon.square on user 0
12-11 17:56:32.065  1248  1248 W PackageSettings: Missing permission state for package com.android.health.connect.backuprestore on user 0
12-11 17:56:32.065  1248  1248 W PackageSettings: Missing permission state for package com.android.virtualmachine.res on user 0
12-11 17:56:32.065  1248  1248 W PackageSettings: Missing permission state for package com.android.managedprovisioning.auto_generated_rro_product__ on user 0
12-11 17:56:32.065  1248  1248 W PackageSettings: Missing permission state for package com.android.theme.icon.vessel on user 0
12-11 17:56:32.065  1248  1248 W PackageSettings: Missing permission state for package com.android.theme.icon_pack.victor.settings on user 0
12-11 17:56:32.065  1248  1248 W PackageSettings: Missing permission state for package com.android.theme.icon_pack.rounded.systemui on user 0
12-11 17:56:32.065  1248  1248 W PackageSettings: Missing permission state for package com.android.theme.icon.taperedrect on user 0
12-11 17:56:32.065  1248  1248 W PackageSettings: Missing permission state for package com.android.documentsui on user 0
12-11 17:56:32.065  1248  1248 W PackageSettings: Missing permission state for package com.android.externalstorage on user 0
12-11 17:56:32.065  1248  1248 W PackageSettings: Missing permission state for package com.android.server.deviceconfig.resources on user 0
12-11 17:56:32.065  1248  1248 W PackageSettings: Missing permission state for package com.android.htmlviewer on user 0
12-11 17:56:32.065  1248  1248 W PackageSettings: Missing permission state for package com.android.companiondevicemanager on user 0
12-11 17:56:32.065  1248  1248 W PackageSettings: Missing permission state for package org.lineageos.lineageparts.auto_generated_rro_product__ on user 0
12-11 17:56:32.065  1248  1248 W PackageSettings: Missing permission state for package com.android.messaging on user 0
12-11 17:56:32.065  1248  1248 W PackageSettings: Missing permission state for package com.android.systemui.auto_generated_rro_product__ on user 0
12-11 17:56:32.065  1248  1248 W PackageSettings: Missing permission state for package com.mediatek.engineermode on user 0
12-11 17:56:32.065  1248  1248 W PackageSettings: Missing permission state for package com.android.federatedcompute.services on user 0
12-11 17:56:32.065  1248  1248 W PackageSettings: Missing permission state for package com.android.theme.icon_pack.rounded.android on user 0
12-11 17:56:32.065  1248  1248 W PackageSettings: Missing permission state for package org.lineageos.lineagesettings.auto_generated_rro_product__ on user 0
12-11 17:56:32.065  1248  1248 W PackageSettings: Missing permission state for package com.android.theme.icon_pack.victor.systemui on user 0
12-11 17:56:32.065  1248  1248 W PackageSettings: Missing permission state for package com.android.avatarpicker on user 0
12-11 17:56:32.065  1248  1248 W PackageSettings: Missing permission state for package com.android.systemui.plugin.globalactions.wallet on user 0
12-11 17:56:32.065  1248  1248 W PackageSettings: Missing permission state for package com.android.safetycenter.resources on user 0
12-11 17:56:32.065  1248  1248 W PackageSettings: Missing permission state for package com.android.pacprocessor on user 0
12-11 17:56:32.065  1248  1248 W PackageSettings: Missing permission state for package com.android.simappdialog on user 0
12-11 17:56:32.065  1248  1248 W PackageSettings: Missing permission state for package org.protonaosp.deviceconfig.auto_generated_rro_product__ on user 0
12-11 17:56:32.065  1248  1248 W PackageSettings: Missing permission state for package org.lineageos.profiles on user 0
12-11 17:56:32.065  1248  1248 W PackageSettings: Missing permission state for package android.overlay.common on user 0
12-11 17:56:32.065  1248  1248 W PackageSettings: Missing permission state for package com.android.connectivity.resources on user 0
12-11 17:56:32.065  1248  1248 W PackageSettings: Missing permission state for package android.overlay.device on user 0
12-11 17:56:32.065  1248  1248 W PackageSettings: Missing permission state for package com.android.internal.display.cutout.emulation.hole on user 0
12-11 17:56:32.065  1248  1248 W PackageSettings: Missing permission state for package com.android.internal.display.cutout.emulation.tall on user 0
12-11 17:56:32.065  1248  1248 W PackageSettings: Missing permission state for package com.android.networkstack.overlay on user 0
12-11 17:56:32.065  1248  1248 W PackageSettings: Missing permission state for package org.lineageos.glimpse.frameworksbaseoverlay on user 0
12-11 17:56:32.065  1248  1248 W PackageSettings: Missing permission state for package com.android.modulemetadata on user 0
12-11 17:56:32.065  1248  1248 W PackageSettings: Missing permission state for package com.android.certinstaller on user 0
12-11 17:56:32.066  1248  1248 W PackageSettings: Missing permission state for package com.android.carrierconfig on user 0
12-11 17:56:32.066  1248  1248 W PackageSettings: Missing permission state for package com.android.internal.systemui.navbar.threebutton on user 0
12-11 17:56:32.066  1248  1248 W PackageSettings: Missing permission state for package com.android.wifi.dialog on user 0
