12-10 23:09:52.149   318   318 E mtk_plpath_utils: .
12-10 23:09:52.149   318   318 E mtk_plpath_utils: ..
12-10 23:09:52.149   318   318 E mtk_plpath_utils: sda
12-10 23:09:52.149   318   318 E mtk_plpath_utils: pl_a @ sda
12-10 23:09:52.151   318   318 I mtk_plpath_utils: create_dm dev: /dev/block/sda, name pl_a, start 8, blks 8184
12-10 23:09:52.152   314   314 E cutils-trace: Error opening trace file: No such file or directory (2)
12-10 23:09:52.153   283   283 E cutils-trace: Error opening trace file: No such file or directory (2)
12-10 23:09:52.154   317   317 E cutils-trace: Error opening trace file: No such file or directory (2)
12-10 23:09:52.155   283   283 E SELinux : avc:  denied  { find } for interface=android.hardware.health::IHealth sid=u:r:recovery:s0 pid=317 scontext=u:r:recovery:s0 tcontext=u:object_r:hal_health_hwservice:s0 tclass=hwservice_manager permissive=1
12-10 23:09:52.156   317   317 E HidlServiceManagement: Could not find instance 'default' in library android.hardware.health@2.0-impl-default.so. Keeping library open.
12-10 23:09:52.156   314   314 W android.hardware.boot@1.2-service: [libfs_mgr]Warning: unknown flag: resize
12-10 23:09:52.152   317   317 I android.hardwar: type=1400 audit(0.0:69): avc: denied { read } for name="type" dev="sysfs" ino=61890 scontext=u:r:recovery:s0 tcontext=u:object_r:sysfs:s0 tclass=file permissive=1
12-10 23:09:52.152   317   317 I android.hardwar: type=1400 audit(0.0:70): avc: denied { open } for path="/sys/devices/platform/soc/10026000.pwrap/10026000.pwrap:mt6366/mt6358-gauge/power_supply/mtk-gauge/type" dev="sysfs" ino=61890 scontext=u:r:recovery:s0 tcontext=u:object_r:sysfs:s0 tclass=file permissive=1
12-10 23:09:52.152   317   317 I android.hardwar: type=1400 audit(0.0:71): avc: denied { getattr } for path="/sys/devices/platform/soc/10026000.pwrap/10026000.pwrap:mt6366/mt6358-gauge/power_supply/mtk-gauge/type" dev="sysfs" ino=61890 scontext=u:r:recovery:s0 tcontext=u:object_r:sysfs:s0 tclass=file permissive=1
12-10 23:09:52.158   317   317 I android.hardware.health@2.1-service: default instance initializing with healthd_config...
12-10 23:09:52.158   314   314 W android.hardware.boot@1.2-service: [libfs_mgr]Warning: unknown flag: resize
12-10 23:09:52.152   317   317 I android.hardwar: type=1400 audit(0.0:72): avc: denied { transfer } for scontext=u:r:recovery:s0 tcontext=u:r:recovery:s0 tclass=binder permissive=1
12-10 23:09:52.158   283   283 E SELinux : avc:  denied  { add } for interface=android.hardware.health::IHealth sid=u:r:recovery:s0 pid=317 scontext=u:r:recovery:s0 tcontext=u:object_r:hal_health_hwservice:s0 tclass=hwservice_manager permissive=1
12-10 23:09:52.158   317   317 I HidlServiceManagement: Registered android.hardware.health@2.1::IHealth/default
12-10 23:09:52.159   317   317 I HidlServiceManagement: Removing namespace from process name android.hardware.health@2.1-service to health@2.1-service.
12-10 23:09:52.159   317   317 I android.hardware.health@2.1-service: default: Hal init done
12-10 23:09:52.156   317   317 I health@2.1-serv: type=1400 audit(0.0:73): avc: denied { wake_alarm } for capability=35 scontext=u:r:recovery:s0 tcontext=u:r:recovery:s0 tclass=capability2 permissive=1
12-10 23:09:52.156   317   317 I health@2.1-serv: type=1400 audit(0.0:74): avc: denied { create } for scontext=u:r:recovery:s0 tcontext=u:r:recovery:s0 tclass=netlink_kobject_uevent_socket permissive=1
12-10 23:09:52.159   283   283 E SELinux : avc:  denied  { add } for interface=android.hardware.boot::IBootControl sid=u:r:recovery:s0 pid=314 scontext=u:r:recovery:s0 tcontext=u:object_r:hal_bootctl_hwservice:s0 tclass=hwservice_manager permissive=1
12-10 23:09:52.156   317   317 I health@2.1-serv: type=1400 audit(0.0:75): avc: denied { setopt } for scontext=u:r:recovery:s0 tcontext=u:r:recovery:s0 tclass=netlink_kobject_uevent_socket permissive=1
12-10 23:09:52.159   314   314 I HidlServiceManagement: Registered android.hardware.boot@1.2::IBootControl/default
12-10 23:09:52.159   314   314 I HidlServiceManagement: Removing namespace from process name android.hardware.boot@1.2-service to boot@1.2-service.
12-10 23:09:52.156   317   317 I health@2.1-serv: type=1400 audit(0.0:76): avc: denied { getopt } for scontext=u:r:recovery:s0 tcontext=u:r:recovery:s0 tclass=netlink_kobject_uevent_socket permissive=1
12-10 23:09:52.160   314   314 I LegacySupport: Registration complete for android.hardware.boot@1.0::IBootControl/default.
12-10 23:09:52.156   317   317 I health@2.1-serv: type=1400 audit(0.0:77): avc: denied { bind } for scontext=u:r:recovery:s0 tcontext=u:r:recovery:s0 tclass=netlink_kobject_uevent_socket permissive=1
12-10 23:09:52.161   322   322 E cutils-trace: Error opening trace file: No such file or directory (2)
12-10 23:09:52.161   283   283 E SELinux : avc:  denied  { find } for interface=android.hardware.gatekeeper::IGatekeeper sid=u:r:recovery:s0 pid=322 scontext=u:r:recovery:s0 tcontext=u:object_r:hal_gatekeeper_hwservice:s0 tclass=hwservice_manager permissive=1
12-10 23:09:52.162   322   322 D vndksupport: Loading /vendor/lib64/hw/android.hardware.gatekeeper@1.0-impl.so from current namespace instead of sphal namespace.
12-10 23:09:52.162   322   322 D vndksupport: Loading /vendor/lib64/hw/gatekeeper.trustkernel.so from current namespace instead of sphal namespace.
12-10 23:09:52.190     0     0 I         : [T600317] mt635x-auxadc mt635x-auxadc: Error: Get efuse failed (-517)
12-10 23:09:52.190     0     0 I         : [T600317] vbat_out_old=42760, vthr=695, T_curr=-4134, vbat_out=42760
12-10 23:09:52.190     0     0 I         : [T600317] [reg_to_current], is_charging=0
12-10 23:09:52.190     0     0 I         : [T600317] [reg_to_current], is_charging=0
12-10 23:09:52.191     0     0 I         : [T600317] [reg_to_current], is_charging=0
12-10 23:09:52.191     0     0 I         : [T500317] mtk_battery_chgrger_status  line:324 status->intval 2
12-10 23:09:52.163   322   322 I GatekeeperHAL: Init device
12-10 23:09:52.160   317   317 I health@2.1-serv: type=1400 audit(0.0:78): avc: denied { getattr } for path="/dev/kmsg" dev="tmpfs" ino=5 scontext=u:r:recovery:s0 tcontext=u:object_r:kmsg_device:s0 tclass=chr_file permissive=1
12-10 23:09:52.163   311   311 D tkcore-teec: failed to open the ta /data/vendor/t6/app/02662e8e-e126-11e5-b86d9a79f06e9478.ta TA-file
12-10 23:09:52.160   270   270 W init    : type=1400 audit(0.0:79): avc: denied { write } for name="bootprof" dev="proc" ino=4026532134 scontext=u:r:vendor_init:s0 tcontext=u:object_r:proc:s0 tclass=file permissive=0
12-10 23:09:52.165   322   322 I GatekeeperHAL: Open session successfully
12-10 23:09:52.165   283   283 E SELinux : avc:  denied  { add } for interface=android.hardware.gatekeeper::IGatekeeper sid=u:r:recovery:s0 pid=322 scontext=u:r:recovery:s0 tcontext=u:object_r:hal_gatekeeper_hwservice:s0 tclass=hwservice_manager permissive=1
12-10 23:09:52.166   322   322 I HidlServiceManagement: Registered android.hardware.gatekeeper@1.0::IGatekeeper/default
12-10 23:09:52.166   322   322 I HidlServiceManagement: Removing namespace from process name android.hardware.gatekeeper@1.0-service to gatekeeper@1.0-service.
12-10 23:09:52.166   322   322 I LegacySupport: Registration complete for android.hardware.gatekeeper@1.0::IGatekeeper/default.
12-10 23:09:52.160   270   270 W init    : type=1400 audit(0.0:80): avc: denied { write } for name="bootprof" dev="proc" ino=4026532134 scontext=u:r:vendor_init:s0 tcontext=u:object_r:proc:s0 tclass=file permissive=0
12-10 23:09:52.192     0     0 W [T500317] healthd: battery l=100 v=4276 t=30.0 h=2 st=3 c=-970800 fc=2796000 cc=1 chg=
12-10 23:09:52.193     0     0 I         : [T700317] mt635x-auxadc mt635x-auxadc: Error: Get efuse failed (-517)
12-10 23:09:52.194     0     0 I         : [T700317] vbat_out_old=42790, vthr=695, T_curr=-4134, vbat_out=42790
12-10 23:09:52.194     0     0 I         : [T700317] [reg_to_current], is_charging=0
12-10 23:09:52.194     0     0 I         : [T700317] [reg_to_current], is_charging=0
12-10 23:09:52.195     0     0 I         : [T700317] [reg_to_current], is_charging=0
12-10 23:09:52.195     0     0 I         : [T700317] mtk_battery_chgrger_status  line:324 status->intval 2
12-10 23:09:52.164   270   270 W init    : type=1400 audit(0.0:81): avc: denied { write } for name="bootprof" dev="proc" ino=4026532134 scontext=u:r:vendor_init:s0 tcontext=u:object_r:proc:s0 tclass=file permissive=0
12-10 23:09:52.164   270   270 W init    : type=1400 audit(0.0:82): avc: denied { write } for name="bootprof" dev="proc" ino=4026532134 scontext=u:r:vendor_init:s0 tcontext=u:object_r:proc:s0 tclass=file permissive=0
12-10 23:09:52.164   270   270 W init    : type=1400 audit(0.0:83): avc: denied { write } for name="bootprof" dev="proc" ino=4026532134 scontext=u:r:vendor_init:s0 tcontext=u:object_r:proc:s0 tclass=file permissive=0
12-10 23:09:52.164   270   270 W init    : type=1400 audit(0.0:84): avc: denied { write } for name="bootprof" dev="proc" ino=4026532134 scontext=u:r:vendor_init:s0 tcontext=u:object_r:proc:s0 tclass=file permissive=0
12-10 23:09:52.168   270   270 W init    : type=1400 audit(0.0:85): avc: denied { write } for name="bootprof" dev="proc" ino=4026532134 scontext=u:r:vendor_init:s0 tcontext=u:object_r:proc:s0 tclass=file permissive=0
12-10 23:09:52.172   318   318 I mtk_plpath_utils: Create /dev/block/dm-0 done
12-10 23:09:52.173   318   318 E mtk_plpath_utils: /sys/bus/scsi/devices/host0/target0:0:0/0:0:0:1/ exist
12-10 23:09:52.173   318   318 E mtk_plpath_utils: .
12-10 23:09:52.173   318   318 E mtk_plpath_utils: ..
12-10 23:09:52.173   318   318 E mtk_plpath_utils: sdb
12-10 23:09:52.173   318   318 E mtk_plpath_utils: pl_b @ sdb
12-10 23:09:52.168   270   270 W init    : type=1400 audit(0.0:86): avc: denied { write } for name="bootprof" dev="proc" ino=4026532134 scontext=u:r:vendor_init:s0 tcontext=u:object_r:proc:s0 tclass=file permissive=0
12-10 23:09:52.168   270   270 W init    : type=1400 audit(0.0:87): avc: denied { write } for name="bootprof" dev="proc" ino=4026532134 scontext=u:r:vendor_init:s0 tcontext=u:object_r:proc:s0 tclass=file permissive=0
12-10 23:09:52.172   270   270 W init    : type=1400 audit(0.0:88): avc: denied { write } for name="bootprof" dev="proc" ino=4026532134 scontext=u:r:vendor_init:s0 tcontext=u:object_r:proc:s0 tclass=file permissive=0
12-10 23:09:52.172   317   317 I health@2.1-serv: type=1400 audit(0.0:89): avc: denied { read } for scontext=u:r:recovery:s0 tcontext=u:r:recovery:s0 tclass=netlink_kobject_uevent_socket permissive=1
12-10 23:09:52.172   270   270 W init    : type=1400 audit(0.0:90): avc: denied { write } for name="bootprof" dev="proc" ino=4026532134 scontext=u:r:vendor_init:s0 tcontext=u:object_r:proc:s0 tclass=file permissive=0
12-10 23:09:52.172   270   270 W init    : type=1400 audit(0.0:91): avc: denied { write } for name="bootprof" dev="proc" ino=4026532134 scontext=u:r:vendor_init:s0 tcontext=u:object_r:proc:s0 tclass=file permissive=0
12-10 23:09:52.196   318   318 I mtk_plpath_utils: Create /dev/block/dm-1 done
12-10 23:09:52.207   311   311 D tkcore-teec: failed to open the ta /data/vendor/t6/app/9ef77781-7bd5-4e39-965f20f6f211f400.ta TA-file
12-10 23:09:52.212   320   320 I keymint : TrustKernelKeyMintImplementation.cpp:2465: Open session successfully
12-10 23:09:52.208   320   320 I android.hardwar: type=1400 audit(0.0:92): avc: denied { read } for name="u:object_r:vendor_security_patch_level_prop:s0" dev="tmpfs" ino=235 scontext=u:r:recovery:s0 tcontext=u:object_r:vendor_security_patch_level_prop:s0 tclass=file permissive=1
12-10 23:09:52.213   320   320 I trustkernel.hardware.keymint: adding keymint service instance: android.hardware.security.keymint.IKeyMintDevice/default
12-10 23:09:52.208   320   320 I android.hardwar: type=1400 audit(0.0:93): avc: denied { open } for path="/dev/__properties__/u:object_r:vendor_security_patch_level_prop:s0" dev="tmpfs" ino=235 scontext=u:r:recovery:s0 tcontext=u:object_r:vendor_security_patch_level_prop:s0 tclass=file permissive=1
12-10 23:09:52.208   320   320 I android.hardwar: type=1400 audit(0.0:94): avc: denied { getattr } for path="/dev/__properties__/u:object_r:vendor_security_patch_level_prop:s0" dev="tmpfs" ino=235 scontext=u:r:recovery:s0 tcontext=u:object_r:vendor_security_patch_level_prop:s0 tclass=file permissive=1
12-10 23:09:52.213   284   284 E SELinux : avc:  denied  { add } for pid=320 uid=1000 name=android.hardware.security.keymint.IKeyMintDevice/default scontext=u:r:recovery:s0 tcontext=u:object_r:hal_keymint_service:s0 tclass=service_manager permissive=1
12-10 23:09:52.208   320   320 I android.hardwar: type=1400 audit(0.0:95): avc: denied { map } for path="/dev/__properties__/u:object_r:vendor_security_patch_level_prop:s0" dev="tmpfs" ino=235 scontext=u:r:recovery:s0 tcontext=u:object_r:vendor_security_patch_level_prop:s0 tclass=file permissive=1
12-10 23:09:52.213   284   284 I servicemanager: getDeviceHalManifest: Reading VINTF information.
12-10 23:09:52.215   284   284 I servicemanager: getDeviceHalManifest: Successfully processed VINTF information
12-10 23:09:52.215   284   284 I servicemanager: getFrameworkHalManifest: Reading VINTF information.
12-10 23:09:52.215   284   284 I servicemanager: getFrameworkHalManifest: Successfully processed VINTF information
12-10 23:09:52.215   284   284 I servicemanager: Found android.hardware.security.keymint.IKeyMintDevice/default in device VINTF manifest.
12-10 23:09:52.216   320   320 I trustkernel.hardware.keymint: adding keymint service instance: android.hardware.security.secureclock.ISecureClock/default
12-10 23:09:52.216   284   284 E SELinux : avc:  denied  { add } for pid=320 uid=1000 name=android.hardware.security.secureclock.ISecureClock/default scontext=u:r:recovery:s0 tcontext=u:object_r:hal_secureclock_service:s0 tclass=service_manager permissive=1
12-10 23:09:52.216   284   284 I servicemanager: Found android.hardware.security.secureclock.ISecureClock/default in device VINTF manifest.
12-10 23:09:52.216   320   320 I trustkernel.hardware.keymint: adding keymint service instance: android.hardware.security.sharedsecret.ISharedSecret/default
12-10 23:09:52.216   284   284 E SELinux : avc:  denied  { add } for pid=320 uid=1000 name=android.hardware.security.sharedsecret.ISharedSecret/default scontext=u:r:recovery:s0 tcontext=u:object_r:hal_sharedsecret_service:s0 tclass=service_manager permissive=1
12-10 23:09:52.216   284   284 I servicemanager: Found android.hardware.security.sharedsecret.ISharedSecret/default in device VINTF manifest.
12-10 23:09:52.217   320   320 I trustkernel.hardware.keymint: adding keymint service instance: android.hardware.security.keymint.IRemotelyProvisionedComponent/default
12-10 23:09:52.217   284   284 E SELinux : avc:  denied  { add } for pid=320 uid=1000 name=android.hardware.security.keymint.IRemotelyProvisionedComponent/default scontext=u:r:recovery:s0 tcontext=u:object_r:hal_remotelyprovisionedcomponent_service:s0 tclass=service_manager permissive=1
12-10 23:09:52.217   284   284 I servicemanager: Found android.hardware.security.keymint.IRemotelyProvisionedComponent/default in device VINTF manifest.
12-10 23:09:52.224   312   312 I recovery: type=1400 audit(0.0:96): avc: denied { search } for name="/" dev="configfs" ino=14692 scontext=u:r:recovery:s0 tcontext=u:object_r:configfs:s0 tclass=dir permissive=1
12-10 23:09:52.224   312   312 I recovery: type=1400 audit(0.0:97): avc: denied { getattr } for path="/config/usb_gadget/g1/functions/mass_storage.usb0/lun.0/file" dev="configfs" ino=26396 scontext=u:r:recovery:s0 tcontext=u:object_r:configfs:s0 tclass=file permissive=1
12-10 23:09:52.224   312   312 I recovery: type=1400 audit(0.0:98): avc: denied { write } for name="brightness" dev="sysfs" ino=62400 scontext=u:r:recovery:s0 tcontext=u:object_r:sysfs:s0 tclass=file permissive=1
12-10 23:09:52.224     1     1 I unknown : type=1107 audit(0.0:99): uid=0 auid=4294967295 ses=4294967295 subj=u:r:init:s0 msg='avc: denied { set } for property=ro.twrp.boot pid=312 uid=0 gid=0 scontext=u:r:recovery:s0 tcontext=u:object_r:default_prop:s0 tclass=property_service permissive=1'
12-10 23:09:52.258     0     0 I         : [T600174] leds_mtk led_debug_log(221) :[Light] Set lcd-backlight directly T:2.858,L:25 L:25 map:201
12-10 23:09:52.231   312   312 W recovery: [libfs_mgr]Warning: unknown flag: resize
12-10 23:09:52.234   312   312 W recovery: [libfs_mgr]Warning: unknown flag: resize
12-10 23:09:52.234   312   312 W recovery: [libfs_mgr]Warning: unknown flag: resize
12-10 23:09:52.232   312   312 I recovery: type=1400 audit(0.0:100): avc: denied { write } for name="etc" dev="rootfs" ino=9402 scontext=u:r:recovery:s0 tcontext=u:object_r:rootfs:s0 tclass=dir permissive=1
12-10 23:09:52.232   312   312 I recovery: type=1400 audit(0.0:101): avc: denied { add_name } for name="mtab" scontext=u:r:recovery:s0 tcontext=u:object_r:rootfs:s0 tclass=dir permissive=1
12-10 23:09:52.232   312   312 I recovery: type=1400 audit(0.0:102): avc: denied { create } for name="mtab" scontext=u:r:recovery:s0 tcontext=u:object_r:rootfs:s0 tclass=lnk_file permissive=1
12-10 23:09:52.236   312   312 I recovery: [libfs_mgr]Created logical partition odm_dlkm_a on device /dev/block/dm-2
12-10 23:09:52.237   312   312 I recovery: [libfs_mgr]Created logical partition odm_dlkm_b on device /dev/block/dm-3
12-10 23:09:52.237   312   312 I recovery: [libfs_mgr]Created logical partition product_a on device /dev/block/dm-4
12-10 23:09:52.238   312   312 I recovery: [libfs_mgr]Created logical partition product_b on device /dev/block/dm-5
12-10 23:09:52.238   311   315 D tkcore-teec: Failed to open /data/vendor/t6/tkcore.log with No such file or directory(2). Try creating one...
12-10 23:09:52.238   311   315 D tkcore-teec: Failed to create /data/vendor/t6/tkcore.log with No such file or directory(2).
12-10 23:09:52.239   312   312 I recovery: [libfs_mgr]Created logical partition system_a on device /dev/block/dm-6
12-10 23:09:52.240   312   312 I recovery: [libfs_mgr]Created logical partition system_b on device /dev/block/dm-7
12-10 23:09:52.240   312   312 I recovery: [libfs_mgr]Created logical partition system_ext_a on device /dev/block/dm-8
12-10 23:09:52.241   312   312 I recovery: [libfs_mgr]Created logical partition system_ext_b on device /dev/block/dm-9
12-10 23:09:52.241   312   312 I recovery: [libfs_mgr]Created logical partition vendor_a on device /dev/block/dm-10
12-10 23:09:52.242   312   312 I recovery: [libfs_mgr]Created logical partition vendor_b on device /dev/block/dm-11
12-10 23:09:52.242   312   312 I recovery: [libfs_mgr]Created logical partition vendor_dlkm_a on device /dev/block/dm-12
12-10 23:09:52.243   312   312 I recovery: [libfs_mgr]Created logical partition vendor_dlkm_b on device /dev/block/dm-13
12-10 23:09:52.240   312   312 I recovery: type=1400 audit(0.0:103): avc: denied { create } for name="system_root" scontext=u:r:recovery:s0 tcontext=u:object_r:rootfs:s0 tclass=dir permissive=1
12-10 23:09:52.252   286   305 I ServiceManager: Waiting for service 'android.hardware.security.sharedsecret.ISharedSecret/default' on '/dev/binder' successful after waiting 301ms
12-10 23:09:52.248   312   312 I recovery: type=1400 audit(0.0:104): avc: denied { ioctl } for path="/dev/block/dm-6" dev="tmpfs" ino=686 ioctlcmd=0x5331 scontext=u:r:recovery:s0 tcontext=u:object_r:dm_device:s0 tclass=blk_file permissive=1
12-10 23:09:52.253   286   286 I ServiceManager: Waiting for service 'android.hardware.security.keymint.IKeyMintDevice/default' on '/dev/binder' successful after waiting 302ms
12-10 23:09:52.253   286   305 I keystore2: keystore2::shared_secret_negotiation: Shared secret negotiation concluded successfully.
12-10 23:09:52.254   284   284 E SELinux : avc:  denied  { add } for pid=286 uid=0 name=android.security.compat scontext=u:r:recovery:s0 tcontext=u:object_r:keystore_compat_hal_service:s0 tclass=service_manager permissive=1
12-10 23:09:52.254   284   284 E SELinux : avc:  denied  { find } for pid=286 uid=0 name=android.security.compat scontext=u:r:recovery:s0 tcontext=u:object_r:keystore_compat_hal_service:s0 tclass=service_manager permissive=1
12-10 23:09:52.254   286   286 E cutils-trace: Error opening trace file: No such file or directory (2)
12-10 23:09:52.255   283   283 E SELinux : avc:  denied  { find } for interface=android.hardware.keymaster::IKeymasterDevice sid=u:r:recovery:s0 pid=286 scontext=u:r:recovery:s0 tcontext=u:object_r:hal_keymaster_hwservice:s0 tclass=hwservice_manager permissive=1
12-10 23:09:52.255   283   283 I hwservicemanager: getTransport: Cannot find entry android.hardware.keymaster@4.0::IKeymasterDevice/default in either framework or device VINTF manifest.
12-10 23:09:52.256   283   283 I hwservicemanager: getTransport: Cannot find entry android.hardware.keymaster@3.0::IKeymasterDevice/default in either framework or device VINTF manifest.
12-10 23:09:52.256   284   284 E SELinux : avc:  denied  { add } for pid=286 uid=0 name=android.system.keystore2.IKeystoreService/default scontext=u:r:recovery:s0 tcontext=u:object_r:keystore_service:s0 tclass=service_manager permissive=1
12-10 23:09:52.256   284   284 I servicemanager: Found android.system.keystore2.IKeystoreService/default in framework VINTF manifest.
12-10 23:09:52.257   284   284 E SELinux : avc:  denied  { add } for pid=286 uid=0 name=android.security.apc scontext=u:r:recovery:s0 tcontext=u:object_r:apc_service:s0 tclass=service_manager permissive=1
12-10 23:09:52.257   284   284 E SELinux : avc:  denied  { add } for pid=286 uid=0 name=android.security.authorization scontext=u:r:recovery:s0 tcontext=u:object_r:authorization_service:s0 tclass=service_manager permissive=1
12-10 23:09:52.257   284   284 E SELinux : avc:  denied  { add } for pid=286 uid=0 name=android.security.maintenance scontext=u:r:recovery:s0 tcontext=u:object_r:keystore_maintenance_service:s0 tclass=service_manager permissive=1
12-10 23:09:52.258   284   284 E SELinux : avc:  denied  { add } for pid=286 uid=0 name=android.security.metrics scontext=u:r:recovery:s0 tcontext=u:object_r:keystore_metrics_service:s0 tclass=service_manager permissive=1
12-10 23:09:52.258   284   284 E SELinux : avc:  denied  { find } for pid=286 uid=0 name=android.hardware.security.keymint.IRemotelyProvisionedComponent/default scontext=u:r:recovery:s0 tcontext=u:object_r:hal_remotelyprovisionedcomponent_service:s0 tclass=service_manager permissive=1
12-10 23:09:52.259   284   284 E SELinux : avc:  denied  { add } for pid=286 uid=0 name=android.security.remoteprovisioning scontext=u:r:recovery:s0 tcontext=u:object_r:remoteprovisioning_service:s0 tclass=service_manager permissive=1
12-10 23:09:52.287     0     0 D [T700266] [FTS_TS]fts_input_report_b: [B]P0(517, 1105)[p:38,tm:176] DOWN!
12-10 23:09:52.259   284   284 E SELinux : avc:  denied  { add } for pid=286 uid=0 name=android.security.legacykeystore scontext=u:r:recovery:s0 tcontext=u:object_r:legacykeystore_service:s0 tclass=service_manager permissive=1
12-10 23:09:52.259   286   286 I keystore2: keystore2_main: Successfully registered Keystore 2.0 service.
12-10 23:09:52.259   286   286 I keystore2: keystore2_main: Joining thread pool now.
12-10 23:09:52.256   312   312 I recovery: type=1400 audit(0.0:105): avc: denied { write } for name="by-name" dev="tmpfs" ino=282 scontext=u:r:recovery:s0 tcontext=u:object_r:block_device:s0 tclass=dir permissive=1
12-10 23:09:52.256   312   312 I recovery: type=1400 audit(0.0:106): avc: denied { add_name } for name="system" scontext=u:r:recovery:s0 tcontext=u:object_r:block_device:s0 tclass=dir permissive=1
12-10 23:09:52.256   312   312 I recovery: type=1400 audit(0.0:107): avc: denied { create } for name="system" scontext=u:r:recovery:s0 tcontext=u:object_r:block_device:s0 tclass=lnk_file permissive=1
12-10 23:09:52.289     0     0 I         : [T700312] EXT4-fs (dm-6): mounted filesystem without journal. Opts:
12-10 23:09:52.264   312   312 I recovery: type=1400 audit(0.0:108): avc: denied { ioctl } for path="/dev/block/dm-10" dev="tmpfs" ino=699 ioctlcmd=0x5331 scontext=u:r:recovery:s0 tcontext=u:object_r:dm_device:s0 tclass=blk_file permissive=1
12-10 23:09:52.302   312   312 I EXT4-fs (dm-10): mounted filesystem without journal. Opts:
12-10 23:09:52.272   312   312 I recovery: type=1400 audit(0.0:109): avc: denied { ioctl } for path="/dev/block/dm-4" dev="tmpfs" ino=680 ioctlcmd=0x5331 scontext=u:r:recovery:s0 tcontext=u:object_r:dm_device:s0 tclass=blk_file permissive=1
12-10 23:09:52.272   312   312 I recovery: type=1400 audit(0.0:110): avc: denied { sys_rawio } for capability=17 scontext=u:r:recovery:s0 tcontext=u:r:recovery:s0 tclass=capability permissive=1
12-10 23:09:52.304   312   312 E ufshcd-mtk 11270000.ufshci: ufs_mtk_ioctl: User buffer is NULL!
12-10 23:09:52.276   312   312 I recovery: type=1400 audit(0.0:111): avc: denied { remove_name } for name="system_ext" dev="rootfs" ino=12484 scontext=u:r:recovery:s0 tcontext=u:object_r:rootfs:s0 tclass=dir permissive=1
12-10 23:09:52.276   312   312 I recovery: type=1400 audit(0.0:112): avc: denied { unlink } for name="system_ext" dev="rootfs" ino=12484 scontext=u:r:recovery:s0 tcontext=u:object_r:rootfs:s0 tclass=lnk_file permissive=1
12-10 23:09:52.276   312   312 I recovery: type=1400 audit(0.0:113): avc: denied { ioctl } for path="/dev/block/dm-8" dev="tmpfs" ino=693 ioctlcmd=0x5331 scontext=u:r:recovery:s0 tcontext=u:object_r:dm_device:s0 tclass=blk_file permissive=1
12-10 23:09:52.309   312   312 I EXT4-fs (dm-4): mounted filesystem without journal. Opts:
12-10 23:09:52.311   312   312 E ufshcd-mtk 11270000.ufshci: ufs_mtk_ioctl: User buffer is NULL!
12-10 23:09:52.284   312   312 I recovery: type=1400 audit(0.0:114): avc: denied { ioctl } for path="/dev/block/dm-12" dev="tmpfs" ino=706 ioctlcmd=0x5331 scontext=u:r:recovery:s0 tcontext=u:object_r:dm_device:s0 tclass=blk_file permissive=1
12-10 23:09:52.316   312   312 I EXT4-fs (dm-8): mounted filesystem without journal. Opts:
12-10 23:09:52.322   312   312 I EXT4-fs (dm-12): mounted filesystem without journal. Opts:
12-10 23:09:52.292   312   312 I recovery: type=1400 audit(0.0:115): avc: denied { ioctl } for path="/dev/block/dm-10" dev="tmpfs" ino=699 ioctlcmd=0x5331 scontext=u:r:recovery:s0 tcontext=u:object_r:dm_device:s0 tclass=blk_file permissive=1
12-10 23:09:52.324   312   312 I EXT4-fs (dm-2): mounted filesystem without journal. Opts:
12-10 23:09:52.332   312   312 I EXT4-fs (dm-10): mounted filesystem without journal. Opts:
12-10 23:09:52.304   312   312 I recovery: type=1400 audit(0.0:116): avc: denied { write } for name="properties_serial" dev="tmpfs" ino=254 scontext=u:r:recovery:s0 tcontext=u:object_r:properties_serial:s0 tclass=file permissive=1
12-10 23:09:52.304   312   312 I recovery: type=1400 audit(0.0:117): avc: denied { write } for name="u:object_r:storage_config_prop:s0" dev="tmpfs" ino=202 scontext=u:r:recovery:s0 tcontext=u:object_r:storage_config_prop:s0 tclass=file permissive=1
12-10 23:09:52.308   312   312 I recovery: type=1400 audit(0.0:118): avc: denied { create } for name="additional.fstab" scontext=u:r:recovery:s0 tcontext=u:object_r:rootfs:s0 tclass=file permissive=1
12-10 23:09:52.308   312   312 I recovery: type=1400 audit(0.0:119): avc: denied { write } for path="/system/etc/additional.fstab" dev="rootfs" ino=26402 scontext=u:r:recovery:s0 tcontext=u:object_r:rootfs:s0 tclass=file permissive=1
12-10 23:09:52.308   312   312 I recovery: type=1400 audit(0.0:120): avc: denied { setattr } for name="additional.fstab" dev="rootfs" ino=26402 scontext=u:r:recovery:s0 tcontext=u:object_r:rootfs:s0 tclass=file permissive=1
12-10 23:09:52.412   312   312 I recovery: type=1400 audit(0.0:121): avc: denied { map } for path="/dev/dri/card0" dev="tmpfs" ino=558 scontext=u:r:recovery:s0 tcontext=u:object_r:device:s0 tclass=chr_file permissive=1
12-10 23:09:52.450     0     0 I         : [T200312] [DISP]CRTC0 hold wakelock mtk_drm_crtc_atomic_resume 7023
12-10 23:09:52.450     0     0 D [T200312] [FTS_TS]fb_notifier_callback: Enter
12-10 23:09:52.450     0     0 D [T200312] [FTS_TS]fb_notifier_callback: notifier,event:0,blank:0, not care
12-10 23:09:52.450     0     0 D [T200312] [FTS_TS]fb_notifier_callback: Exit(2223)
12-10 23:09:52.450     0     0 D [T200312] [FTS_TS]fb_notifier_callback: Enter
12-10 23:09:52.450     0     0 D [T200312] [FTS_TS]fb_notifier_callback: Exit(2223)
12-10 23:09:52.450     0     0 I         : [T200312] [DISP]mtk_set_first_config, set first config true
12-10 23:09:52.450     0     0 D [T700259] [FTS_TS]fts_ts_resume: Enter
12-10 23:09:52.450     0     0 D [T700259] [FTS_TS]fts_ts_resume: Already in awake state
12-10 23:09:52.450     0     0 I         : [T200312] [DISP]mtk_crtc_update_ddp_state pf:0 hrt:0 correct invalid hrt to:4, mode:0->0
12-10 23:09:52.457     0     0 I         : [T200312] [DISP]mtk_crtc_update_ddp_state pf:0 hrt:0 correct invalid hrt to:4, mode:0->0
12-10 23:09:52.461     0     0 I         : [T200312] [DISP]mtk_crtc_update_ddp_state pf:0 hrt:0 correct invalid hrt to:4, mode:0->0
12-10 23:09:52.436   312   312 I ArmToArm64Assembler: generated scanline__00000077:03010101_00008001_00000000 [195 ipp] (241 ins) at [0x6d586d23c0:0x6d586d2784] in 47923ns
12-10 23:09:52.432   312   312 I recovery: type=1400 audit(0.0:122): avc: denied { execmem } for scontext=u:r:recovery:s0 tcontext=u:r:recovery:s0 tclass=process permissive=1
12-10 23:09:52.432   312   312 I recovery: type=1400 audit(0.0:123): avc: denied { execute } for path="/dev/ashmemc0f986e2-9ef1-4bba-baa2-3af677bbb101" dev="tmpfs" ino=612 scontext=u:r:recovery:s0 tcontext=u:object_r:ashmem_libcutils_device:s0 tclass=chr_file permissive=1
12-10 23:09:52.464   312   312 I ArmToArm64Assembler: generated scanline__00000077:03545401_00000A01_00000000 [ 69 ipp] (113 ins) at [0x6d586d2790:0x6d586d2954] in 40539ns
12-10 23:09:52.471   312   312 I ArmToArm64Assembler: generated scanline__00000077:03545401_00000A08_00000000 [ 69 ipp] (116 ins) at [0x6d586d2960:0x6d586d2b30] in 36924ns
12-10 23:09:52.503     0     0 I         : [T600312] [DISP]mtk_crtc_update_ddp_state pf:0 hrt:0 correct invalid hrt to:4, mode:0->0
12-10 23:09:52.509     0     0 I         : [T600312] F2FS-fs (sdc61): Magic Mismatch, valid(0xf2f52010) - read(0x110f2c62)
12-10 23:09:52.509     0     0 E         : [T600312] F2FS-fs (sdc61): Can't find valid F2FS filesystem in 1th superblock
12-10 23:09:52.509     0     0 I         : [T600312] F2FS-fs (sdc61): Magic Mismatch, valid(0xf2f52010) - read(0xc1a013be)
12-10 23:09:52.509     0     0 E         : [T600312] F2FS-fs (sdc61): Can't find valid F2FS filesystem in 2th superblock
12-10 23:09:52.509     0     0 I         : [T600312] F2FS-fs (sdc61): Magic Mismatch, valid(0xf2f52010) - read(0x110f2c62)
12-10 23:09:52.509     0     0 E         : [T600312] F2FS-fs (sdc61): Can't find valid F2FS filesystem in 1th superblock
12-10 23:09:52.509     0     0 I         : [T600312] F2FS-fs (sdc61): Magic Mismatch, valid(0xf2f52010) - read(0xc1a013be)
12-10 23:09:52.509     0     0 E         : [T600312] F2FS-fs (sdc61): Can't find valid F2FS filesystem in 2th superblock
12-10 23:09:52.512     0     0 I         : [T600312] F2FS-fs (sdc61): Magic Mismatch, valid(0xf2f52010) - read(0x110f2c62)
12-10 23:09:52.512     0     0 E         : [T600312] F2FS-fs (sdc61): Can't find valid F2FS filesystem in 1th superblock
12-10 23:09:52.512     0     0 I         : [T600312] F2FS-fs (sdc61): Magic Mismatch, valid(0xf2f52010) - read(0xc1a013be)
12-10 23:09:52.512     0     0 E         : [T600312] F2FS-fs (sdc61): Can't find valid F2FS filesystem in 2th superblock
12-10 23:09:52.512     0     0 I         : [T600312] F2FS-fs (sdc61): Magic Mismatch, valid(0xf2f52010) - read(0x110f2c62)
12-10 23:09:52.512     0     0 E         : [T600312] F2FS-fs (sdc61): Can't find valid F2FS filesystem in 1th superblock
12-10 23:09:52.512     0     0 I         : [T600312] F2FS-fs (sdc61): Magic Mismatch, valid(0xf2f52010) - read(0xc1a013be)
12-10 23:09:52.512     0     0 E         : [T600312] F2FS-fs (sdc61): Can't find valid F2FS filesystem in 2th superblock
12-10 23:09:52.515     0     0 I         : [T600312] F2FS-fs (sdc61): Magic Mismatch, valid(0xf2f52010) - read(0x110f2c62)
12-10 23:09:52.515     0     0 E         : [T600312] F2FS-fs (sdc61): Can't find valid F2FS filesystem in 1th superblock
12-10 23:09:52.515     0     0 I         : [T600312] F2FS-fs (sdc61): Magic Mismatch, valid(0xf2f52010) - read(0xc1a013be)
12-10 23:09:52.515     0     0 E         : [T600312] F2FS-fs (sdc61): Can't find valid F2FS filesystem in 2th superblock
12-10 23:09:52.515     0     0 I         : [T600312] F2FS-fs (sdc61): Magic Mismatch, valid(0xf2f52010) - read(0x110f2c62)
12-10 23:09:52.515     0     0 E         : [T600312] F2FS-fs (sdc61): Can't find valid F2FS filesystem in 1th superblock
12-10 23:09:52.515     0     0 I         : [T600312] F2FS-fs (sdc61): Magic Mismatch, valid(0xf2f52010) - read(0xc1a013be)
12-10 23:09:52.515     0     0 E         : [T600312] F2FS-fs (sdc61): Can't find valid F2FS filesystem in 2th superblock
12-10 23:09:52.484   312   312 I recovery: type=1400 audit(0.0:124): avc: denied { ioctl } for path="/dev/block/dm-6" dev="tmpfs" ino=686 ioctlcmd=0x5331 scontext=u:r:recovery:s0 tcontext=u:object_r:dm_device:s0 tclass=blk_file permissive=1
12-10 23:09:52.488   312   312 I recovery: type=1400 audit(0.0:125): avc: denied { ioctl } for path="/dev/block/dm-10" dev="tmpfs" ino=699 ioctlcmd=0x5331 scontext=u:r:recovery:s0 tcontext=u:object_r:dm_device:s0 tclass=blk_file permissive=1
12-10 23:09:52.521     0     0 I         : [T600312] EXT4-fs (dm-6): mounted filesystem without journal. Opts:
12-10 23:09:52.525     0     0 I         : [T700312] EXT4-fs (dm-10): mounted filesystem without journal. Opts:
12-10 23:09:52.530     0     0 I         : [T700312] EXT4-fs (sdc13): mounted filesystem with ordered data mode. Opts: discard
12-10 23:09:52.596     0     0 D [T700266] [FTS_TS]fts_input_report_b: [B]P1(9, 1197)[p:9,tm:96] DOWN!
12-10 23:09:52.624     0     0 I         : [T300176] [   15.580796]: <0>(1)ERR KERN:tee_rpmb_get_dev_info:969: send rpmb command failed with 0xffff0009
12-10 23:09:52.624     0     0 I         : [T300176] [   15.580813]: <0>(1)ERR KERN:tee_rpmb_init:1141: Failed to retrieve rpmb device info with 0xffff0009
12-10 23:09:52.624     0     0 I         : [T300176] [   15.580822]: <0>(1)ERR KERN:userinit:287: Setup RPMB failed with 0xffff0009
12-10 23:09:52.624     0     0 I         : [T300176] [   15.580831]: <0>(1)INF KERN:truststore_init:302: DEFAULT TRUSTSTORE Setup ... Done
12-10 23:09:52.624     0     0 I         : [T300176] [   15.586087]: <0>(1)INF KERN:license_init:2205: VERIFY_STATE: 1 TRIAL_STATE: 0
12-10 23:09:52.624     0     0 I         : [T300176] [   15.606777]: <7>(1)DBG KERN:tee_ta_load:1129: Loaded TA 02662e8e-e126-11e5-b86d9a79f06e9478
12-10 23:09:52.624     0     0 I         : [T300176] [   15.654078]: <7>(1)DBG KERN:tee_ta_load:1129: Loaded TA 9ef77781-7bd5-4e39-965f20f6f211f400
12-10 23:09:52.624     0     0 I         : [T300176] [   15.654556]: <7>(1)MSG KEYMINT1:TA_OpenSessionEntryPoint:168: ta-version=ta_commit-keymint1-keymint-2-29e975b
12-10 23:09:52.624     0     0 I         : [T300176] [   15.655145]: <7>(1)ERR KEYMINT1:root_of_trust_verify:130: WARNING: Unexpected lock/vfy_boot state from REE
12-10 23:09:52.624     0     0 I         : [T300176] [   15.655156]: <7>(1)ERR KEYMINT1:root_of_trust_verify:138: tee verify boot state=2 ree verify boot state=2
12-10 23:09:52.624     0     0 I         : [T300176] [   15.655163]: <7>(1)ERR KEYMINT1:root_of_trust_verify:142: WARNING: Unexpected os version from REE
12-10 23:09:52.668     0     0 E         : [T600239] [AW35615] aw35615_protocol_reset 193: enter
12-10 23:09:52.668     0     0 E         : [T600239] [AW35615] aw35615_alert_status_clear 50: enter
12-10 23:09:52.668     0     0 E         : [T600239] [AW35615] aw35615_alert_status_clear 50: enter
12-10 23:09:52.668     0     0 E         : [T600239] [AW35615] aw35615_set_low_power_mode 168: enter
12-10 23:09:52.668     0     0 E         : [T600239] [AW35615] aw35615_is_low_power_mode 162: enter
12-10 23:09:52.694     0     0 D [T700266] [FTS_TS]fts_input_report_b: [B]P1 UP!
12-10 23:09:53.136   259   259 D [FTS_TS]idc_esdcheck_lcderror: check LCD ESD
12-10 23:09:53.168     0     0 E         : [T600239] [AW35615] aw35615_protocol_reset 193: enter
12-10 23:09:53.168     0     0 E         : [T600239] [AW35615] aw35615_alert_status_clear 50: enter
12-10 23:09:53.168     0     0 E         : [T600239] [AW35615] aw35615_alert_status_clear 50: enter
12-10 23:09:53.168     0     0 E         : [T600239] [AW35615] aw35615_set_low_power_mode 168: enter
12-10 23:09:53.168     0     0 E         : [T600239] [AW35615] aw35615_is_low_power_mode 162: enter
12-10 23:09:53.443     0     0 D [T700266] [FTS_TS]fts_input_report_b: [B]P0 UP!
12-10 23:09:53.443     0     0 D [T700266] [FTS_TS]fts_input_report_b: [B]Points All Up!
12-10 23:09:53.501   312   312 I recovery: fscrypt_mount_metadata_encrypted: /data encrypt: 0 format: 0 with f2fs
12-10 23:09:53.502   312   312 W recovery: [libfs_mgr]Warning: unknown flag: resize
12-10 23:09:53.507   312   312 I recovery: metadata_key_dir/key: /metadata/vold/metadata_encryption/key
12-10 23:09:53.504   312   312 I recovery: type=1400 audit(0.0:126): avc: denied { search } for name="vold" dev="sdc13" ino=12 scontext=u:r:recovery:s0 tcontext=u:object_r:vold_metadata_file:s0 tclass=dir permissive=1
12-10 23:09:53.508   312   312 I recovery: Key exists, using: /metadata/vold/metadata_encryption/key
12-10 23:09:53.508   312   312 I recovery: Retrieving key from keymaster
12-10 23:09:53.504   312   312 I recovery: type=1400 audit(0.0:127): avc: denied { read } for name="version" dev="sdc13" ino=33 scontext=u:r:recovery:s0 tcontext=u:object_r:vold_metadata_file:s0 tclass=file permissive=1
12-10 23:09:53.504   312   312 I recovery: type=1400 audit(0.0:128): avc: denied { open } for path="/metadata/vold/metadata_encryption/key/version" dev="sdc13" ino=33 scontext=u:r:recovery:s0 tcontext=u:object_r:vold_metadata_file:s0 tclass=file permissive=1
12-10 23:09:53.504   312   312 I recovery: type=1400 audit(0.0:129): avc: denied { getattr } for path="/metadata/vold/metadata_encryption/key/version" dev="sdc13" ino=33 scontext=u:r:recovery:s0 tcontext=u:object_r:vold_metadata_file:s0 tclass=file permissive=1
12-10 23:09:53.509   284   284 E SELinux : avc:  denied  { find } for pid=312 uid=0 name=android.system.keystore2.IKeystoreService/default scontext=u:r:recovery:s0 tcontext=u:object_r:keystore_service:s0 tclass=service_manager permissive=1
12-10 23:09:53.510   312   312 I recovery: reading blob_file: /metadata/vold/metadata_encryption/key/keymaster_key_blob
12-10 23:09:53.510   286   286 I SELinux : SELinux: Loaded keystore2_key_contexts from:
12-10 23:09:53.510   286   286 I SELinux :     /system/etc/selinux/plat_keystore2_key_contexts
12-10 23:09:53.511   286   286 E SELinux : avc:  denied  { manage_blob } for  scontext=u:r:recovery:s0 tcontext=u:object_r:vold_key:s0 tclass=keystore2_key permissive=1
12-10 23:09:53.511   286   286 E SELinux : avc:  denied  { use } for  scontext=u:r:recovery:s0 tcontext=u:object_r:vold_key:s0 tclass=keystore2_key permissive=1
12-10 23:09:53.511   320   320 E keymint : TrustKernelKeyMintImplementation.cpp:1642: TEE return -62
12-10 23:09:53.512   312   312 I recovery: Upgrading key: /metadata/vold/metadata_encryption/key/keymaster_key_blob
12-10 23:09:53.534   312   312 I recovery: Mounting metadata-encrypted filesystem:/data
12-10 23:09:53.528   312   312 I recovery: type=1400 audit(0.0:130): avc: denied { setexec } for scontext=u:r:recovery:s0 tcontext=u:r:recovery:s0 tclass=process permissive=1
12-10 23:09:53.535   312   312 E cutils-trace: Error opening trace file: No such file or directory (2)
12-10 23:09:53.539   312   312 I recovery: [libfs_mgr]Running /system/bin/fsck.f2fs -a -c 10000 --debug-cache /dev/block/dm-14
12-10 23:09:53.536   312   312 I recovery: type=1400 audit(0.0:131): avc: denied { search } for name="fscklogs" dev="tmpfs" ino=649 scontext=u:r:recovery:s0 tcontext=u:object_r:fscklogs:s0 tclass=dir permissive=1
12-10 23:09:53.536   312   312 I recovery: type=1400 audit(0.0:132): avc: denied { write } for name="fscklogs" dev="tmpfs" ino=649 scontext=u:r:recovery:s0 tcontext=u:object_r:fscklogs:s0 tclass=dir permissive=1
12-10 23:09:53.536   312   312 I recovery: type=1400 audit(0.0:133): avc: denied { add_name } for name="log" scontext=u:r:recovery:s0 tcontext=u:object_r:fscklogs:s0 tclass=dir permissive=1
12-10 23:09:53.536   312   312 I recovery: type=1400 audit(0.0:134): avc: denied { create } for name="log" scontext=u:r:recovery:s0 tcontext=u:object_r:fscklogs:s0 tclass=file permissive=1
12-10 23:09:53.536   312   312 I recovery: type=1400 audit(0.0:135): avc: denied { write open } for path="/dev/fscklogs/log" dev="tmpfs" ino=719 scontext=u:r:recovery:s0 tcontext=u:object_r:fscklogs:s0 tclass=file permissive=1
12-10 23:09:53.536   355   355 I recovery: type=1400 audit(0.0:136): avc: denied { read write } for name="0" dev="devpts" ino=3 scontext=u:r:recovery:s0 tcontext=u:object_r:devpts:s0 tclass=chr_file permissive=1
12-10 23:09:53.536   355   355 I recovery: type=1400 audit(0.0:137): avc: denied { open } for path="/dev/pts/0" dev="devpts" ino=3 scontext=u:r:recovery:s0 tcontext=u:object_r:devpts:s0 tclass=chr_file permissive=1
12-10 23:09:53.544   355   355 I fsck.f2fs: type=1400 audit(0.0:138): avc: denied { getattr } for path="/dev/pts/0" dev="devpts" ino=3 scontext=u:r:recovery:s0 tcontext=u:object_r:devpts:s0 tclass=chr_file permissive=1
12-10 23:09:53.544   355   355 I fsck.f2fs: type=1400 audit(0.0:139): avc: denied { ioctl } for path="/dev/pts/0" dev="devpts" ino=3 ioctlcmd=0x5401 scontext=u:r:recovery:s0 tcontext=u:object_r:devpts:s0 tclass=chr_file permissive=1
12-10 23:09:53.544   312   312 I recovery: type=1400 audit(0.0:140): avc: denied { open } for path="/dev/kmsg" dev="tmpfs" ino=5 scontext=u:r:recovery:s0 tcontext=u:object_r:kmsg_device:s0 tclass=chr_file permissive=1
12-10 23:09:53.544   312   312 I recovery: type=1400 audit(0.0:141): avc: denied { getattr } for path="/dev/fscklogs/log" dev="tmpfs" ino=719 scontext=u:r:recovery:s0 tcontext=u:object_r:fscklogs:s0 tclass=file permissive=1
12-10 23:09:53.579     0     0 I [T700312] fsck.f2fs: Info: Fix the reported corruption.
12-10 23:09:53.579     0     0 I [T700312] fsck.f2fs: Info: No support kernel version!
12-10 23:09:53.579     0     0 I [T700312] fsck.f2fs: Info: Segments per section = 1
12-10 23:09:53.579     0     0 I [T700312] fsck.f2fs: Info: Sections per zone = 1
12-10 23:09:53.579     0     0 I [T700312] fsck.f2fs: Info: sector size = 4096
12-10 23:09:53.579     0     0 I [T700312] fsck.f2fs: Info: total sectors = 59785211 (233535 MB)
12-10 23:09:53.581     0     0 I [T700312] fsck.f2fs: Info: MKFS version
12-10 23:09:53.581     0     0 I [T700312] fsck.f2fs: "5.10.198-android12-9-00089-g347e22ab61ee-ab11279209"
12-10 23:09:53.581     0     0 I [T700312] fsck.f2fs: Info: FSCK version
12-10 23:09:53.581     0     0 I [T700312] fsck.f2fs: from "5.10.198-android12-9-00089-g347e22ab61ee-ab11279209"
12-10 23:09:53.585     0     0 D [T700266] [FTS_TS]fts_input_report_b: [B]P0(12, 921)[p:10,tm:128] DOWN!
12-10 23:09:53.585     0     0 D [T700266] [FTS_TS]fts_input_report_b: [B]P1(0, 1205)[p:4,tm:64] DOWN!
12-10 23:09:53.594     0     0 D [T700266] [FTS_TS]fts_input_report_b: [B]P1 UP!
12-10 23:09:53.637     0     0 D [T700266] [FTS_TS]fts_input_report_b: [B]P1(0, 1210)[p:6,tm:64] DOWN!
12-10 23:09:53.668     0     0 E         : [T600239] [AW35615] aw35615_protocol_reset 193: enter
12-10 23:09:53.668     0     0 E         : [T600239] [AW35615] aw35615_alert_status_clear 50: enter
12-10 23:09:53.668     0     0 E         : [T600239] [AW35615] aw35615_alert_status_clear 50: enter
12-10 23:09:53.668     0     0 E         : [T600239] [AW35615] aw35615_set_low_power_mode 168: enter
12-10 23:09:53.668     0     0 E         : [T600239] [AW35615] aw35615_is_low_power_mode 162: enter
12-10 23:09:53.726     0     0 D [T700266] [FTS_TS]fts_input_report_b: [B]P1 UP!
12-10 23:09:53.749     0     0 E         : [T700058] [AW35615] handle_core_event 1335: event = 12
12-10 23:09:53.749     0     0 E         : [T700058] [AW35615] handle_core_event 1488: aw35615 - default=0xc
12-10 23:09:53.749     0     0 E         : [T700058] [AW35615] handle_core_event 1335: event = 9
12-10 23:09:53.749     0     0 E         : [T700058] [AW35615] handle_core_event 1432: aw35615 :PD_NO_CONTRACT=0x9, PE_ST=0
12-10 23:09:53.750     0     0 E         : [T700058] [AW35615] handle_core_event 1335: event = 4
12-10 23:09:53.750     0     0 E         : [T700058] [AW35615] handle_core_event 1376: aw35615 CC_NO_ORIENT=0x4
12-10 23:09:53.756     0     0 E         : [T700058] [AW35615] aw_InitializeCore 848:  Core is initialized!
12-10 23:09:53.756     0     0 E         : [T700058] [AW35615] aw_EnableInterrupts 953:  Success: Requested INT_N IRQ: '159'
12-10 23:09:53.756     0     0 E         : [T700058] [AW35615] aw35615_init_delay_work 297: Core is initialized!
12-10 23:09:53.856     0     0 D [T700266] [FTS_TS]fts_input_report_b: [B]P0 UP!
12-10 23:09:53.856     0     0 D [T700266] [FTS_TS]fts_input_report_b: [B]Points All Up!
12-10 23:09:54.151     0     0 D [T700266] [FTS_TS]fts_input_report_b: [B]P0(0, 1245)[p:6,tm:64] DOWN!
12-10 23:09:54.164     0     0 D [T100259] [FTS_TS]idc_esdcheck_lcderror: check LCD ESD
12-10 23:09:54.316     0     0 I         : [T300064] sd 0:0:0:0: [sda] Synchronizing SCSI cache
12-10 23:09:54.316     0     0 I         : [T300034] sd 0:0:0:1: [sdb] Synchronizing SCSI cache
12-10 23:09:54.427     0     0 D [T700266] [FTS_TS]fts_input_report_b: [B]P0 UP!
12-10 23:09:54.427     0     0 D [T700266] [FTS_TS]fts_input_report_b: [B]Points All Up!
12-10 23:09:54.508     1     1 I unknown : type=1107 audit(0.0:142): uid=0 auid=4294967295 ses=4294967295 subj=u:r:init:s0 msg='avc: denied { set } for property=ro.boottime.init.fsck.data pid=312 uid=0 gid=0 scontext=u:r:recovery:s0 tcontext=u:object_r:boottime_public_prop:s0 tclass=property_service permissive=1'
12-10 23:09:54.543     0     0 I         : [T200312] F2FS-fs (dm-14): Using encoding defined by superblock: utf8-12.1.0 with flags 0x0
12-10 23:09:54.619     0     0 I         : [T700312] F2FS-fs (dm-14): Found nat_bits in checkpoint
12-10 23:09:54.826   312   312 I recovery: [libfs_mgr]__mount(source=/dev/block/dm-14,target=/data,type=f2fs)=0: Success
12-10 23:09:54.855     0     0 I         : [T700312] F2FS-fs (dm-14): Mounted with checkpoint version = 83a5bf9
12-10 23:09:54.827   312   312 I recovery: Mounted /data
12-10 23:09:54.824     1     1 I unknown : type=1107 audit(0.0:143): uid=0 auid=4294967295 ses=4294967295 subj=u:r:init:s0 msg='avc: denied { set } for property=ro.crypto.fs_crypto_blkdev pid=312 uid=0 gid=0 scontext=u:r:recovery:s0 tcontext=u:object_r:vold_prop:s0 tclass=property_service permissive=1'
12-10 23:09:54.824   312   312 I recovery: type=1400 audit(0.0:144): avc: denied { search } for name="unencrypted" dev="dm-14" ino=15 scontext=u:r:recovery:s0 tcontext=u:object_r:unencrypted_data_file:s0 tclass=dir permissive=1
12-10 23:09:54.824   312   312 I recovery: type=1400 audit(0.0:145): avc: denied { getattr } for path="/data/unencrypted/key/version" dev="dm-14" ino=17 scontext=u:r:recovery:s0 tcontext=u:object_r:unencrypted_data_file:s0 tclass=file permissive=1
12-10 23:09:55.184     0     0 D [T100259] [FTS_TS]idc_esdcheck_lcderror: check LCD ESD
12-10 23:09:55.829   312   312 I recovery: fscrypt_initialize_systemwide_keys
12-10 23:09:55.829   312   312 I recovery: Key exists, using: /data/unencrypted/key
12-10 23:09:55.829   312   312 I recovery: Retrieving key from keymaster
12-10 23:09:55.828   312   312 I recovery: type=1400 audit(0.0:146): avc: denied { read } for name="version" dev="dm-14" ino=17 scontext=u:r:recovery:s0 tcontext=u:object_r:unencrypted_data_file:s0 tclass=file permissive=1
12-10 23:09:55.828   312   312 I recovery: type=1400 audit(0.0:147): avc: denied { open } for path="/data/unencrypted/key/version" dev="dm-14" ino=17 scontext=u:r:recovery:s0 tcontext=u:object_r:unencrypted_data_file:s0 tclass=file permissive=1
12-10 23:09:55.828   312   312 I recovery: type=1400 audit(0.0:148): avc: denied { call } for scontext=u:r:recovery:s0 tcontext=u:r:recovery:s0 tclass=binder permissive=1
12-10 23:09:55.828   284   284 I servicemanager: type=1400 audit(0.0:149): avc: denied { transfer } for scontext=u:r:recovery:s0 tcontext=u:r:recovery:s0 tclass=binder permissive=1
12-10 23:09:55.832   312   312 I recovery: reading blob_file: /data/unencrypted/key/keymaster_key_blob
12-10 23:09:55.832   312   312 E recovery: key mkdir /tmp/keymaster_key_blob/: File exists
12-10 23:09:55.833   320   320 E keymint : TrustKernelKeyMintImplementation.cpp:1642: TEE return -62
12-10 23:09:55.834   312   312 I recovery: Upgrading key: /data/unencrypted/key/keymaster_key_blob
12-10 23:09:55.828   312   312 I recovery: type=1400 audit(0.0:150): avc: denied { read } for name="/" dev="dm-14" ino=3 scontext=u:r:recovery:s0 tcontext=u:object_r:system_data_root_file:s0 tclass=dir permissive=1
12-10 23:09:55.828   312   312 I recovery: type=1400 audit(0.0:151): avc: denied { open } for path="/data" dev="dm-14" ino=3 scontext=u:r:recovery:s0 tcontext=u:object_r:system_data_root_file:s0 tclass=dir permissive=1
12-10 23:09:55.828   312   312 I recovery: type=1400 audit(0.0:152): avc: denied { ioctl } for path="/data" dev="dm-14" ino=3 ioctlcmd=0x6617 scontext=u:r:recovery:s0 tcontext=u:object_r:system_data_root_file:s0 tclass=dir permissive=1
12-10 23:09:55.835   312   312 I recovery: Installed fscrypt key with ref b92bafddc52b444af9d0dbb086fec357 to /data
