12-11 17:56:36.959  1248  1248 D SystemServerTimingAsync: ssm.onStartUser-0_com.android.server.NetworkScoreService$Lifecycle
12-11 17:56:36.960  1248  1248 D SystemServerTimingAsync: ssm.onStartUser-0_com.android.server.NetworkStatsServiceInitializer
12-11 17:56:36.960  1248  1248 D SystemServerTimingAsync: ssm.onStartUser-0_com.android.server.wifi.WifiService
12-11 17:56:36.960  1248  1248 D SystemServerTimingAsync: ssm.onStartUser-0_com.android.server.wifi.scanner.WifiScanningService
12-11 17:56:36.960  1248  1248 D SystemServerTimingAsync: ssm.onStartUser-0_com.android.server.wifi.p2p.WifiP2pService
12-11 17:56:36.960  1248  1248 D SystemServerTimingAsync: ssm.onStartUser-0_com.android.server.ConnectivityServiceInitializer
12-11 17:56:36.960  1248  1248 D SystemServerTimingAsync: ssm.onStartUser-0_com.android.server.ConnectivityServiceInitializerB
12-11 17:56:36.960  1248  1248 D SystemServerTimingAsync: ssm.onStartUser-0_com.android.server.notification.NotificationManagerService
12-11 17:56:36.960  1248  1248 D SystemServerTimingAsync: ssm.onStartUser-0_com.android.server.storage.DeviceStorageMonitorService
12-11 17:56:36.960  1248  1248 D SystemServerTimingAsync: ssm.onStartUser-0_com.android.server.timedetector.TimeDetectorService$Lifecycle
12-11 17:56:36.960  1248  1248 D SystemServerTimingAsync: ssm.onStartUser-0_com.android.server.location.LocationManagerService$Lifecycle
12-11 17:56:36.964  1248  1248 D SystemServerTimingAsync: ssm.onStartUser-0_com.android.server.timezonedetector.TimeZoneDetectorService$Lifecycle
12-11 17:56:36.964  1248  1248 D SystemServerTimingAsync: ssm.onStartUser-0_com.android.server.location.altitude.AltitudeService$Lifecycle
12-11 17:56:36.964  1248  1248 D SystemServerTimingAsync: ssm.onStartUser-0_com.android.server.timezonedetector.location.LocationTimeZoneManagerService$Lifecycle
12-11 17:56:36.964  1248  1248 D SystemServerTimingAsync: ssm.onStartUser-0_com.android.server.search.SearchManagerService$Lifecycle
12-11 17:56:36.964  1248  1248 D SystemServerTimingAsync: ssm.onStartUser-0_com.android.server.wallpaper.WallpaperManagerService$Lifecycle
12-11 17:56:36.964  1248  1248 D SystemServerTimingAsync: ssm.onStartUser-0_com.android.server.audio.AudioService$Lifecycle
12-11 17:56:36.964  1248  1248 D SystemServerTimingAsync: ssm.onStartUser-0_com.android.server.soundtrigger_middleware.SoundTriggerMiddlewareService$Lifecycle
12-11 17:56:36.964  1248  1248 D SystemServerTimingAsync: ssm.onStartUser-0_com.android.server.DockObserver
12-11 17:56:36.964  1248  1248 D SystemServerTimingAsync: ssm.onStartUser-0_com.android.server.midi.MidiService$Lifecycle
12-11 17:56:36.964  1248  1248 D SystemServerTimingAsync: ssm.onStartUser-0_com.android.server.adb.AdbService$Lifecycle
12-11 17:56:36.964  1248  1248 D SystemServerTimingAsync: ssm.onStartUser-0_com.android.server.usb.UsbService$Lifecycle
12-11 17:56:36.964  1248  1248 D SystemServerTimingAsync: ssm.onStartUser-0_com.android.server.SerialService$Lifecycle
12-11 17:56:36.964  1248  1248 D SystemServerTimingAsync: ssm.onStartUser-0_com.android.server.twilight.TwilightService
12-11 17:56:36.964  1248  1248 D SystemServerTimingAsync: ssm.onStartUser-0_com.android.server.display.color.ColorDisplayService
12-11 17:56:36.965  1248  1248 D SystemServerTimingAsync: ssm.onStartUser-0_com.android.server.job.JobSchedulerService
12-11 17:56:36.965  1248  1248 D SystemServerTimingAsync: ssm.onStartUser-0_com.android.server.soundtrigger.SoundTriggerService
12-11 17:56:36.965  1248  1248 D SystemServerTimingAsync: ssm.onStartUser-0_com.android.server.trust.TrustManagerService
12-11 17:56:36.965  1248  1248 D SystemServerTimingAsync: ssm.onStartUser-0_com.android.server.backup.BackupManagerService$Lifecycle
12-11 17:56:36.965  1248  1248 D SystemServerTimingAsync: ssm.onStartUser-0_com.android.server.appwidget.AppWidgetService
12-11 17:56:36.965  1248  1248 D SystemServerTimingAsync: ssm.onStartUser-0_com.android.server.voiceinteraction.VoiceInteractionManagerService
12-11 17:56:36.965  1248  1248 W VoiceInteractionManager: no available voice recognition services found for user 0
12-11 17:56:36.965  1248  1248 D SystemServerTimingAsync: ssm.onStartUser-0_com.android.server.GestureLauncherService
12-11 17:56:36.965  1248  1248 D SystemServerTimingAsync: ssm.onStartUser-0_com.android.server.SensorNotificationService
12-11 17:56:36.965  1248  1248 D SystemServerTimingAsync: ssm.onStartUser-0_com.android.server.emergency.EmergencyAffordanceService
12-11 17:56:36.966  1248  1248 D SystemServerTimingAsync: ssm.onStartUser-0_com.android.server.blob.BlobStoreManagerService
12-11 17:56:36.966  1248  1248 D SystemServerTimingAsync: ssm.onStartUser-0_com.android.server.dreams.DreamManagerService
12-11 17:56:36.966  1248  1292 I ActivityManager: Start proc 1779:com.android.bluetooth/1002 for service {com.android.bluetooth/com.android.bluetooth.btservice.AdapterService}
12-11 17:56:36.966  1248  1248 D SystemServerTimingAsync: ssm.onStartUser-0_com.android.server.print.PrintManagerService
12-11 17:56:36.966  1248  1248 D SystemServerTimingAsync: ssm.onStartUser-0_com.android.server.security.AttestationVerificationManagerService
12-11 17:56:36.966  1248  1248 D SystemServerTimingAsync: ssm.onStartUser-0_com.android.server.companion.CompanionDeviceManagerService
12-11 17:56:36.966  1248  1248 D SystemServerTimingAsync: ssm.onStartUser-0_com.android.server.companion.virtual.VirtualDeviceManagerService
12-11 17:56:36.966  1248  1248 D SystemServerTimingAsync: ssm.onStartUser-0_com.android.server.restrictions.RestrictionsManagerService
12-11 17:56:36.966  1248  1248 D SystemServerTimingAsync: ssm.onStartUser-0_com.android.server.media.MediaSessionService
12-11 17:56:36.967  1248  1248 D SystemServerTimingAsync: ssm.onStartUser-0_com.android.server.media.MediaResourceMonitorService
12-11 17:56:36.967  1248  1248 D SystemServerTimingAsync: ssm.onStartUser-0_com.android.server.biometrics.BiometricService
12-11 17:56:36.967  1248  1248 D SystemServerTimingAsync: ssm.onStartUser-0_com.android.server.biometrics.AuthService
12-11 17:56:36.967  1248  1248 D SystemServerTimingAsync: ssm.onStartUser-0_com.android.server.security.authenticationpolicy.AuthenticationPolicyService
12-11 17:56:36.967  1248  1248 D SystemServerTimingAsync: ssm.onStartUser-0_com.android.server.pm.ShortcutService$Lifecycle
12-11 17:56:36.967  1248  1248 D SystemServerTimingAsync: ssm.onStartUser-0_com.android.server.pm.LauncherAppsService
12-11 17:56:36.967  1248  1248 D SystemServerTimingAsync: ssm.onStartUser-0_com.android.server.pm.CrossProfileAppsService
12-11 17:56:36.967  1248  1248 D SystemServerTimingAsync: ssm.onStartUser-0_com.android.server.people.PeopleService
12-11 17:56:36.967  1248  1248 D SystemServerTimingAsync: ssm.onStartUser-0_com.android.server.media.metrics.MediaMetricsManagerService
12-11 17:56:36.967  1248  1248 D SystemServerTimingAsync: ssm.onStartUser-0_com.android.server.pm.BackgroundInstallControlService
12-11 17:56:36.967  1248  1248 D SystemServerTimingAsync: ssm.onStartUser-0_com.android.server.media.projection.MediaProjectionManagerService
12-11 17:56:36.967  1248  1248 D SystemServerTimingAsync: ssm.onStartUser-0_com.android.server.slice.SliceManagerService$Lifecycle
12-11 17:56:36.967  1248  1248 D SystemServerTimingAsync: ssm.onStartUser-0_com.android.server.stats.StatsCompanion$Lifecycle
12-11 17:56:36.967  1248  1248 D SystemServerTimingAsync: ssm.onStartUser-0_com.android.server.scheduling.RebootReadinessManagerService$Lifecycle
12-11 17:56:36.967  1248  1248 D SystemServerTimingAsync: ssm.onStartUser-0_com.android.server.stats.pull.StatsPullAtomService
12-11 17:56:36.967  1248  1248 D SystemServerTimingAsync: ssm.onStartUser-0_com.android.server.stats.bootstrap.StatsBootstrapAtomService$Lifecycle
12-11 17:56:36.967  1248  1248 D SystemServerTimingAsync: ssm.onStartUser-0_com.android.server.incident.IncidentCompanionService
12-11 17:56:36.967  1248  1248 D SystemServerTimingAsync: ssm.onStartUser-0_com.android.server.sdksandbox.SdkSandboxManagerService$Lifecycle
12-11 17:56:36.967  1248  1248 D SystemServerTimingAsync: ssm.onStartUser-0_com.android.server.adservices.AdServicesManagerService$Lifecycle
12-11 17:56:36.967  1248  1248 D SystemServerTimingAsync: ssm.onStartUser-0_com.android.server.ondevicepersonalization.OnDevicePersonalizationSystemService$Lifecycle
12-11 17:56:36.967  1248  1248 D SystemServerTimingAsync: ssm.onStartUser-0_android.os.profiling.ProfilingService$Lifecycle
12-11 17:56:36.967  1248  1248 D SystemServerTimingAsync: ssm.onStartUser-0_com.android.server.MmsServiceBroker
12-11 17:56:36.967  1248  1248 D SystemServerTimingAsync: ssm.onStartUser-0_com.android.server.autofill.AutofillManagerService
12-11 17:56:36.967  1248  1248 D SystemServerTimingAsync: ssm.onStartUser-0_com.android.server.credentials.CredentialManagerService
12-11 17:56:36.967  1248  1248 D SystemServerTimingAsync: ssm.onStartUser-0_com.android.server.clipboard.ClipboardService
12-11 17:56:36.967  1248  1248 D SystemServerTimingAsync: ssm.onStartUser-0_com.android.server.appbinding.AppBindingService$Lifecycle
12-11 17:56:36.968  1248  1248 D SystemServerTimingAsync: ssm.onStartUser-0_com.android.server.tracing.TracingServiceProxy
12-11 17:56:36.968  1248  1248 D SystemServerTimingAsync: ssm.onStartUser-0_org.lineageos.platform.internal.ProfileManagerService
12-11 17:56:36.968  1248  1248 D SystemServerTimingAsync: ssm.onStartUser-0_org.lineageos.platform.internal.LineageHardwareService
12-11 17:56:36.968  1248  1248 D SystemServerTimingAsync: ssm.onStartUser-0_org.lineageos.platform.internal.display.LiveDisplayService
12-11 17:56:36.968  1248  1248 D SystemServerTimingAsync: ssm.onStartUser-0_org.lineageos.platform.internal.TrustInterfaceService
12-11 17:56:36.968  1248  1248 D SystemServerTimingAsync: ssm.onStartUser-0_org.lineageos.platform.internal.LineageSettingsService
12-11 17:56:36.968  1248  1248 D SystemServerTimingAsync: ssm.onStartUser-0_org.lineageos.platform.internal.LineageGlobalActionsService
12-11 17:56:36.968  1248  1248 D SystemServerTimingAsync: ssm.onStartUser-0_org.lineageos.platform.internal.health.HealthInterfaceService
12-11 17:56:36.968  1248  1248 D SystemServerTimingAsync: ssm.onStartUser-0_com.android.server.policy.PermissionPolicyService
12-11 17:56:36.968  1248  1248 D SystemServerTimingAsync: ssm.onStartUser-0_com.android.server.pm.StagingManager$Lifecycle
12-11 17:56:36.968  1248  1248 D SystemServerTimingAsync: ssm.onStartUser-0_com.android.server.crashrecovery.CrashRecoveryModule$Lifecycle
12-11 17:56:36.968  1248  1248 D SystemServerTimingAsync: ssm.onStartUser-0_com.android.server.app.GameManagerService$Lifecycle
12-11 17:56:36.968  1248  1248 D GameManagerService: Starting user 0
12-11 17:56:36.970  1633  1673 D ShellSplitScreen: onTaskAppeared: task=TaskInfo{userId=0 taskId=2 effectiveUid=0 displayId=0 isRunning=false baseIntent=Intent {  } baseActivity=null topActivity=null origActivity=null realActivity=null numActivities=0 lastActiveTime=16440 supportsMultiWindow=true resizeMode=2 isResizeable=true minWidth=-1 minHeight=-1 defaultMinSize=220 token=WCT{android.window.IWindowContainerToken$Stub$Proxy@cb102f3} topActivityType=0 pictureInPictureParams=null shouldDockBigOverlays=false launchIntoPipHostTaskId=-1 lastParentTaskIdBeforePip=-1 displayCutoutSafeInsets=Rect(0, 0 - 0, 0) topActivityInfo=null launchCookies=[android.os.Binder@4ad85af] positionInParent=Point(0, 0) parentTaskId=-1 isFocused=false isVisible=false isVisibleRequested=false isTopActivityNoDisplay=false isSleeping=false locusId=null displayAreaFeatureId=1 isTopActivityTransparent=false isActivityStackTransparent=true lastNonFullscreenBounds=null capturedLink=null capturedLinkTimestamp=0 requestedVisibleTypes=-9 topActivityRequestOpenInBrowserEducationTimestamp=0 appCompatTaskInfo=AppCompatTaskInfo { topActivityInSizeCompat=false eligibleForLetterboxEducation= false isLetterboxEducationEnabled= false isLetterboxDoubleTapEnabled= false eligibleForUserAspectRatioButton= false topActivityBoundsLetterboxed= false isFromLetterboxDoubleTap= false topActivityLetterboxVerticalPosition= -1 topActivityLetterboxHorizontalPosition= -1 topActivityLetterboxWidth=-1 topActivityLetterboxHeight=-1 topActivityLetterboxAppWidth=-1 topActivityLetterboxAppHeight=-1 isUserFullscreenOverrideEnabled=false isSystemFullscreenOverrideEnabled=false hasMinAspectRatioOverride=false topActivityLetterboxBounds=null cameraCompatTaskInfo=CameraCompatTaskInfo { freeformCameraCompatMode=inactive}} topActivityMainWindowFrame=null}
12-11 17:56:36.971  1248  1248 D SystemServerTimingAsync: ssm.onStartUser-0_com.android.safetycenter.SafetyCenterService
12-11 17:56:36.971  1248  1248 D SystemServerTimingAsync: ssm.onStartUser-0_com.android.server.appsearch.AppSearchModule$Lifecycle
12-11 17:56:36.971  1248  1248 D SystemServerTimingAsync: ssm.onStartUser-0_com.android.server.media.MediaCommunicationService
12-11 17:56:36.971  1248  1248 D SystemServerTimingAsync: ssm.onStartUser-0_com.android.server.compat.overrides.AppCompatOverridesService$Lifecycle
12-11 17:56:36.971  1248  1248 D SystemServerTimingAsync: ssm.onStartUser-0_com.android.server.healthconnect.HealthConnectManagerService
12-11 17:56:36.971  1248  1248 D SystemServerTimingAsync: ssm.onStartUser-0_com.android.server.devicelock.DeviceLockService
12-11 17:56:36.971  1248  1248 D SystemServerTimingAsync: ssm.onStartUser-0_com.android.server.SensitiveContentProtectionManagerService
12-11 17:56:36.972  1248  1248 D SystemServerTiming: startPersistentApps
12-11 17:56:36.973  1248  1248 D CompatChangeReporter: Compat change id reported: 151861875; UID 1068; state: ENABLED
12-11 17:56:36.973  1633  1673 D ShellSplitScreen: onRootTaskAppeared: rootTask=TaskInfo{userId=0 taskId=2 effectiveUid=0 displayId=0 isRunning=false baseIntent=Intent {  } baseActivity=null topActivity=null origActivity=null realActivity=null numActivities=0 lastActiveTime=16440 supportsMultiWindow=true resizeMode=2 isResizeable=true minWidth=-1 minHeight=-1 defaultMinSize=220 token=WCT{android.window.IWindowContainerToken$Stub$Proxy@cb102f3} topActivityType=0 pictureInPictureParams=null shouldDockBigOverlays=false launchIntoPipHostTaskId=-1 lastParentTaskIdBeforePip=-1 displayCutoutSafeInsets=Rect(0, 0 - 0, 0) topActivityInfo=null launchCookies=[android.os.Binder@4ad85af] positionInParent=Point(0, 0) parentTaskId=-1 isFocused=false isVisible=false isVisibleRequested=false isTopActivityNoDisplay=false isSleeping=false locusId=null displayAreaFeatureId=1 isTopActivityTransparent=false isActivityStackTransparent=true lastNonFullscreenBounds=null capturedLink=null capturedLinkTimestamp=0 requestedVisibleTypes=-9 topActivityRequestOpenInBrowserEducationTimestamp=0 appCompatTaskInfo=AppCompatTaskInfo { topActivityInSizeCompat=false eligibleForLetterboxEducation= false isLetterboxEducationEnabled= false isLetterboxDoubleTapEnabled= false eligibleForUserAspectRatioButton= false topActivityBoundsLetterboxed= false isFromLetterboxDoubleTap= false topActivityLetterboxVerticalPosition= -1 topActivityLetterboxHorizontalPosition= -1 topActivityLetterboxWidth=-1 topActivityLetterboxHeight=-1 topActivityLetterboxAppWidth=-1 topActivityLetterboxAppHeight=-1 isUserFullscreenOverrideEnabled=false isSystemFullscreenOverrideEnabled=false hasMinAspectRatioOverride=false topActivityLetterboxBounds=null cameraCompatTaskInfo=CameraCompatTaskInfo { freeformCameraCompatMode=inactive}} topActivityMainWindowFrame=null} mainRoot=false sideRoot=false
12-11 17:56:36.973  1633  1673 D ShellDesktopMode: DesktopRepository: getVisibleTaskCount=0
12-11 17:56:36.973  1633  1673 D ShellSplitScreen: onTaskAppeared: taskId=3 taskParent=-1 rootTask=-1 stageId=MAIN taskActivity=null
12-11 17:56:36.974  1248  1248 D SystemServerTiming: startHomeOnAllDisplays
12-11 17:56:36.974  1633  1673 D ShellSplitScreen: onRootTaskAppeared: rootTask=TaskInfo{userId=0 taskId=2 effectiveUid=0 displayId=0 isRunning=false baseIntent=Intent {  } baseActivity=null topActivity=null origActivity=null realActivity=null numActivities=0 lastActiveTime=16440 supportsMultiWindow=true resizeMode=2 isResizeable=true minWidth=-1 minHeight=-1 defaultMinSize=220 token=WCT{android.window.IWindowContainerToken$Stub$Proxy@cb102f3} topActivityType=0 pictureInPictureParams=null shouldDockBigOverlays=false launchIntoPipHostTaskId=-1 lastParentTaskIdBeforePip=-1 displayCutoutSafeInsets=Rect(0, 0 - 0, 0) topActivityInfo=null launchCookies=[android.os.Binder@4ad85af] positionInParent=Point(0, 0) parentTaskId=-1 isFocused=false isVisible=false isVisibleRequested=false isTopActivityNoDisplay=false isSleeping=false locusId=null displayAreaFeatureId=1 isTopActivityTransparent=false isActivityStackTransparent=true lastNonFullscreenBounds=null capturedLink=null capturedLinkTimestamp=0 requestedVisibleTypes=-9 topActivityRequestOpenInBrowserEducationTimestamp=0 appCompatTaskInfo=AppCompatTaskInfo { topActivityInSizeCompat=false eligibleForLetterboxEducation= false isLetterboxEducationEnabled= false isLetterboxDoubleTapEnabled= false eligibleForUserAspectRatioButton= false topActivityBoundsLetterboxed= false isFromLetterboxDoubleTap= false topActivityLetterboxVerticalPosition= -1 topActivityLetterboxHorizontalPosition= -1 topActivityLetterboxWidth=-1 topActivityLetterboxHeight=-1 topActivityLetterboxAppWidth=-1 topActivityLetterboxAppHeight=-1 isUserFullscreenOverrideEnabled=false isSystemFullscreenOverrideEnabled=false hasMinAspectRatioOverride=false topActivityLetterboxBounds=null cameraCompatTaskInfo=CameraCompatTaskInfo { freeformCameraCompatMode=inactive}} topActivityMainWindowFrame=null} mainRoot=true sideRoot=false
12-11 17:56:36.976  1248  1248 W ActivityTaskManager: callingPackage for (uid=-1, pid=0) has no WPC
12-11 17:56:36.976  1633  1673 D ShellDesktopMode: DesktopRepository: getVisibleTaskCount=0
12-11 17:56:36.976  1633  1673 D ShellSplitScreen: onTaskAppeared: taskId=4 taskParent=-1 rootTask=-1 stageId=SIDE taskActivity=null
12-11 17:56:36.977  1633  1673 D ShellSplitScreen: onRootTaskAppeared: rootTask=TaskInfo{userId=0 taskId=2 effectiveUid=0 displayId=0 isRunning=false baseIntent=Intent {  } baseActivity=null topActivity=null origActivity=null realActivity=null numActivities=0 lastActiveTime=16440 supportsMultiWindow=true resizeMode=2 isResizeable=true minWidth=-1 minHeight=-1 defaultMinSize=220 token=WCT{android.window.IWindowContainerToken$Stub$Proxy@cb102f3} topActivityType=0 pictureInPictureParams=null shouldDockBigOverlays=false launchIntoPipHostTaskId=-1 lastParentTaskIdBeforePip=-1 displayCutoutSafeInsets=Rect(0, 0 - 0, 0) topActivityInfo=null launchCookies=[android.os.Binder@4ad85af] positionInParent=Point(0, 0) parentTaskId=-1 isFocused=false isVisible=false isVisibleRequested=false isTopActivityNoDisplay=false isSleeping=false locusId=null displayAreaFeatureId=1 isTopActivityTransparent=false isActivityStackTransparent=true lastNonFullscreenBounds=null capturedLink=null capturedLinkTimestamp=0 requestedVisibleTypes=-9 topActivityRequestOpenInBrowserEducationTimestamp=0 appCompatTaskInfo=AppCompatTaskInfo { topActivityInSizeCompat=false eligibleForLetterboxEducation= false isLetterboxEducationEnabled= false isLetterboxDoubleTapEnabled= false eligibleForUserAspectRatioButton= false topActivityBoundsLetterboxed= false isFromLetterboxDoubleTap= false topActivityLetterboxVerticalPosition= -1 topActivityLetterboxHorizontalPosition= -1 topActivityLetterboxWidth=-1 topActivityLetterboxHeight=-1 topActivityLetterboxAppWidth=-1 topActivityLetterboxAppHeight=-1 isUserFullscreenOverrideEnabled=false isSystemFullscreenOverrideEnabled=false hasMinAspectRatioOverride=false topActivityLetterboxBounds=null cameraCompatTaskInfo=CameraCompatTaskInfo { freeformCameraCompatMode=inactive}} topActivityMainWindowFrame=null} mainRoot=true sideRoot=true
12-11 17:56:36.978  1248  1248 W ActivityStartInterceptor: Starting home with component specified, uid=0
12-11 17:56:36.981  1248  1248 D CompatChangeReporter: Compat change id reported: 151861875; UID 1000; state: ENABLED
12-11 17:56:36.989  1248  1248 W OptProp : Cannot read opt property android.window.PROPERTY_COMPAT_ALLOW_MIN_ASPECT_RATIO_OVERRIDE
12-11 17:56:36.995  1248  1248 W OptProp : Cannot read opt property android.window.PROPERTY_COMPAT_ALLOW_ORIENTATION_OVERRIDE
12-11 17:56:37.005  1248  1248 I ActivityTaskManager: START u0 {act=android.intent.action.MAIN cat=[android.intent.category.HOME] flg=0x10000100 cmp=com.android.settings/.FallbackHome (has extras)} with LAUNCH_MULTIPLE from uid 0 (BAL_ALLOW_ALLOWLISTED_UID) result code=0
12-11 17:56:37.006  1248  1248 D SystemServerTiming: sendUserStartBroadcast
12-11 17:56:37.006  1248  1248 D SystemServerTiming: broadcastIntent-0-android.intent.action.USER_STARTED
12-11 17:56:37.006  1248  1248 D SystemServerTiming: broadcastIntent--1-android.intent.action.USER_STARTING
12-11 17:56:37.006  1248  1248 D SystemServerTiming: resumeTopActivities
12-11 17:56:37.007  1248  1270 V WindowManager: Queueing legacy sync-set: 1
12-11 17:56:37.008  1248  1248 D SystemServerTiming: sendUserSwitchBroadcasts
12-11 17:56:37.008  1633  1673 D ShellDesktopMode: DesktopRepository: getVisibleTaskCount=0
12-11 17:56:37.008  1248  1248 D SystemServerTiming: broadcastIntent-0-android.intent.action.USER_FOREGROUND
12-11 17:56:37.008  1248  1248 D SystemServerTiming: broadcastIntent--1-android.intent.action.USER_SWITCHED
12-11 17:56:37.009  1248  1248 D SystemServerTiming: setBinderProxies
12-11 17:56:37.009  1248  1248 D SystemServerTiming: componentAlias
12-11 17:56:37.009  1248  1248 D ComponentAliasResolver: Compat listener set.
12-11 17:56:37.009  1248  1248 D SystemServerTiming: LockSettingsThirdPartyAppsStarted
12-11 17:56:37.009  1248  1248 D SystemServerTiming: StartSystemUI
12-11 17:56:37.009  1248  1292 I ActivityManager: Start proc 1781:com.android.se/1068 for added application com.android.se
12-11 17:56:37.010  1248  1271 D CoreBackPreview: Window{704040a u0 ShellDropTarget}: Setting back callback OnBackInvokedCallbackInfo{mCallback=android.window.IOnBackInvokedCallback$Stub$Proxy@e3fe422, mPriority=0, mIsAnimationCallback=false, mOverrideBehavior=0}
12-11 17:56:37.023  1248  1248 D SystemServerTiming: startApexServices
12-11 17:56:37.023  1248  1248 D SystemServerTiming: starting com.android.server.scheduling.RebootReadinessManagerService$Lifecycle
12-11 17:56:37.023  1248  1248 I SystemServiceManager: Starting com.android.server.scheduling.RebootReadinessManagerService$Lifecycle
12-11 17:56:37.023  1248  1248 I SystemServiceManager: Not starting an already started service com.android.server.scheduling.RebootReadinessManagerService$Lifecycle
12-11 17:56:37.023  1248  1248 D SystemServerTiming: UpdateWatchdogTimeout
12-11 17:56:37.023  1248  1292 I Watchdog: Interesting Java process com.android.phone started. Pid 1803
12-11 17:56:37.023  1248  1292 I ActivityManager: Start proc 1803:com.android.phone/1001 for added application com.android.phone
12-11 17:56:37.023  1248  1248 I Watchdog: Watchdog timeout updated to 60000 millis
12-11 17:56:37.028  1248  1248 W Looper  : Slow delivery took 2413ms main h=android.app.ActivityThread$H c=null m=156
12-11 17:56:37.030  1248  1248 D ConditionProviders.SCP: onConnected
12-11 17:56:37.030  1248  1248 D ConditionProviders.SCP: onSubscribe condition://android/schedule?days=1.2.3.4.5.6.7&start=22.0&end=7.0&exitAtAlarm=true
12-11 17:56:37.031  1248  1248 D ConditionProviders.SCP: setRegistered true
12-11 17:56:37.031  1248  1280 I DisplayDeviceRepository: Display device same: DisplayDeviceInfo{"Built-in Screen": uniqueId="local:0", 1200 x 1920, modeId 1, renderFrameRate 60.0, hasArrSupport false, frameRateCategoryRate FrameRateCategoryRate {normal=60.0, high=90.0}, supportedRefreshRates [], defaultModeId 1, userPreferredModeId -1, supportedModes [{id=1, width=1200, height=1920, fps=60.0, vsync=60.0, synthetic=false, alternativeRefreshRates=[], supportedHdrTypes=[]}], colorMode 0, supportedColorModes [0], hdrCapabilities HdrCapabilities{mSupportedHdrTypes=[], mMaxLuminance=500.0, mMaxAverageLuminance=500.0, mMinLuminance=0.0}, isForceSdr false, allmSupported false, gameContentTypeSupported false, density 280, 213.146 x 204.907 dpi, appVsyncOff 2400001, presDeadline 28600000, touch INTERNAL, rotation 0, type INTERNAL, address {port=0}, deviceProductInfo null, state ON, committedState ON, frameRateOverride , brightnessMinimum 0.0, brightnessMaximum 1.0, brightnessDefault 0.515, brightnessDim 0.05, hdrSdrRatio NaN, FLAG_ALLOWED_TO_BE_DEFAULT_DISPLAY, FLAG_ROTATES_WITH_CONTENT, FLAG_SECURE, FLAG_SUPPORTS_PROTECTED_BUFFERS, FLAG_TRUSTED, installOrientation 0, displayShape DisplayShape{ spec=1237991957 displayWidth=1200 displayHeight=1920 physicalPixelDisplaySizeRatio=1.0 rotation=0 offsetX=0 offsetY=0 scale=1.0}}
12-11 17:56:37.034  1248  1248 D ConditionProviders.SCP: evaluateSubscriptionLocked cal=ScheduleCalendar[mDays={1, 2, 3, 4, 5, 6, 7}, mSchedule=ScheduleInfo{days=[1, 2, 3, 4, 5, 6, 7], startHour=22, startMinute=0, endHour=7, endMinute=0, exitAtAlarm=true, nextAlarm=Thu Jan 01 07:00:00 GMT+07:00 1970 (0)}], now=Thu Dec 11 17:56:37 GMT+07:00 2025 (1765450597031), nextUserAlarmTime=Thu Jan 01 07:00:00 GMT+07:00 1970 (0)
12-11 17:56:37.034  1248  1248 D ConditionProviders.SCP: notifyCondition condition://android/schedule?days=1.2.3.4.5.6.7&start=22.0&end=7.0&exitAtAlarm=true STATE_FALSE reason=!meetsSchedule
12-11 17:56:37.036  1248  1248 D ConditionProviders.SCP: Scheduling evaluate for Thu Dec 11 22:00:00 GMT+07:00 2025 (1765465200000), in +4h3m22s969ms, now=Thu Dec 11 17:56:37 GMT+07:00 2025 (1765450597031)
12-11 17:56:37.037  1248  1292 I ActivityManager: Start proc 1805:com.android.settings/1000 for top-activity {com.android.settings/com.android.settings.FallbackHome}
12-11 17:56:37.082  1248  1248 I PackageWatchdog: Syncing health check requests for packages: {}
12-11 17:56:37.082  1248  1248 I ExplicitHealthCheckController: Service not ready to get health check supported packages. Binding...
12-11 17:56:37.084  1248  1248 I ExplicitHealthCheckController: Explicit health check service is bound
12-11 17:56:37.085  1248  1467 D CompatChangeReporter: Compat change id reported: 151861875; UID 1001; state: ENABLED
12-11 17:56:37.101  1779  1779 W ActivityThread: Failed to find provider info for bluetooth_legacy.provider (user not unlocked)
12-11 17:56:37.132  1248  1248 I Telecom : SystemStateHelper: Registering broadcast receiver: android.content.IntentFilter@24ba7c8: TS.init@AAA
12-11 17:56:37.132  1248  1248 I Telecom : SystemStateHelper: Registering broadcast receiver: android.content.IntentFilter@4059061: TS.init@AAA
--------- beginning of main
12-11 17:56:37.146  1633  1633 D NavigationModeController:     /product/overlay/GlimpseFrameworksBaseOverlay.apk
12-11 17:56:37.146  1633  1633 D NavigationModeController:     /product/overlay/framework-res__lineage_P13001L__auto_generated_rro_product.apk
12-11 17:56:37.146  1633  1633 D NavigationModeController:     /product/overlay/mtk-ims/mtk-ims.apk
12-11 17:56:37.146  1633  1633 D NavigationModeController:     <empty> and /system/framework/org.lineageos.platform-res.apk
12-11 17:56:37.146  1633  1633 D NavigationModeController:     <empty> and /system_ext/priv-app/SystemUI/SystemUI.apk
12-11 17:56:37.146  1633  1633 D NavigationModeController:     /product/overlay/NavigationBarModeGestural/NavigationBarModeGesturalOverlay.apk
12-11 17:56:37.146  1633  1633 D NavigationModeController:     /data/resource-cache/com.android.systemui-accent-trxs.frro
12-11 17:56:37.146  1633  1633 D NavigationModeController:     /data/resource-cache/com.android.systemui-dynamic-HVUr.frro
12-11 17:56:37.146  1633  1633 D NavigationModeController:     /data/resource-cache/com.android.systemui-neutral-n0nQ.frro
12-11 17:56:37.146  1633  1633 D NavigationModeController:     /vendor/overlay/SystemUIResCommon.apk
12-11 17:56:37.146  1633  1633 D NavigationModeController:     /product/overlay/SystemUI__lineage_P13001L__auto_generated_rro_product.apk
12-11 17:56:37.147  1248  1248 I Telecom : CallAudioRouteController: calculateSupportedRouteMaskInit: is wired headset plugged in - false: TS.init@AAA
12-11 17:56:37.147  1248  1248 I Telecom : AudioRoute$Factory: createRetry; type=TYPE_SPEAKER, address=null, retryCount=2: TS.init@AAA
12-11 17:56:37.147  1248  1248 I Telecom : AudioRoute$Factory: type: 2: TS.init@AAA
12-11 17:56:37.150  1803  1803 D nativeloader: Configuring clns-shared-9 for other apk /system/priv-app/TelephonyProvider/TelephonyProvider.apk. target_sdk_version=35, uses_libraries=, library_path=/system/priv-app/TelephonyProvider/lib/arm64:/system/lib64:/system_ext/lib64, permitted_path=/data:/mnt/expand:/data/user_de/0/com.android.providers.telephony:/system/priv-app/TelephonyProvider:/system/lib64:/system_ext/lib64
12-11 17:56:37.150   805  1843 D MtkUiccSEHal: [se2]getIccCardStatusLocked:758: [1] > getIccCardStatus
12-11 17:56:37.151   838   838 D NVRAM   : NVRAM daemon sync start !
12-11 17:56:37.153  1803  1803 D CarrierProvider: onCreate
12-11 17:56:37.153  1633  1764 E ClockRegistry (System): Failed to parse clock settings
12-11 17:56:37.153  1633  1764 E ClockRegistry (System): java.lang.NullPointerException: Attempt to invoke virtual method 'int java.lang.String.length()' on a null object reference
12-11 17:56:37.153  1633  1764 E ClockRegistry (System): 	at org.json.JSONTokener.nextCleanInternal(JSONTokener.java:121)
12-11 17:56:37.153  1633  1764 E ClockRegistry (System): 	at org.json.JSONTokener.nextValue(JSONTokener.java:98)
12-11 17:56:37.153  1633  1764 E ClockRegistry (System): 	at org.json.JSONObject.<init>(JSONObject.java:168)
12-11 17:56:37.153  1633  1764 E ClockRegistry (System): 	at org.json.JSONObject.<init>(JSONObject.java:185)
12-11 17:56:37.153  1633  1764 E ClockRegistry (System): 	at com.android.systemui.shared.clocks.ClockRegistry.querySettings(go/retraceme 8688cd557d692b702c1093a9121d1ff454d572a1e6d6d8374eb2c9085775830f:24)
12-11 17:56:37.153  1633  1764 E ClockRegistry (System): 	at com.android.systemui.shared.clocks.ClockRegistry$registerListeners$1.invokeSuspend(go/retraceme 8688cd557d692b702c1093a9121d1ff454d572a1e6d6d8374eb2c9085775830f:12)
12-11 17:56:37.153  1633  1764 E ClockRegistry (System): 	at kotlin.coroutines.jvm.internal.BaseContinuationImpl.resumeWith(go/retraceme 8688cd557d692b702c1093a9121d1ff454d572a1e6d6d8374eb2c9085775830f:8)
12-11 17:56:37.153  1633  1764 E ClockRegistry (System): 	at kotlinx.coroutines.DispatchedTask.run(go/retraceme 8688cd557d692b702c1093a9121d1ff454d572a1e6d6d8374eb2c9085775830f:110)
12-11 17:56:37.153  1633  1764 E ClockRegistry (System): 	at java.util.concurrent.Executors$RunnableAdapter.call(Executors.java:524)
12-11 17:56:37.153  1633  1764 E ClockRegistry (System): 	at java.util.concurrent.FutureTask.run(FutureTask.java:317)
12-11 17:56:37.153  1633  1764 E ClockRegistry (System): 	at java.util.concurrent.ScheduledThreadPoolExecutor$ScheduledFutureTask.run(ScheduledThreadPoolExecutor.java:348)
12-11 17:56:37.153  1633  1764 E ClockRegistry (System): 	at java.util.concurrent.ThreadPoolExecutor.runWorker(ThreadPoolExecutor.java:1156)
12-11 17:56:37.153  1633  1764 E ClockRegistry (System): 	at java.util.concurrent.ThreadPoolExecutor$Worker.run(ThreadPoolExecutor.java:651)
12-11 17:56:37.153  1633  1764 E ClockRegistry (System): 	at java.lang.Thread.run(Thread.java:1119)
12-11 17:56:37.155  1803  1803 D DeferredSmsMmsRestoreService: startIfFilesExist: no files to restore
12-11 17:56:37.155  1803  1803 D DeferredSmsMmsRestoreService: addAllSharedPrefToLocalLog
12-11 17:56:37.158   805   805 D SE-RadioResponse: [se1]getIccCardStatusResponse_1_4:77: enter
12-11 17:56:37.158   805   805 D SERadioRspHandler: [se1]getIccCardStatusResponse:101: enter
12-11 17:56:37.159   805  1841 D MtkUiccSEHal: [se1]getIccCardStatusLocked:777: [1] < getIccCardStatus 1 err=0
12-11 17:56:37.159   805  1841 D MtkUiccSEHal: [se1]getIccCardStatusLocked:781: [1] < getIccCardStatus
12-11 17:56:37.159   805  1841 D MtkUiccSEHal: [se1]handleCallbackThread:226: onStateChange 1
12-11 17:56:37.159  1781  1839 I SecureElement-Terminal-SIM1: OnStateChange:true reason:UICC ready
12-11 17:56:37.160  1781  1839 I SecureElement-AccessControlEnforcer: Allowed ACE mode: ara=true arf=true fullaccess=false
12-11 17:56:37.161   805  1841 D MtkUiccSEHal: [se1]openLogicalChannel:418: [2] > open logical *
12-11 17:56:37.163  1779  1779 D BluetoothAdapterService: onCreate()
12-11 17:56:37.165   805   805 D SE-RadioResponse: [se2]getIccCardStatusResponse_1_4:77: enter
12-11 17:56:37.165   805   805 D SERadioRspHandler: [se2]getIccCardStatusResponse:101: enter
12-11 17:56:37.166  1803  1803 D CarrierIdProvider: onCreate
12-11 17:56:37.167   805  1843 D MtkUiccSEHal: [se2]getIccCardStatusLocked:777: [1] < getIccCardStatus 0 err=0
12-11 17:56:37.167   805  1843 D MtkUiccSEHal: [se2]getIccCardStatusLocked:781: [1] < getIccCardStatus
12-11 17:56:37.167  1803  1803 D CarrierIdProvider$CarrierIdDatabaseHelper: CarrierIdDatabaseHelper: 5
12-11 17:56:37.167   805  1843 D MtkUiccSEHal: [se2]handleCallbackThread:226: onStateChange 0
12-11 17:56:37.169  1248  1847 I Telecom : CallAudioModeStateMachine: Audio focus entering UNFOCUSED state
12-11 17:56:37.169  1248  1847 I Telecom : CallAudioModeStateMachine: Message received: null.: TS.init->CAMSM.pM_1@AAA
12-11 17:56:37.169  1633  1844 V MediaRouter: Selecting route: RouteInfo{ name=Phone, description=null, status=null, category=RouteCategory{ name=System types=ROUTE_TYPE_LIVE_AUDIO ROUTE_TYPE_LIVE_VIDEO  groupable=false }, supportedTypes=ROUTE_TYPE_LIVE_AUDIO ROUTE_TYPE_LIVE_VIDEO , presentationDisplay=null }
12-11 17:56:37.171  1633  1844 I MediaRouter: Skip setBluetoothA2dpOn(): types=8388615, isPlaybackActive()=false, BT route=null
12-11 17:56:37.175   805   805 D SE-RadioResponse: [se1]iccOpenLogicalChannelResponse:1078: enter
12-11 17:56:37.175   805   805 D SERadioRspHandler: [se1]iccOpenLogicalChannelResponse:143: enter
12-11 17:56:37.176   805  1841 D MtkUiccSEHal: [se1]openLogicalChannel:512: [2] < open logical [0] *6A82 (2) err=17 status=3
12-11 17:56:37.176  1805  1805 D BatteryStateDatabase: initialize battery states database
12-11 17:56:37.176  1248  1248 E AppOps  : package com.android.server.telecom.callsequencing.voip not found, can't check for attributionTag null
12-11 17:56:37.177  1248  1248 E AppOps  : Bad call made by uid 1000. Package "com.android.server.telecom.callsequencing.voip" does not belong to uid 1000.
12-11 17:56:37.176  1805  1805 W BatteryUsageContentProvider: create content provider from null
12-11 17:56:37.177  1248  1248 E AppOps  : Cannot noteOperation: non-application UID 1000
12-11 17:56:37.177  1781  1839 I SecureElement-AccessControlEnforcer: No ARA applet found in: SIM1
12-11 17:56:37.178  1248  1248 I Telecom : MissedCallNotifierImpl: reloadFromDatabase: Boot not yet complete -- call log db may not be available. Deferring loading until boot complete for user 0: TS.init@AAA
12-11 17:56:37.178  1781  1839 I SecureElement-PKCS15Handler: - Loading SIM1 rules...
12-11 17:56:37.178  1805  1805 D SettingsSliceProvider: init
12-11 17:56:37.178  1805  1805 D SettingsSliceProvider: onCreateSliceProvider
12-11 17:56:37.178   805  1841 D MtkUiccSEHal: [se1]openLogicalChannel:418: [3] > open logical *
12-11 17:56:37.180  1803  1803 D CarrierIdProvider: update database from pb file
12-11 17:56:37.180  1248  1248 I Telecom : Class: TelecomSystem.INSTANCE being set
12-11 17:56:37.181   838   838 D NVRAM   : NVRAM daemon sync end !
12-11 17:56:37.181   838   838 D NVRAM   : NVRAM daemon exits !
12-11 17:56:37.183  1248  1271 D ConnectivityService: requestNetwork for uid/pid:10141/1633 activeRequest: null callbackRequest: 24 [NetworkRequest [ REQUEST id=25, [ Capabilities: INTERNET&NOT_RESTRICTED&TRUSTED&NOT_VCN_MANAGED&NOT_BANDWIDTH_CONSTRAINED Uid: 10141 RequestorUid: 10141 RequestorPkg: com.android.systemui UnderlyingNetworks: Null] ]] callback flags: 1 order: 2147483647 isUidTracked: false declaredMethods: ALL
12-11 17:56:37.184  1248  1552 D ConnectivityService: NetReassign [no changes] [c 0] [a 0] [i 0]
12-11 17:56:37.185  1248  1248 I Telecom : PhoneAccountRegistrar: getSimCallManager: SimCallManager for subId -1 queried, returning: null: TSI.gSCM(a)@AAE
12-11 17:56:37.185  1248  1544 I WifiClientModeImpl[16116:wlan0]: disconnectedstate enter
12-11 17:56:37.186  1779  1779 D BluetoothAdapterService: setAdapterService() - set service to com.android.bluetooth.btservice.AdapterService@c473b35
12-11 17:56:37.186  1248  1544 W WifiConnectivityManager: mConnectedSingleSavedNetworkSingleScanScheduleSec is not configured! Using default scan schedule
12-11 17:56:37.186  1248  1544 W WifiConnectivityManager: mConnectedSingleSavedNetworkSingleScanType is not configured! Using default scan types
12-11 17:56:37.186  1248  1248 I ConnectivityModuleConnector: Networking module service connected
12-11 17:56:37.186  1779  1779 I AdapterState: OFF : entered 
12-11 17:56:37.186  1779  1779 D AdapterProperties: Setting state to OFF
12-11 17:56:37.186  1779  1779 D BluetoothAdapterService: updateAdapterState() - Broadcasting state OFF to 0 receivers.
12-11 17:56:37.187  1779  1779 D BluetoothAdapterService: onBind()
12-11 17:56:37.187  1248  1544 D WifiClientModeImpl[16116:wlan0]: setupClientMode() ifacename = wlan0
12-11 17:56:37.188  1248  1248 I Telecom : WiredHeadsetManager: ACTION_HEADSET_PLUG event, plugged in: false, : WHC.oADA@AAI
12-11 17:56:37.191   805   805 D SE-RadioResponse: [se1]iccOpenLogicalChannelResponse:1078: enter
12-11 17:56:37.191   805   805 D SERadioRspHandler: [se1]iccOpenLogicalChannelResponse:143: enter
12-11 17:56:37.191   805  1841 D MtkUiccSEHal: [se1]openLogicalChannel:512: [3] < open logical [0] *6A82 (2) err=17 status=3
12-11 17:56:37.191  1248  1552 D ConnectivityService: Got NetworkProvider Messenger for VpnNetworkProvider:0
12-11 17:56:37.191  1248  1277 I ServiceWatcher: [TrustManagerService] chose new implementation null
12-11 17:56:37.192  1805  1805 D SpaEnvironment: reset
12-11 17:56:37.192   805  1841 D MtkUiccSEHal: [se1]openLogicalChannel:418: [4] > open logical *
12-11 17:56:37.192  1248  1248 I MediaSessionStack: addSession to bottom of stack | record: com.android.server.telecom/HeadsetMediaButton/1 (userId=0)
12-11 17:56:37.192  1248  1248 D MediaSessionService: Global priority session is changed from null to com.android.server.telecom/HeadsetMediaButton/1 (userId=0)
12-11 17:56:37.192  1248  1248 I MediaSessionStack: removeSession | record: com.android.server.telecom/HeadsetMediaButton/1 (userId=0)
12-11 17:56:37.193  1248  1248 D BluetoothSystemServer: BluetoothManagerService: ServiceConnection.onServiceConnected(com.android.bluetooth.btservice.AdapterService, android.os.BinderProxy@48d2392)
12-11 17:56:37.193  1248  1248 W Looper  : Drained
12-11 17:56:37.193  1248  1500 D BluetoothSystemServer: BluetoothManagerService: MESSAGE_BLUETOOTH_SERVICE_CONNECTED: service=android.os.BinderProxy@48d2392
12-11 17:56:37.194  1803  1803 E CarrierIdProvider: read carrier list from ota pb failure: java.io.FileNotFoundException: /data/misc/carrierid/carrier_list.pb: open failed: ENOENT (No such file or directory)
12-11 17:56:37.194  1803  1803 D CarrierIdProvider: latest version: 134217769 need update: false
12-11 17:56:37.194  1248  1500 D BluetoothSystemServer: BluetoothManagerService: offToBleOn: Sending request
12-11 17:56:37.194  1805  1805 I WindowExtensionsImpl: Initializing Window Extensions, vendor API level=8, activity embedding enabled=true
12-11 17:56:37.195   782   817 D AudioALSAStreamManager: setMicMute(), mMicMute: 0 => 0
12-11 17:56:37.195   782   817 D AudioALSAStreamManager: +SetInputMute(), 0
12-11 17:56:37.197  1248  1500 D BluetoothSystemServer: BluetoothManagerService: broadcastIntentStateChange: action=BLE_STATE_CHANGED prevState=OFF newState=BLE_TURNING_ON
12-11 17:56:37.197  1248  1500 W BroadcastLoopers: Found previously unknown looper Thread[BluetoothManagerService,5,main]
12-11 17:56:37.198  1248  1500 D BluetoothSystemServer: BluetoothManagerService: Broadcasting sendBluetoothServiceUpCallback() to 2 receivers.
12-11 17:56:37.198  1248  1500 D BluetoothAdapter: onBluetoothServiceUp: android.os.BinderProxy@48d2392
12-11 17:56:37.198  1779  1790 D BluetoothAdapter: onBluetoothServiceUp: com.android.bluetooth.btservice.AdapterService$AdapterServiceBinder@83b413b
12-11 17:56:37.201   814   833 D android.hardware.wifi-service: WifiRequest::create vendor command to iface 37, vendor_id=0x1a11, subcmd=0x1401, res=0
12-11 17:56:37.201   814   833 D WifiHAL : In DebugCommand::handleResponse
12-11 17:56:37.201   814   833 D WifiHAL : len = 8, expected len = 256
12-11 17:56:37.201   814   833 D android.hardware.wifi-service: WifiRequest::create vendor command to iface 37, vendor_id=0x1a11, subcmd=0x1401, res=0
12-11 17:56:37.201   814   833 D WifiHAL : In DebugCommand::handleResponse
12-11 17:56:37.201   814   833 D WifiHAL : len = 76, expected len = 256
12-11 17:56:37.201  1248  1280 I InputManager: Enabling motion classifier because user switched: feature enabled, long press timeout = 400 ms
12-11 17:56:37.201  1248  1280 I InputProcessor: Enabling motion classifier
12-11 17:56:37.202  1248  1544 I WifiVendorHal: Driver: 1_0_1 Firmware: t-neptune-main-soc2_2-2118-MOET_SOC2_2_E1_MT6631_ASIC_MINIROM-20231117172901
12-11 17:56:37.202  1248  1248 W TrustManagerService: EXTRA_USER_HANDLE missing or invalid, value=0
12-11 17:56:37.202  1248  1544 E WifiChipAidlImpl: enableDebugErrorAlerts failed with service-specific exception: android.os.ServiceSpecificException:  (code 4)
12-11 17:56:37.203  1248  1856 I InputProcessor: HAL android.hardware.input.processor.IInputProcessor/default is not declared
12-11 17:56:37.203  1248  1564 W BroadcastLoopers: Found previously unknown looper Thread[AudioService Broadcast,5,main]
12-11 17:56:37.203  1248  1290 I system_server: AssetManager2(0xb4000074db8fb0d8) locale list changing from [] to [en-US]
12-11 17:56:37.204  1803  1803 D SatelliteProvider: onCreate
12-11 17:56:37.204  1248  1544 D WifiDiags: startLogging() iface list is {wlan0} after adding wlan0
12-11 17:56:37.206  1805  1805 I SplitController: Initializing Activity Embedding Controller.
12-11 17:56:37.206   805   805 D SE-RadioResponse: [se1]iccOpenLogicalChannelResponse:1078: enter
12-11 17:56:37.206   805   805 D SERadioRspHandler: [se1]iccOpenLogicalChannelResponse:143: enter
12-11 17:56:37.207   805  1841 D MtkUiccSEHal: [se1]openLogicalChannel:512: [4] < open logical [0] *6A82 (2) err=17 status=3
12-11 17:56:37.207   782   817 D AudioALSAStreamManager: setMicMute(), mMicMute: 0 => 0
12-11 17:56:37.207  1248  1544 E SupplicantStaIfaceHalAidlImpl: ISupplicantStaIface.setBtCoexistenceScanModeEnabled failed with service specific exception: 
12-11 17:56:37.207  1248  1544 E SupplicantStaIfaceHalAidlImpl: android.os.ServiceSpecificException:  (code 1)
12-11 17:56:37.207  1248  1544 E SupplicantStaIfaceHalAidlImpl: 	at android.os.Parcel.createExceptionOrNull(Parcel.java:3274)
12-11 17:56:37.207  1248  1544 E SupplicantStaIfaceHalAidlImpl: 	at android.os.Parcel.createException(Parcel.java:3244)
12-11 17:56:37.207  1248  1544 E SupplicantStaIfaceHalAidlImpl: 	at android.os.Parcel.readException(Parcel.java:3227)
12-11 17:56:37.207  1248  1544 E SupplicantStaIfaceHalAidlImpl: 	at android.os.Parcel.readException(Parcel.java:3169)
12-11 17:56:37.207  1248  1544 E SupplicantStaIfaceHalAidlImpl: 	at com.android.wifi.x.android.hardware.wifi.supplicant.ISupplicantStaIface$Stub$Proxy.setBtCoexistenceScanModeEnabled(ISupplicantStaIface.java:2850)
12-11 17:56:37.207  1248  1544 E SupplicantStaIfaceHalAidlImpl: 	at com.android.server.wifi.SupplicantStaIfaceHalAidlImpl.setBtCoexistenceScanModeEnabled(SupplicantStaIfaceHalAidlImpl.java:2047)
12-11 17:56:37.207  1248  1544 E SupplicantStaIfaceHalAidlImpl: 	at com.android.server.wifi.SupplicantStaIfaceHal.setBtCoexistenceScanModeEnabled(SupplicantStaIfaceHal.java:1702)
12-11 17:56:37.207  1248  1544 E SupplicantStaIfaceHalAidlImpl: 	at com.android.server.wifi.WifiNative.setBluetoothCoexistenceScanMode(WifiNative.java:2694)
12-11 17:56:37.207  1248  1544 E SupplicantStaIfaceHalAidlImpl: 	at com.android.server.wifi.ClientModeImpl.setupClientMode(ClientModeImpl.java:4429)
12-11 17:56:37.207  1248  1544 E SupplicantStaIfaceHalAidlImpl: 	at com.android.server.wifi.ClientModeImpl.-$$Nest$msetupClientMode(ClientModeImpl.java:0)
12-11 17:56:37.207  1248  1544 E SupplicantStaIfaceHalAidlImpl: 	at com.android.server.wifi.ClientModeImpl$ConnectableState.continueEnterSetup(ClientModeImpl.java:4686)
12-11 17:56:37.207  1248  1544 E SupplicantStaIfaceHalAidlImpl: 	at com.android.server.wifi.ClientModeImpl$ConnectableState.processMessageImpl(ClientModeImpl.java:4746)
12-11 17:56:37.207  1248  1544 E SupplicantStaIfaceHalAidlImpl: 	at com.android.server.wifi.RunnerState.processMessage(RunnerState.java:82)
12-11 17:56:37.207  1248  1544 E SupplicantStaIfaceHalAidlImpl: 	at com.android.wifi.x.com.android.internal.util.StateMachine$SmHandler.processMsg(StateMachine.java:1002)
12-11 17:56:37.207  1248  1544 E SupplicantStaIfaceHalAidlImpl: 	at com.android.wifi.x.com.android.internal.util.StateMachine$SmHandler.handleMessage(StateMachine.java:820)
12-11 17:56:37.207  1248  1544 E SupplicantStaIfaceHalAidlImpl: 	at android.os.Handler.dispatchMessage(Handler.java:109)
12-11 17:56:37.207  1248  1544 E SupplicantStaIfaceHalAidlImpl: 	at android.os.Looper.loopOnce(Looper.java:232)
12-11 17:56:37.207  1248  1544 E SupplicantStaIfaceHalAidlImpl: 	at android.os.Looper.loop(Looper.java:317)
12-11 17:56:37.207  1248  1544 E SupplicantStaIfaceHalAidlImpl: 	at android.os.HandlerThread.run(HandlerThread.java:85)
12-11 17:56:37.207   782   817 D AudioALSAStreamManager: +SetInputMute(), 0
12-11 17:56:37.207   805  1841 D MtkUiccSEHal: [se1]openLogicalChannel:418: [5] > open logical *
12-11 17:56:37.208  1779  1790 I BluetoothAdapterService: offToBleOn() - Enable called with quiet mode status =  false
12-11 17:56:37.209  1248  1544 E SupplicantStaIfaceHalAidlImpl: ISupplicantStaIface.stopRxFilter failed with service specific exception: 
12-11 17:56:37.209  1248  1544 E SupplicantStaIfaceHalAidlImpl: android.os.ServiceSpecificException:  (code 1)
12-11 17:56:37.209  1248  1544 E SupplicantStaIfaceHalAidlImpl: 	at android.os.Parcel.createExceptionOrNull(Parcel.java:3274)
12-11 17:56:37.209  1248  1544 E SupplicantStaIfaceHalAidlImpl: 	at android.os.Parcel.createException(Parcel.java:3244)
12-11 17:56:37.209  1248  1544 E SupplicantStaIfaceHalAidlImpl: 	at android.os.Parcel.readException(Parcel.java:3227)
12-11 17:56:37.209  1248  1544 E SupplicantStaIfaceHalAidlImpl: 	at android.os.Parcel.readException(Parcel.java:3169)
12-11 17:56:37.209  1248  1544 E SupplicantStaIfaceHalAidlImpl: 	at com.android.wifi.x.android.hardware.wifi.supplicant.ISupplicantStaIface$Stub$Proxy.stopRxFilter(ISupplicantStaIface.java:3495)
12-11 17:56:37.209  1248  1544 E SupplicantStaIfaceHalAidlImpl: 	at com.android.server.wifi.SupplicantStaIfaceHalAidlImpl.stopRxFilter(SupplicantStaIfaceHalAidlImpl.java:1883)
12-11 17:56:37.209  1248  1544 E SupplicantStaIfaceHalAidlImpl: 	at com.android.server.wifi.SupplicantStaIfaceHal.stopRxFilter(SupplicantStaIfaceHal.java:1631)
12-11 17:56:37.209  1248  1544 E SupplicantStaIfaceHalAidlImpl: 	at com.android.server.wifi.WifiNative.stopFilteringMulticastV4Packets(WifiNative.java:2637)
12-11 17:56:37.209  1248  1544 E SupplicantStaIfaceHalAidlImpl: 	at com.android.server.wifi.ClientModeImpl.setupClientMode(ClientModeImpl.java:4437)
12-11 17:56:37.209  1248  1544 E SupplicantStaIfaceHalAidlImpl: 	at com.android.server.wifi.ClientModeImpl.-$$Nest$msetupClientMode(ClientModeImpl.java:0)
12-11 17:56:37.209  1248  1544 E SupplicantStaIfaceHalAidlImpl: 	at com.android.server.wifi.ClientModeImpl$ConnectableState.continueEnterSetup(ClientModeImpl.java:4686)
12-11 17:56:37.209  1248  1544 E SupplicantStaIfaceHalAidlImpl: 	at com.android.server.wifi.ClientModeImpl$ConnectableState.processMessageImpl(ClientModeImpl.java:4746)
12-11 17:56:37.209  1248  1544 E SupplicantStaIfaceHalAidlImpl: 	at com.android.server.wifi.RunnerState.processMessage(RunnerState.java:82)
12-11 17:56:37.209  1248  1544 E SupplicantStaIfaceHalAidlImpl: 	at com.android.wifi.x.com.android.internal.util.StateMachine$SmHandler.processMsg(StateMachine.java:1002)
12-11 17:56:37.209  1248  1544 E SupplicantStaIfaceHalAidlImpl: 	at com.android.wifi.x.com.android.internal.util.StateMachine$SmHandler.handleMessage(StateMachine.java:820)
12-11 17:56:37.209  1248  1544 E SupplicantStaIfaceHalAidlImpl: 	at android.os.Handler.dispatchMessage(Handler.java:109)
12-11 17:56:37.209  1248  1544 E SupplicantStaIfaceHalAidlImpl: 	at android.os.Looper.loopOnce(Looper.java:232)
12-11 17:56:37.209  1248  1544 E SupplicantStaIfaceHalAidlImpl: 	at android.os.Looper.loop(Looper.java:317)
12-11 17:56:37.209  1248  1544 E SupplicantStaIfaceHalAidlImpl: 	at android.os.HandlerThread.run(HandlerThread.java:85)
12-11 17:56:37.209  1633  1633 V WifiManager: registerScanResultsCallback: callback=com.android.systemui.statusbar.pipeline.wifi.data.repository.prod.WifiRepositoryImpl$wifiScanResults$1$callback$1@8b52e93, executor=java.util.concurrent.ScheduledThreadPoolExecutor@207ced0[Running, pool size = 8, active threads = 0, queued tasks = 0, completed tasks = 73]
12-11 17:56:37.209  1779  1779 D BluetoothAdapterService: init()
12-11 17:56:37.210  1248  1544 E SupplicantStaIfaceHalAidlImpl: ISupplicantStaIface.stopRxFilter failed with service specific exception: 
12-11 17:56:37.210  1248  1544 E SupplicantStaIfaceHalAidlImpl: android.os.ServiceSpecificException:  (code 1)
12-11 17:56:37.210  1248  1544 E SupplicantStaIfaceHalAidlImpl: 	at android.os.Parcel.createExceptionOrNull(Parcel.java:3274)
