12-10 23:09:51.351     0     0 I         : [T700001] disable_unused clk [26]: ifrao_ccif1_md ongo
12-10 23:09:51.351     0     0 I         : [T700001] disable_unused clk [27]: ifrao_auxadc_md ongo
12-10 23:09:51.351     0     0 I         : [T700001] disable_unused clk [28]: ifrao_msdc1_clk ongo
12-10 23:09:51.351     0     0 I         : [T700001] disable_unused clk [29]: ifrao_msdc0_aes_clk ongo
12-10 23:09:51.351     0     0 I         : [T700001] disable_unused clk [29]: ifrao_msdc0_aes_clk done
12-10 23:09:51.931   283   283 I hwservicemanager: hwservicemanager is ready now.
12-10 23:09:51.351     0     0 I         : [T700001] disable_unused clk [30]: ifrao_ccif_ap ongo
12-10 23:09:51.351     0     0 I         : [T700001] disable_unused clk [31]: ifrao_debugsys ongo
12-10 23:09:51.351     0     0 I         : [T700001] disable_unused clk [32]: ifrao_audio ongo
12-10 23:09:51.351     0     0 I         : [T700001] disable_unused clk [33]: ifrao_ccif_md ongo
12-10 23:09:51.351     0     0 I         : [T700001] disable_unused clk [34]: ifrao_ssusb ongo
12-10 23:09:51.351     0     0 I         : [T700001] disable_unused clk [35]: ifrao_disp_pwm ongo
12-10 23:09:51.351     0     0 I         : [T700001] disable_unused clk [36]: ifrao_cldmabclk ongo
12-10 23:09:51.351     0     0 I         : [T700001] disable_unused clk [37]: ifrao_audio26m ongo
12-10 23:09:51.351     0     0 I         : [T700001] disable_unused clk [38]: ifrao_spi1 ongo
12-10 23:09:51.351     0     0 I         : [T700001] disable_unused clk [38]: ifrao_spi1 done
12-10 23:09:51.351     0     0 I         : [T700001] disable_unused clk [39]: ifrao_spi2 ongo
12-10 23:09:51.351     0     0 I         : [T700001] disable_unused clk [39]: ifrao_spi2 done
12-10 23:09:51.351     0     0 I         : [T700001] disable_unused clk [40]: ifrao_spi3 ongo
12-10 23:09:51.351     0     0 I         : [T700001] disable_unused clk [40]: ifrao_spi3 done
12-10 23:09:51.351     0     0 I         : [T700001] disable_unused clk [41]: ifrao_unipro_sysclk ongo
12-10 23:09:51.351     0     0 I         : [T700001] disable_unused clk [42]: ifrao_unipro_tick ongo
12-10 23:09:51.351     0     0 I         : [T700001] disable_unused clk [43]: ifrao_u_bclk ongo
12-10 23:09:51.351     0     0 I         : [T700001] disable_unused clk [44]: ifrao_spi4 ongo
12-10 23:09:51.351     0     0 I         : [T700001] disable_unused clk [44]: ifrao_spi4 done
12-10 23:09:51.351     0     0 I         : [T700001] disable_unused clk [45]: ifrao_spi5 ongo
12-10 23:09:51.351     0     0 I         : [T700001] disable_unused clk [45]: ifrao_spi5 done
12-10 23:09:51.351     0     0 I         : [T700001] disable_unused clk [46]: ifrao_ufs ongo
12-10 23:09:51.352     0     0 I         : [T700001] disable_unused clk [47]: ifrao_u_aes ongo
12-10 23:09:51.352     0     0 I         : [T700001] disable_unused clk [48]: ifrao_ap_msdc0 ongo
12-10 23:09:51.352     0     0 I         : [T700001] disable_unused clk [48]: ifrao_ap_msdc0 done
12-10 23:09:51.352     0     0 I         : [T700001] disable_unused clk [49]: ifrao_md_msdc0 ongo
12-10 23:09:51.352     0     0 I         : [T700001] disable_unused clk [49]: ifrao_md_msdc0 done
12-10 23:09:51.352     0     0 I         : [T700001] disable_unused clk [50]: ifrao_ccif5_md ongo
12-10 23:09:51.352     0     0 I         : [T700001] disable_unused clk [51]: ifrao_ccif2_ap ongo
12-10 23:09:51.352     0     0 I         : [T700001] disable_unused clk [52]: ifrao_ccif2_md ongo
12-10 23:09:51.352     0     0 I         : [T700001] disable_unused clk [53]: ifrao_fbist2fpc ongo
12-10 23:09:51.352     0     0 I         : [T700001] disable_unused clk [54]: ifrao_dpmaif_main ongo
12-10 23:09:51.352     0     0 I         : [T700001] disable_unused clk [54]: ifrao_dpmaif_main done
12-10 23:09:51.352     0     0 I         : [T700001] disable_unused clk [55]: ifrao_ccif4_ap ongo
12-10 23:09:51.352     0     0 I         : [T700001] disable_unused clk [56]: ifrao_ccif4_md ongo
12-10 23:09:51.352     0     0 I         : [T700001] disable_unused clk [57]: ifrao_spi6_ck ongo
12-10 23:09:51.352     0     0 I         : [T700001] disable_unused clk [57]: ifrao_spi6_ck done
12-10 23:09:51.352     0     0 I         : [T700001] disable_unused clk [58]: ifrao_spi7_ck ongo
12-10 23:09:51.352     0     0 I         : [T700001] disable_unused clk [58]: ifrao_spi7_ck done
12-10 23:09:51.352     0     0 I         : [T700001] disable_unused clk [59]: ifrao_66mp_mclkp ongo
12-10 23:09:51.352     0     0 I         : [T700001] disable_unused clk [60]: ifrao_ap_dma ongo
12-10 23:09:51.352     0     0 D         : [T700001] probe of disable_unused:disable-unused-clk-infracfg_ao returned 1 after 1590 usecs
12-10 23:09:51.352     0     0 I         : [T700001] disable_unused dev: disable_unused:disable-unused-clk-topckgen ongo
12-10 23:09:51.352     0     0 I         : [T700001] disable_unused clk [0]: apll12_div0 ongo
12-10 23:09:51.352     0     0 I         : [T700001] disable_unused clk [1]: apll12_div1 ongo
12-10 23:09:51.352     0     0 I         : [T700001] disable_unused clk [2]: apll12_div2 ongo
12-10 23:09:51.352     0     0 I         : [T700001] disable_unused clk [3]: apll12_div3 ongo
12-10 23:09:51.352     0     0 I         : [T700001] disable_unused clk [4]: apll12_div4 ongo
12-10 23:09:51.352     0     0 I         : [T700001] disable_unused clk [5]: apll12_divb ongo
12-10 23:09:51.352     0     0 I         : [T700001] disable_unused clk [6]: apll12_div5 ongo
12-10 23:09:51.352     9     9 I         : accdet mic_vol=6, plugout_deb=1 mic_mode=1 eint_pol=8
12-10 23:09:51.352     0     0 I         : [T700001] disable_unused clk [7]: apll12_div6 ongo
12-10 23:09:51.352     9     9 I         : accdet caps=125
12-10 23:09:51.352     0     0 I         : [T700001] disable_unused clk [8]: apll12_div7 ongo
12-10 23:09:51.353     0     0 I         : [T700001] disable_unused clk [9]: apll12_div8 ongo
12-10 23:09:51.353     9     9 D         : probe of mediatek,pmic-accdet returned 0 after 355 usecs
12-10 23:09:51.353     0     0 I         : [T700001] disable_unused clk [10]: apll12_div9 ongo
12-10 23:09:51.353     9     9 D         : probe of soc:odm:rt5133-gpio1 returned -517 after 0 usecs
12-10 23:09:51.353     9     9 D         : probe of soc:odm:rt5133-gpio2 returned -517 after 0 usecs
12-10 23:09:51.353     9     9 D         : probe of soc:odm:rt5133-gpio3 returned -517 after 0 usecs
12-10 23:09:51.353     0     0 I         : [T700001] disable_unused clk [11]: scp_sel ongo
12-10 23:09:51.353     0     0 I         : [T700001] disable_unused clk [11]: scp_sel done
12-10 23:09:51.353     0     0 I         : [T700001] disable_unused clk [12]: disp_sel ongo
12-10 23:09:51.353     0     0 I         : [T700001] disable_unused clk [13]: mdp_sel ongo
12-10 23:09:51.353     0     0 I         : [T700001] disable_unused clk [14]: img1_sel ongo
12-10 23:09:51.353     0     0 I         : [T700001] disable_unused clk [15]: ipe_sel ongo
12-10 23:09:51.353     0     0 I         : [T700001] disable_unused clk [16]: cam_sel ongo
12-10 23:09:51.353     0     0 I         : [T700001] disable_unused clk [17]: camtg_sel ongo
12-10 23:09:51.353     0     0 I         : [T700001] disable_unused clk [17]: camtg_sel done
12-10 23:09:51.353     0     0 I         : [T700001] disable_unused clk [18]: camtg2_sel ongo
12-10 23:09:51.353     0     0 I         : [T700001] disable_unused clk [18]: camtg2_sel done
12-10 23:09:51.353     0     0 I         : [T700001] disable_unused clk [19]: camtg3_sel ongo
12-10 23:09:51.353     0     0 I         : [T700001] disable_unused clk [19]: camtg3_sel done
12-10 23:09:51.353     0     0 I         : [T700001] disable_unused clk [20]: camtg4_sel ongo
12-10 23:09:51.353     0     0 I         : [T700001] disable_unused clk [20]: camtg4_sel done
12-10 23:09:51.353     0     0 I         : [T700001] disable_unused clk [21]: camtg5_sel ongo
12-10 23:09:51.353     0     0 I         : [T700001] disable_unused clk [21]: camtg5_sel done
12-10 23:09:51.353     0     0 I         : [T700001] disable_unused clk [22]: camtg6_sel ongo
12-10 23:09:51.353     0     0 I         : [T700001] disable_unused clk [22]: camtg6_sel done
12-10 23:09:51.353     0     0 I         : [T700001] disable_unused clk [23]: uart_sel ongo
12-10 23:09:51.353     0     0 I         : [T700001] disable_unused clk [24]: spi_sel ongo
12-10 23:09:51.353     0     0 I         : [T700001] disable_unused clk [25]: msdc5hclk_sel ongo
12-10 23:09:51.353     0     0 I         : [T700001] disable_unused clk [25]: msdc5hclk_sel done
12-10 23:09:51.353     0     0 I         : [T700001] disable_unused clk [26]: msdc50_0_sel ongo
12-10 23:09:51.353     0     0 I         : [T700001] disable_unused clk [27]: msdc30_1_sel ongo
12-10 23:09:51.353     0     0 I         : [T700001] disable_unused clk [28]: audio_sel ongo
12-10 23:09:51.353     0     0 I         : [T700001] disable_unused clk [29]: aud_intbus_sel ongo
12-10 23:09:51.353     0     0 I         : [T700001] disable_unused clk [30]: pwrap_ulposc_sel ongo
12-10 23:09:51.353     0     0 I         : [T700001] disable_unused clk [31]: atb_sel ongo
12-10 23:09:51.353     0     0 I         : [T700001] disable_unused clk [32]: scam_sel ongo
12-10 23:09:51.353     0     0 I         : [T700001] disable_unused clk [32]: scam_sel done
12-10 23:09:51.353     0     0 I         : [T700001] disable_unused clk [33]: disp_pwm_sel ongo
12-10 23:09:51.353     0     0 I         : [T700001] disable_unused clk [34]: usb_sel ongo
12-10 23:09:51.353     0     0 I         : [T700001] disable_unused clk [35]: i2c_sel ongo
12-10 23:09:51.353     0     0 I         : [T700001] disable_unused clk [36]: seninf_sel ongo
12-10 23:09:51.353     0     0 I         : [T700001] disable_unused clk [36]: seninf_sel done
12-10 23:09:51.353     0     0 I         : [T700001] disable_unused clk [37]: seninf1_sel ongo
12-10 23:09:51.353     0     0 I         : [T700001] disable_unused clk [37]: seninf1_sel done
12-10 23:09:51.353     0     0 I         : [T700001] disable_unused clk [38]: seninf2_sel ongo
12-10 23:09:51.353     0     0 I         : [T700001] disable_unused clk [38]: seninf2_sel done
12-10 23:09:51.353     0     0 I         : [T700001] disable_unused clk [39]: seninf3_sel ongo
12-10 23:09:51.353     0     0 I         : [T700001] disable_unused clk [39]: seninf3_sel done
12-10 23:09:51.353     0     0 I         : [T700001] disable_unused clk [40]: aud_engen1_sel ongo
12-10 23:09:51.353     0     0 I         : [T700001] disable_unused clk [41]: aud_engen2_sel ongo
12-10 23:09:51.353     0     0 I         : [T700001] disable_unused clk [42]: aes_ufsfde_sel ongo
12-10 23:09:51.353     0     0 I         : [T700001] disable_unused clk [43]: ufs_sel ongo
12-10 23:09:51.353     0     0 I         : [T700001] disable_unused clk [44]: aud_1_sel ongo
12-10 23:09:51.353     0     0 I         : [T700001] disable_unused clk [45]: aud_2_sel ongo
12-10 23:09:51.353     0     0 I         : [T700001] disable_unused clk [45]: aud_2_sel done
12-10 23:09:51.353     0     0 I         : [T700001] disable_unused clk [46]: dpmaif_main_sel ongo
12-10 23:09:51.353     0     0 I         : [T700001] disable_unused clk [47]: venc_sel ongo
12-10 23:09:51.354     0     0 I         : [T700001] disable_unused clk [48]: vdec_sel ongo
12-10 23:09:51.354     0     0 I         : [T700001] disable_unused clk [49]: camtm_sel ongo
12-10 23:09:51.354     0     0 I         : [T700001] disable_unused clk [50]: pwm_sel ongo
12-10 23:09:51.354     0     0 I         : [T700001] disable_unused clk [51]: audio_h_sel ongo
12-10 23:09:51.354     0     0 I         : [T700001] disable_unused clk [52]: aes_msdcfde_sel ongo
12-10 23:09:51.354     0     0 I         : [T700001] disable_unused clk [52]: aes_msdcfde_sel done
12-10 23:09:51.354     0     0 I         : [T700001] disable_unused clk [53]: dsi_occ_sel ongo
12-10 23:09:51.354     0     0 I         : [T700001] disable_unused clk [54]: apll_i2s0_mck_sel ongo
12-10 23:09:51.354     0     0 I         : [T700001] disable_unused clk [55]: apll_i2s1_mck_sel ongo
12-10 23:09:51.354     0     0 I         : [T700001] disable_unused clk [56]: apll_i2s2_mck_sel ongo
12-10 23:09:51.354     0     0 I         : [T700001] disable_unused clk [57]: apll_i2s3_mck_sel ongo
12-10 23:09:51.354     0     0 I         : [T700001] disable_unused clk [58]: apll_i2s4_mck_sel ongo
12-10 23:09:51.354     0     0 I         : [T700001] disable_unused clk [59]: apll_i2s5_mck_sel ongo
12-10 23:09:51.354     0     0 I         : [T700001] disable_unused clk [60]: apll_i2s6_mck_sel ongo
12-10 23:09:51.354     0     0 I         : [T700001] disable_unused clk [61]: apll_i2s7_mck_sel ongo
12-10 23:09:51.354     0     0 I         : [T700001] disable_unused clk [62]: apll_i2s8_mck_sel ongo
12-10 23:09:51.354     0     0 I         : [T700001] disable_unused clk [63]: apll_i2s9_mck_sel ongo
12-10 23:09:51.354     0     0 D         : [T700001] probe of disable_unused:disable-unused-clk-topckgen returned 1 after 2180 usecs
12-10 23:09:51.354     0     0 I         : [T700001] disable_unused dev: disable_unused:disable-unused-clk-apmixedsys ongo
12-10 23:09:51.354     0     0 I         : [T700001] disable_unused clk [0]: armpll_ll ongo
12-10 23:09:51.354     0     0 I         : [T700001] disable_unused clk [1]: armpll_bl0 ongo
12-10 23:09:51.354     0     0 I         : [T700001] disable_unused clk [2]: ccipll ongo
12-10 23:09:51.354     0     0 I         : [T700001] disable_unused clk [3]: mpll ongo
12-10 23:09:51.354     0     0 I         : [T700001] disable_unused clk [4]: mainpll ongo
12-10 23:09:51.354     0     0 I         : [T700001] disable_unused clk [5]: univpll ongo
12-10 23:09:51.354     0     0 I         : [T700001] disable_unused clk [6]: msdcpll ongo
12-10 23:09:51.354     0     0 I         : [T700001] disable_unused clk [7]: mmpll ongo
12-10 23:09:51.354     0     0 I         : [T700001] disable_unused clk [8]: npupll ongo
12-10 23:09:51.354     0     0 I         : [T700001] disable_unused clk [9]: tvdpll ongo
12-10 23:09:51.354     0     0 I         : [T700001] disable_unused clk [10]: apll1 ongo
12-10 23:09:51.354     0     0 I         : [T700001] disable_unused clk [11]: apll2 ongo
12-10 23:09:51.354     0     0 I         : [T700001] disable_unused clk [12]: usbpll ongo
12-10 23:09:51.355     9     9 I         : accdet mic_vol=6, plugout_deb=1 mic_mode=1 eint_pol=8
12-10 23:09:51.355     0     0 D         : [T700001] probe of disable_unused:disable-unused-clk-apmixedsys returned 1 after 569 usecs
12-10 23:09:51.355     9     9 I         : accdet caps=125
12-10 23:09:51.355     9     9 D         : probe of mediatek,pmic-accdet returned 0 after 362 usecs
12-10 23:09:51.355     9     9 D         : probe of soc:odm:rt5133-gpio1 returned -517 after 0 usecs
12-10 23:09:51.355     9     9 D         : probe of soc:odm:rt5133-gpio2 returned -517 after 0 usecs
12-10 23:09:51.355     9     9 D         : probe of soc:odm:rt5133-gpio3 returned -517 after 0 usecs
12-10 23:09:51.355     0     0 D         : [T700001] initcall __cfi_jt_start+0x0/0x8 [clk_disable_unused] returned 0 after 9700 usecs
12-10 23:09:51.355     9     9 I         : accdet mic_vol=6, plugout_deb=1 mic_mode=1 eint_pol=8
12-10 23:09:51.355     9     9 I         : accdet caps=125
12-10 23:09:51.356     9     9 D         : probe of mediatek,pmic-accdet returned 0 after 406 usecs
12-10 23:09:51.356     0     0 D         : [T700001] calling  init_module.cfi_jt+0x0/0x8 [mtk_pm_domain_disable_unused] @ 1
12-10 23:09:51.356     0     0 D         : [T700001] probe of disable_unused:disable-unused-pd-isp returned 1 after 226 usecs
12-10 23:09:51.356     9     9 D         : probe of soc:odm:rt5133-gpio1 returned -517 after 0 usecs
12-10 23:09:51.356     9     9 D         : probe of soc:odm:rt5133-gpio2 returned -517 after 0 usecs
12-10 23:09:51.356     9     9 D         : probe of soc:odm:rt5133-gpio3 returned -517 after 0 usecs
12-10 23:09:51.356     0     0 D         : [T700001] probe of disable_unused:disable-unused-pd-ipe returned 1 after 183 usecs
12-10 23:09:51.357     0     0 D         : [T700001] probe of disable_unused:disable-unused-pd-vdec returned 1 after 184 usecs
12-10 23:09:51.357     9     9 I         : accdet mic_vol=6, plugout_deb=1 mic_mode=1 eint_pol=8
12-10 23:09:51.357     0     0 D         : [T700001] probe of disable_unused:disable-unused-pd-venc returned 1 after 382 usecs
12-10 23:09:51.357     9     9 I         : accdet caps=125
12-10 23:09:51.357     0     0 D         : [T700001] probe of disable_unused:disable-unused-pd-disp returned 1 after 23 usecs
12-10 23:09:51.357     9     9 D         : probe of mediatek,pmic-accdet returned 0 after 405 usecs
12-10 23:09:51.357     9     9 D         : probe of soc:odm:rt5133-gpio1 returned -517 after 0 usecs
12-10 23:09:51.357     9     9 D         : probe of soc:odm:rt5133-gpio2 returned -517 after 0 usecs
12-10 23:09:51.357     9     9 D         : probe of soc:odm:rt5133-gpio3 returned -517 after 0 usecs
12-10 23:09:51.357     0     0 D         : [T700001] probe of disable_unused:disable-unused-pd-audio returned 1 after 151 usecs
12-10 23:09:51.357     0     0 D         : [T700001] probe of disable_unused:disable-unused-pd-cam returned 1 after 221 usecs
12-10 23:09:51.358     9     9 I         : accdet mic_vol=6, plugout_deb=1 mic_mode=1 eint_pol=8
12-10 23:09:51.358     9     9 I         : accdet caps=125
12-10 23:09:51.358     0     0 D         : [T700001] probe of disable_unused:disable-unused-pd-cam_rawa returned 1 after 378 usecs
12-10 23:09:51.358     9     9 D         : probe of mediatek,pmic-accdet returned 0 after 358 usecs
12-10 23:09:51.358     9     9 D         : probe of soc:odm:rt5133-gpio1 returned -517 after 0 usecs
12-10 23:09:51.358     9     9 D         : probe of soc:odm:rt5133-gpio2 returned -517 after 0 usecs
12-10 23:09:51.358     9     9 D         : probe of soc:odm:rt5133-gpio3 returned -517 after 0 usecs
12-10 23:09:51.358     0     0 D         : [T700001] probe of disable_unused:disable-unused-pd-cam_rawb returned 1 after 350 usecs
12-10 23:09:51.358     9     9 I         : accdet mic_vol=6, plugout_deb=1 mic_mode=1 eint_pol=8
12-10 23:09:51.358     9     9 I         : accdet caps=125
12-10 23:09:51.359     9     9 D         : probe of mediatek,pmic-accdet returned 0 after 348 usecs
12-10 23:09:51.359     9     9 D         : probe of soc:odm:rt5133-gpio1 returned -517 after 0 usecs
12-10 23:09:51.359     9     9 D         : probe of soc:odm:rt5133-gpio2 returned -517 after 0 usecs
12-10 23:09:51.359     9     9 D         : probe of soc:odm:rt5133-gpio3 returned -517 after 0 usecs
12-10 23:09:51.359     0     0 D         : [T700001] initcall init_module.cfi_jt+0x0/0x8 [mtk_pm_domain_disable_unused] returned 0 after 2854 usecs
12-10 23:09:51.361     0     0 D         : [T700001] calling  init_module.cfi_jt+0x0/0x8 [sec] @ 1
12-10 23:09:51.361     0     0 D         : [T700001] probe of 1000a000.masp returned 1 after 98 usecs
12-10 23:09:51.362     0     0 D         : [T700001] initcall init_module.cfi_jt+0x0/0x8 [sec] returned 0 after 830 usecs
12-10 23:09:51.362     9     9 I         : accdet mic_vol=6, plugout_deb=1 mic_mode=1 eint_pol=8
12-10 23:09:51.362     9     9 I         : accdet caps=125
12-10 23:09:51.362     9     9 D         : probe of mediatek,pmic-accdet returned 0 after 483 usecs
12-10 23:09:51.362     9     9 D         : probe of soc:odm:rt5133-gpio1 returned -517 after 1 usecs
12-10 23:09:51.362     9     9 D         : probe of soc:odm:rt5133-gpio2 returned -517 after 0 usecs
12-10 23:09:51.362     9     9 D         : probe of soc:odm:rt5133-gpio3 returned -517 after 0 usecs
12-10 23:09:51.362     0     0 D         : [T700001] calling  init_module.cfi_jt+0x0/0x8 [load_track] @ 1
12-10 23:09:51.363     0     0 D         : [T600001] initcall init_module.cfi_jt+0x0/0x8 [load_track] returned 0 after 125 usecs
12-10 23:09:51.363     0     0 D         : [T600001] calling  init_module.cfi_jt+0x0/0x8 [uload_ind] @ 1
12-10 23:09:51.363     0     0 D         : [T600001] initcall init_module.cfi_jt+0x0/0x8 [uload_ind] returned 0 after 45 usecs
12-10 23:09:51.364     0     0 D         : [T700001] calling  init_module.cfi_jt+0x0/0x8 [bus_parity] @ 1
12-10 23:09:51.364     0     0 I         : [T700001] bus_parity c538800.bus_parity: driver probed
12-10 23:09:51.364     0     0 I         : [T700001] bus_parity c538800.bus_parity: nr_mcu_bpm=6, nr_infra_bpm=6
12-10 23:09:51.365     0     0 D         : [T700001] probe of c538800.bus_parity returned 1 after 159 usecs
12-10 23:09:51.366     9     9 I         : accdet mic_vol=6, plugout_deb=1 mic_mode=1 eint_pol=8
12-10 23:09:51.366     9     9 I         : accdet caps=125
12-10 23:09:51.366     0     0 D         : [T700001] initcall init_module.cfi_jt+0x0/0x8 [bus_parity] returned 0 after 1281 usecs
12-10 23:09:51.366     9     9 D         : probe of mediatek,pmic-accdet returned 0 after 555 usecs
12-10 23:09:51.366     9     9 D         : probe of soc:odm:rt5133-gpio1 returned -517 after 0 usecs
12-10 23:09:51.366     9     9 D         : probe of soc:odm:rt5133-gpio2 returned -517 after 0 usecs
12-10 23:09:51.366     9     9 D         : probe of soc:odm:rt5133-gpio3 returned -517 after 0 usecs
12-10 23:09:51.366     0     0 D         : [T600001] calling  init_module.cfi_jt+0x0/0x8 [mid_uart_dock] @ 1
12-10 23:09:51.366     0     0 W         : [T600001] LQ >>> mid_init
12-10 23:09:51.366     0     0 W         : [T600001] LQ >>> mid_docking_probe  start
12-10 23:09:51.367     0     0 I [T700001] input: mid_input as /devices/virtual/input/input13
12-10 23:09:51.367     0     0 I [T700001] input: mid_mouse as /devices/virtual/input/input14
12-10 23:09:51.367     0     0 W         : [T700001] LQ >>> mid_docking_probe  end
12-10 23:09:51.367     0     0 D         : [T700001] probe of mid_docking returned 1 after 462 usecs
12-10 23:09:51.368     9     9 I         : accdet mic_vol=6, plugout_deb=1 mic_mode=1 eint_pol=8
12-10 23:09:51.368     9     9 I         : accdet caps=125
12-10 23:09:51.368     0     0 D         : [T700001] initcall init_module.cfi_jt+0x0/0x8 [mid_uart_dock] returned 0 after 1443 usecs
12-10 23:09:51.368     9     9 D         : probe of mediatek,pmic-accdet returned 0 after 458 usecs
12-10 23:09:51.368     9     9 D         : probe of soc:odm:rt5133-gpio1 returned -517 after 0 usecs
12-10 23:09:51.368     9     9 D         : probe of soc:odm:rt5133-gpio2 returned -517 after 0 usecs
12-10 23:09:51.368     9     9 D         : probe of soc:odm:rt5133-gpio3 returned -517 after 0 usecs
12-10 23:09:51.370     0     0 W [T700001] printk: init: 366 output lines suppressed due to ratelimiting
12-10 23:09:51.416     0     0 W [T700001] init: [libfs_mgr]Warning: unknown flag: resize
12-10 23:09:51.416     0     0 E [T700001] init: Failed to open device-mapper: No such file or directory
12-10 23:09:51.416     0     0 W [T700001] init: DM_DEV_STATUS failed for system_ext_a: Bad file descriptor
12-10 23:09:51.416     0     0 E [T700001] init: Could not update logical partition
12-10 23:09:51.416     0     0 W [T700001] init: DM_DEV_STATUS failed for product_a: Bad file descriptor
12-10 23:09:51.416     0     0 E [T700001] init: Could not update logical partition
12-10 23:09:51.416     0     0 I [T700001] init: Opening SELinux policy
12-10 23:09:51.418     0     0 I [T700001] init: Loading SELinux policy
12-10 23:09:51.428     0     0 I [T700001] SELinux: Permission nlmsg_getneigh in class netlink_route_socket not defined in policy.
12-10 23:09:51.428     0     0 I [T700001] SELinux: Permission bpf in class capability2 not defined in policy.
12-10 23:09:51.428     0     0 I [T700001] SELinux: Permission checkpoint_restore in class capability2 not defined in policy.
12-10 23:09:51.428     0     0 I [T700001] SELinux: Permission bpf in class cap2_userns not defined in policy.
12-10 23:09:51.428     0     0 I [T700001] SELinux: Permission checkpoint_restore in class cap2_userns not defined in policy.
12-10 23:09:51.428     0     0 I [T700001] SELinux: the above unknown classes and permissions will be denied
12-10 23:09:51.431     0     0 I [T700001] SELinux: policy capability network_peer_controls=1
12-10 23:09:51.431     0     0 I [T700001] SELinux: policy capability open_perms=1
12-10 23:09:51.431     0     0 I [T700001] SELinux: policy capability extended_socket_class=1
12-10 23:09:51.431     0     0 I [T700001] SELinux: policy capability always_check_network=0
12-10 23:09:51.431     0     0 I [T700001] SELinux: policy capability cgroup_seclabel=0
12-10 23:09:51.431     0     0 I [T700001] SELinux: policy capability nnp_nosuid_transition=1
12-10 23:09:51.431     0     0 I [T700001] SELinux: policy capability genfs_seclabel_symlinks=0
12-10 23:09:51.431     0     0 I [T700001] SELinux: policy capability ioctl_skip_cloexec=0
12-10 23:09:51.532   282   282 W auditd  : type=1403 audit(0.0:2): auid=4294967295 ses=4294967295 lsm=selinux res=1
12-10 23:09:51.532   282   282 W auditd  : type=1404 audit(0.0:3): enforcing=1 old_enforcing=0 auid=4294967295 ses=4294967295 enabled=1 old-enabled=1 lsm=selinux res=1
12-10 23:09:51.601     0     0 I [T600001] selinux: SELinux: Loaded file_contexts
12-10 23:09:51.601     0     0 I [T600001] selinux:  
12-10 23:09:51.649     0     0 I [T600001] init: init second stage started!
12-10 23:09:51.666     0     0 I [T700001] init: Using Android DT directory /proc/device-tree/firmware/android/
12-10 23:09:51.667     0     0 E [T700001] init: Init cannot set 'ro.boot.hardware' to 'mt6789': Read-only property was already set
12-10 23:09:51.667     0     0 E [T700001] init: Init cannot set 'ro.boot.serialno' to '1355973516000056': Read-only property was already set
12-10 23:09:51.668     0     0 E         : [T600239] [AW35615] aw35615_protocol_reset 193: enter
12-10 23:09:51.668     0     0 E         : [T600239] [AW35615] aw35615_alert_status_clear 50: enter
12-10 23:09:51.668     0     0 E         : [T600239] [AW35615] aw35615_alert_status_clear 50: enter
12-10 23:09:51.668     0     0 E         : [T600239] [AW35615] aw35615_set_low_power_mode 168: enter
12-10 23:09:51.668     0     0 E         : [T600239] [AW35615] aw35615_is_low_power_mode 162: enter
12-10 23:09:51.668     0     0 W [T700001] init: Overriding previous property 'persist.sys.usb.config':'mtp,adb' with new value 'none'
12-10 23:09:51.669     0     0 W [T700001] init: Couldn't load property file '/system/build.prop': open() failed: No such file or directory: No such file or directory
12-10 23:09:51.669     0     0 W [T700001] init: Couldn't load property file '/system_ext/etc/build.prop': open() failed: No such file or directory: No such file or directory
12-10 23:09:51.669     0     0 W [T700001] init: Couldn't load property file '/system_ext/default.prop': open() failed: No such file or directory: No such file or directory
12-10 23:09:51.669     0     0 W [T700001] init: Couldn't load property file '/system_ext/build.prop': open() failed: No such file or directory: No such file or directory
12-10 23:09:51.669     0     0 W [T700001] init: Couldn't load property file '/system_ext/default.prop': open() failed: No such file or directory: No such file or directory
12-10 23:09:51.684     0     0 E [T700001] cgroup: Unknown subsys name 'schedtune'
12-10 23:09:51.656     1     1 I init    : type=1400 audit(0.0:4): avc: denied { write } for name="kernel_init_done" dev="sysfs" ino=55404 scontext=u:r:init:s0 tcontext=u:object_r:sysfs:s0 tclass=file permissive=1
12-10 23:09:51.656     1     1 I init    : type=1400 audit(0.0:5): avc: denied { open } for path="/sys/module/musb_hdrc/parameters/kernel_init_done" dev="sysfs" ino=55404 scontext=u:r:init:s0 tcontext=u:object_r:sysfs:s0 tclass=file permissive=1
12-10 23:09:51.696     0     0 I         : [T100009] mtk-extcon-usb soc:extcon_usb: online=0, type=4
12-10 23:09:51.696     0     0 I         : [T600174] tcpc_event_init_work typec attach new = 0
12-10 23:09:51.704   271   271 I ueventd : type=1400 audit(0.0:6): avc: denied { sys_nice } for capability=23 scontext=u:r:ueventd:s0 tcontext=u:r:ueventd:s0 tclass=capability permissive=1
12-10 23:09:51.740     0     0 I [T700271] ueventd: ueventd started!
12-10 23:09:51.741     0     0 I [T700271] selinux: SELinux: Loaded file_contexts
12-10 23:09:51.741     0     0 I [T700271] selinux:  
12-10 23:09:51.741     0     0 I [T700271] ueventd: Parsing file /system/etc/ueventd.rc...
12-10 23:09:51.741     0     0 I [T700271] ueventd: Added '/vendor/etc/ueventd.rc' to import list
12-10 23:09:51.741     0     0 I [T700271] ueventd: Added '/odm/etc/ueventd.rc' to import list
12-10 23:09:51.742     0     0 I [T700271] ueventd: Parsing file /vendor/etc/ueventd.rc...
12-10 23:09:51.742     0     0 I [T700271] ueventd: Parsing file /odm/etc/ueventd.rc...
12-10 23:09:51.742     0     0 I [T700271] ueventd: Unable to read config file '/odm/etc/ueventd.rc': open() failed: No such file or directory
12-10 23:09:51.745     0     0 I         : [T700271] get pe5 fail
12-10 23:09:51.745     0     0 I [T700271] get_charger_charging_current: get charging current failed: -95
12-10 23:09:51.745     0     0 I [T700271] get_charger_input_current: get input current failed: -95
12-10 23:09:51.745     0     0 I         : [T700271] get pe5 fail
12-10 23:09:51.746     0     0 I [T700271] get_charger_charging_current: get charging current failed: -95
12-10 23:09:51.746     0     0 I [T700271] get_charger_input_current: get input current failed: -95
12-10 23:09:51.746     0     0 I         : [T700271] get pe5 fail
12-10 23:09:51.746     0     0 I [T700271] get_charger_charging_current: get charging current failed: -95
12-10 23:09:51.746     0     0 I [T700271] get_charger_input_current: get input current failed: -95
12-10 23:09:51.781     0     0 I         : [T700271] [reg_to_current], is_charging=0
12-10 23:09:51.781     0     0 I         : [T700271] [get_ptim_current]ptim current:12221
12-10 23:09:51.781     0     0 I         : [T600271] mtk_battery_chgrger_status  line:324 status->intval 2
12-10 23:09:51.781     0     0 I         : [T600271] [reg_to_current], is_charging=0
12-10 23:09:51.781     0     0 I         : [T600271] [reg_to_current], is_charging=0
12-10 23:09:51.783     0     0 I         : [T600271] mt635x-auxadc mt635x-auxadc: Error: Get efuse failed (-517)
12-10 23:09:51.783     0     0 I         : [T600271] vbat_out_old=42870, vthr=696, T_curr=-4140, vbat_out=42870
12-10 23:09:51.783     0     0 I         : [T600271] [reg_to_current], is_charging=0
12-10 23:09:51.824     0     0 W         : [T400259] fts_ts spi0.0: Direct firmware load for focaltech_ts_fwBOE.bin failed with error -2
12-10 23:09:51.824     0     0 D [T400259] [FTS_TS]fts_irq_disable: Enter
12-10 23:09:51.824     0     0 D [T400259] [FTS_TS]fts_irq_disable: Exit(256)
12-10 23:09:51.900     0     0 I [T700271] ueventd: Coldboot took 0.157 seconds
12-10 23:09:51.872   282   282 I init    : type=1400 audit(0.0:7): avc: denied { entrypoint } for path="/system/bin/logd" dev="rootfs" ino=9252 scontext=u:r:logd:s0 tcontext=u:object_r:rootfs:s0 tclass=file permissive=1
12-10 23:09:51.872   282   282 I logd    : type=1400 audit(0.0:8): avc: denied { map } for path="/system/bin/logd" dev="rootfs" ino=9252 scontext=u:r:logd:s0 tcontext=u:object_r:rootfs:s0 tclass=file permissive=1
12-10 23:09:51.872   282   282 I logd    : type=1400 audit(0.0:9): avc: denied { read } for path="/system/bin/logd" dev="rootfs" ino=9252 scontext=u:r:logd:s0 tcontext=u:object_r:rootfs:s0 tclass=file permissive=1
12-10 23:09:51.872   282   282 I logd    : type=1400 audit(0.0:10): avc: denied { execute } for path="/system/bin/logd" dev="rootfs" ino=9252 scontext=u:r:logd:s0 tcontext=u:object_r:rootfs:s0 tclass=file permissive=1
12-10 23:09:51.916     0     0 W         : [T600001] request_module fs-functionfs succeeded, but still no fs?
12-10 23:09:51.918     0     0 E [T200282] logd: libprocessgroup: Failed to read task profiles from /etc/task_profiles.json
12-10 23:09:51.918     0     0 E [T200282] logd: libprocessgroup: Loading /etc/task_profiles.json for [282] failed
12-10 23:09:51.918     0     0 W [T200282] logd: libprocessgroup: Failed to find SCHED_SP_BACKGROUNDtask profile: No such file or directory
12-10 23:09:51.918     0     0 E [T200282] logd: Cannot read /system/etc/event-log-tags
12-10 23:09:51.920     0     0 I [T200282] logd.auditd: start
12-10 23:09:51.888   285   285 I vndservicemanag: type=1400 audit(0.0:19): avc: denied { read } for name="vndbinder" dev="binder" ino=6 scontext=u:r:recovery:s0 tcontext=u:object_r:vndbinder_device:s0 tclass=chr_file permissive=1
12-10 23:09:51.888   285   285 I vndservicemanag: type=1400 audit(0.0:20): avc: denied { write } for name="vndbinder" dev="binder" ino=6 scontext=u:r:recovery:s0 tcontext=u:object_r:vndbinder_device:s0 tclass=chr_file permissive=1
12-10 23:09:51.888   285   285 I vndservicemanag: type=1400 audit(0.0:21): avc: denied { open } for path="/dev/binderfs/vndbinder" dev="binder" ino=6 scontext=u:r:recovery:s0 tcontext=u:object_r:vndbinder_device:s0 tclass=chr_file permissive=1
12-10 23:09:51.888   285   285 I vndservicemanag: type=1400 audit(0.0:22): avc: denied { ioctl } for path="/dev/binderfs/vndbinder" dev="binder" ino=6 ioctlcmd=0x6209 scontext=u:r:recovery:s0 tcontext=u:object_r:vndbinder_device:s0 tclass=chr_file permissive=1
12-10 23:09:51.888   285   285 I vndservicemanag: type=1400 audit(0.0:23): avc: denied { map } for path="/dev/binderfs/vndbinder" dev="binder" ino=6 scontext=u:r:recovery:s0 tcontext=u:object_r:vndbinder_device:s0 tclass=chr_file permissive=1
12-10 23:09:51.892   285   285 I vndservicemanag: type=1400 audit(0.0:24): avc: denied { create } for scontext=u:r:recovery:s0 tcontext=u:r:recovery:s0 tclass=netlink_selinux_socket permissive=1
12-10 23:09:51.892   285   285 I vndservicemanag: type=1400 audit(0.0:25): avc: denied { bind } for scontext=u:r:recovery:s0 tcontext=u:r:recovery:s0 tclass=netlink_selinux_socket permissive=1
12-10 23:09:51.892   285   285 I vndservicemanag: type=1400 audit(0.0:26): avc: denied { read } for name="perms" dev="selinuxfs" ino=67112490 scontext=u:r:recovery:s0 tcontext=u:object_r:selinuxfs:s0 tclass=dir permissive=1
12-10 23:09:51.892   285   285 I vndservicemanag: type=1400 audit(0.0:27): avc: denied { open } for path="/sys/fs/selinux/class/service_manager/perms" dev="selinuxfs" ino=67112490 scontext=u:r:recovery:s0 tcontext=u:object_r:selinuxfs:s0 tclass=dir permissive=1
12-10 23:09:51.892   285   285 I vndservicemanag: type=1400 audit(0.0:28): avc: denied { write } for name="access" dev="selinuxfs" ino=6 scontext=u:r:recovery:s0 tcontext=u:object_r:selinuxfs:s0 tclass=file permissive=1
12-10 23:09:51.892   285   285 I vndservicemanag: type=1400 audit(0.0:29): avc: denied { compute_av } for scontext=u:r:recovery:s0 tcontext=u:object_r:kernel:s0 tclass=security permissive=1
12-10 23:09:51.892   285   285 I vndservicemanag: type=1400 audit(0.0:30): avc: denied { set_context_mgr } for scontext=u:r:recovery:s0 tcontext=u:r:recovery:s0 tclass=binder permissive=1
12-10 23:09:51.916   301   301 I trustkernel.twr: type=1400 audit(0.0:31): avc: denied { read } for name="t6_twrp" dev="sdc14" ino=34 scontext=u:r:recovery:s0 tcontext=u:object_r:mnt_vendor_file:s0 tclass=dir permissive=1
12-10 23:09:51.916   301   301 I trustkernel.twr: type=1400 audit(0.0:32): avc: denied { open } for path="/mnt/vendor/persist/t6_twrp" dev="sdc14" ino=34 scontext=u:r:recovery:s0 tcontext=u:object_r:mnt_vendor_file:s0 tclass=dir permissive=1
12-10 23:09:51.928     1     1 I unknown : type=1107 audit(0.0:33): uid=0 auid=4294967295 ses=4294967295 subj=u:r:init:s0 msg='avc: denied { set } for property=hwservicemanager.ready pid=283 uid=0 gid=0 scontext=u:r:recovery:s0 tcontext=u:object_r:hwservicemanager_prop:s0 tclass=property_service permissive=1'
12-10 23:09:51.948   286   286 I keystore2: keystore2_main: Keystore2 is starting.
12-10 23:09:51.944   286   286 I keystore2: type=1400 audit(0.0:34): avc: denied { read } for name="u:object_r:keystore_crash_prop:s0" dev="tmpfs" ino=139 scontext=u:r:recovery:s0 tcontext=u:object_r:keystore_crash_prop:s0 tclass=file permissive=1
12-10 23:09:51.944   286   286 I keystore2: type=1400 audit(0.0:35): avc: denied { open } for path="/dev/__properties__/u:object_r:keystore_crash_prop:s0" dev="tmpfs" ino=139 scontext=u:r:recovery:s0 tcontext=u:object_r:keystore_crash_prop:s0 tclass=file permissive=1
12-10 23:09:51.944   286   286 I keystore2: type=1400 audit(0.0:36): avc: denied { getattr } for path="/dev/__properties__/u:object_r:keystore_crash_prop:s0" dev="tmpfs" ino=139 scontext=u:r:recovery:s0 tcontext=u:object_r:keystore_crash_prop:s0 tclass=file permissive=1
12-10 23:09:51.944   286   286 I keystore2: type=1400 audit(0.0:37): avc: denied { map } for path="/dev/__properties__/u:object_r:keystore_crash_prop:s0" dev="tmpfs" ino=139 scontext=u:r:recovery:s0 tcontext=u:object_r:keystore_crash_prop:s0 tclass=file permissive=1
12-10 23:09:51.949   286   286 I keystore2: keystore2_main: Starting thread pool now.
12-10 23:09:51.949   286   305 I keystore2: getDeviceHalManifest: Reading VINTF information.
12-10 23:09:51.944     1     1 I unknown : type=1107 audit(0.0:38): uid=0 auid=4294967295 ses=4294967295 subj=u:r:init:s0 msg='avc: denied { set } for property=keystore.crash_count pid=286 uid=0 gid=1017 scontext=u:r:recovery:s0 tcontext=u:object_r:keystore_crash_prop:s0 tclass=property_service permissive=1'
12-10 23:09:51.950   286   305 I keystore2: getDeviceHalManifest: Successfully processed VINTF information
12-10 23:09:51.944   286   286 I keystore2: type=1400 audit(0.0:39): avc: denied { call } for scontext=u:r:recovery:s0 tcontext=u:r:recovery:s0 tclass=binder permissive=1
12-10 23:09:51.951   284   284 E SELinux : avc:  denied  { find } for pid=286 uid=0 name=android.hardware.security.sharedsecret.ISharedSecret/default scontext=u:r:recovery:s0 tcontext=u:object_r:hal_sharedsecret_service:s0 tclass=service_manager permissive=1
12-10 23:09:51.951   284   284 E SELinux : avc:  denied  { find } for pid=286 uid=0 name=android.hardware.security.keymint.IKeyMintDevice/default scontext=u:r:recovery:s0 tcontext=u:object_r:hal_keymint_service:s0 tclass=service_manager permissive=1
12-10 23:09:51.951   286   305 I ServiceManager: Waiting for service 'android.hardware.security.sharedsecret.ISharedSecret/default' on '/dev/binder'...
12-10 23:09:51.951   286   286 I ServiceManager: Waiting for service 'android.hardware.security.keymint.IKeyMintDevice/default' on '/dev/binder'...
12-10 23:09:51.960   302   302 I rm      : type=1400 audit(0.0:40): avc: denied { search } for name="t6_twrp" dev="sdc14" ino=34 scontext=u:r:recovery:s0 tcontext=u:object_r:mnt_vendor_file:s0 tclass=dir permissive=1
12-10 23:09:51.960   302   302 I rm      : type=1400 audit(0.0:41): avc: denied { getattr } for path="/mnt/vendor/persist/t6_twrp/8E2E660226E1E511B86D9A79F06E9478" dev="sdc14" ino=17 scontext=u:r:recovery:s0 tcontext=u:object_r:mnt_vendor_file:s0 tclass=dir permissive=1
12-10 23:09:51.964   302   302 I rm      : type=1400 audit(0.0:42): avc: denied { getattr } for path="/mnt/vendor/persist/t6_twrp/8E2E660226E1E511B86D9A79F06E9478/5448524F54544C4500000000/meta.0" dev="sdc14" ino=27 scontext=u:r:recovery:s0 tcontext=u:object_r:mnt_vendor_file:s0 tclass=file permissive=1
12-10 23:09:51.964   302   302 I rm      : type=1400 audit(0.0:43): avc: denied { write } for name="5448524F54544C4500000000" dev="sdc14" ino=23 scontext=u:r:recovery:s0 tcontext=u:object_r:mnt_vendor_file:s0 tclass=dir permissive=1
12-10 23:09:51.964   302   302 I rm      : type=1400 audit(0.0:44): avc: denied { remove_name } for name="meta.0" dev="sdc14" ino=27 scontext=u:r:recovery:s0 tcontext=u:object_r:mnt_vendor_file:s0 tclass=dir permissive=1
12-10 23:09:51.964   302   302 I rm      : type=1400 audit(0.0:45): avc: denied { unlink } for name="meta.0" dev="sdc14" ino=27 scontext=u:r:recovery:s0 tcontext=u:object_r:mnt_vendor_file:s0 tclass=file permissive=1
12-10 23:09:51.925     0     0 I         : [T100001] EXT4-fs (sdc15): mounted filesystem with ordered data mode. Opts: (null)
12-10 23:09:51.925     0     0 I [T100001] SELinux: Context u:object_r:protect_f_data_file:s0 is not valid (left unmapped).
12-10 23:09:51.964   302   302 I rm      : type=1400 audit(0.0:46): avc: denied { rmdir } for name="5448524F54544C4500000000" dev="sdc14" ino=23 scontext=u:r:recovery:s0 tcontext=u:object_r:mnt_vendor_file:s0 tclass=dir permissive=1
12-10 23:09:51.928     0     0 I         : [T100001] EXT4-fs (sdc16): mounted filesystem with ordered data mode. Opts: (null)
12-10 23:09:51.928     0     0 I [T100001] SELinux: Context u:object_r:protect_s_data_file:s0 is not valid (left unmapped).
12-10 23:09:51.931     0     0 I         : [T100001] EXT4-fs (sdc6): mounted filesystem with ordered data mode. Opts: (null)
12-10 23:09:51.931     0     0 I [T100001] SELinux: Context u:object_r:nvdata_file:s0 is not valid (left unmapped).
12-10 23:09:51.934     0     0 I         : [T100001] EXT4-fs (sdc5): mounted filesystem with ordered data mode. Opts: (null)
12-10 23:09:51.935     0     0 I [T100001] SELinux: Context u:object_r:nvcfg_file:s0 is not valid (left unmapped).
12-10 23:09:51.938     0     0 I         : [T100001] EXT4-fs (sdc14): mounted filesystem with ordered data mode. Opts: (null)
12-10 23:09:51.938     0     0 I [T100001] SELinux: Context u:object_r:persist_data_file:s0 is not valid (left unmapped).
12-10 23:09:52.000     0     0 I [T100301] SELinux: Context u:object_r:tkcore_protect_data_file:s0 is not valid (left unmapped).
12-10 23:09:52.036     0     0 D [T400259] [FTS_TS]fts_ecc_check: ecc in tp:3d62,host:3d62,i:0
12-10 23:09:52.012   308   308 I cp      : type=1400 audit(0.0:47): avc: denied { add_name } for name="8E2E660226E1E511B86D9A79F06E9478" scontext=u:r:recovery:s0 tcontext=u:object_r:mnt_vendor_file:s0 tclass=dir permissive=1
12-10 23:09:52.012   308   308 I cp      : type=1400 audit(0.0:48): avc: denied { create } for name="8E2E660226E1E511B86D9A79F06E9478" scontext=u:r:recovery:s0 tcontext=u:object_r:mnt_vendor_file:s0 tclass=dir permissive=1
12-10 23:09:52.016   308   308 I cp      : type=1400 audit(0.0:49): avc: denied { create } for name="block0.0" scontext=u:r:recovery:s0 tcontext=u:object_r:mnt_vendor_file:s0 tclass=file permissive=1
12-10 23:09:52.016   308   308 I cp      : type=1400 audit(0.0:50): avc: denied { read write open } for path="/mnt/vendor/persist/t6_twrp/8E2E660226E1E511B86D9A79F06E9478/5448524F54544C4500000000/block0.0" dev="sdc14" ino=27 scontext=u:r:recovery:s0 tcontext=u:object_r:mnt_vendor_file:s0 tclass=file permissive=1
12-10 23:09:52.016   308   308 I cp      : type=1400 audit(0.0:51): avc: denied { setattr } for name="block0.0" dev="sdc14" ino=27 scontext=u:r:recovery:s0 tcontext=u:object_r:mnt_vendor_file:s0 tclass=file permissive=1
12-10 23:09:52.016   308   308 I cp      : type=1400 audit(0.0:52): avc: denied { setattr } for name="5448524F54544C4500000000" dev="sdc14" ino=23 scontext=u:r:recovery:s0 tcontext=u:object_r:mnt_vendor_file:s0 tclass=dir permissive=1
12-10 23:09:52.048     0     0 D [T400259] [FTS_TS]fts_irq_enable: Enter
12-10 23:09:52.048     0     0 D [T400259] [FTS_TS]fts_irq_enable: Exit(272)
12-10 23:09:52.148     0     0 I         : [T400001] file system registered
12-10 23:09:52.149     0     0 I         : [T400001] Mass Storage Function, version: 2009/09/11
12-10 23:09:52.149     0     0 I [T400001] LUN: removable file: (no medium)
12-10 23:09:52.120   270   270 W init    : type=1400 audit(0.0:53): avc: denied { write } for name="bootprof" dev="proc" ino=4026532134 scontext=u:r:vendor_init:s0 tcontext=u:object_r:proc:s0 tclass=file permissive=0
12-10 23:09:52.120   270   270 W init    : type=1400 audit(0.0:54): avc: denied { setattr } for name="t6" dev="sdc14" ino=12 scontext=u:r:vendor_init:s0 tcontext=u:object_r:unlabeled:s0 tclass=dir permissive=0 trawcon="u:object_r:tkcore_protect_data_file:s0"
12-10 23:09:52.124   270   270 W init    : type=1400 audit(0.0:55): avc: denied { setattr } for name="tee" dev="sdc15" ino=12 scontext=u:r:vendor_init:s0 tcontext=u:object_r:unlabeled:s0 tclass=dir permissive=0 trawcon="u:object_r:tkcore_protect_data_file:s0"
12-10 23:09:52.124   270   270 W init    : type=1400 audit(0.0:56): avc: denied { write } for name="bootprof" dev="proc" ino=4026532134 scontext=u:r:vendor_init:s0 tcontext=u:object_r:proc:s0 tclass=file permissive=0
12-10 23:09:52.137   311   311 D tkcore-teec: nsclient-commit-teed-master-v2.7p0-13-gb500e46
12-10 23:09:52.137   311   311 D tkcore-teec: 
12-10 23:09:52.132     1     1 I init    : type=1400 audit(0.0:57): avc: denied { write } for name="events_dfl_poll_msecs" dev="sysfs" ino=21731 scontext=u:r:init:s0 tcontext=u:object_r:sysfs:s0 tclass=file permissive=1
12-10 23:09:52.132     1     1 I init    : type=1400 audit(0.0:58): avc: denied { open } for path="/sys/module/block/parameters/events_dfl_poll_msecs" dev="sysfs" ino=21731 scontext=u:r:init:s0 tcontext=u:object_r:sysfs:s0 tclass=file permissive=1
12-10 23:09:52.132   311   311 I teed    : type=1400 audit(0.0:59): avc: denied { read write } for name="rpmb0" dev="tmpfs" ino=586 scontext=u:r:recovery:s0 tcontext=u:object_r:device:s0 tclass=chr_file permissive=1
12-10 23:09:52.137   311   311 D tkcore-teec: sdrpmb dev path: (null)
12-10 23:09:52.132   311   311 I teed    : type=1400 audit(0.0:60): avc: denied { open } for path="/dev/rpmb0" dev="tmpfs" ino=586 scontext=u:r:recovery:s0 tcontext=u:object_r:device:s0 tclass=chr_file permissive=1
12-10 23:09:52.137   311   311 D tkcore-teec: system ta path: /vendor/app/t6
12-10 23:09:52.137   311   311 D tkcore-teec: sp ta path: /data/vendor/t6/app
12-10 23:09:52.137   311   311 D tkcore-teec: secure fs path: /data/vendor/t6/fs
12-10 23:09:52.132   311   311 I teed    : type=1400 audit(0.0:61): avc: denied { ioctl } for path="/dev/rpmb0" dev="tmpfs" ino=586 ioctlcmd=0xd scontext=u:r:recovery:s0 tcontext=u:object_r:device:s0 tclass=chr_file permissive=1
12-10 23:09:52.137   311   311 D tkcore-teec: prot data path: /mnt/vendor/persist/t6_twrp
12-10 23:09:52.137   311   311 D tkcore-teec: log path: /data/vendor/t6/tkcore.log
12-10 23:09:52.137   311   311 D tkcore-teec: prop prefix: vendor.trustkernel
12-10 23:09:52.138   311   311 D tkcore-teec: read extcsd failed with -1(25)
12-10 23:09:52.138   311   311 D tkcore-teec: read dev info failed
12-10 23:09:52.138   311   311 D tkcore-teec: teed: failed to init rpmb dev with : 246
12-10 23:09:52.138   311   311 D tkcore-teec: 
12-10 23:09:52.138   311   315 D tkcore-teec: <log_teeos> thread started
12-10 23:09:52.138   311   311 D tkcore-teec: teed listening on /dev/tkcoredrv
12-10 23:09:52.138   311   313 D tkcore-teec: tee_userinit enter
12-10 23:09:52.132   311   311 I teed    : type=1400 audit(0.0:62): avc: denied { read write } for name="tkcore_teed_version" dev="proc" ino=4026532178 scontext=u:r:recovery:s0 tcontext=u:object_r:proc:s0 tclass=file permissive=1
12-10 23:09:52.132   311   311 I teed    : type=1400 audit(0.0:63): avc: denied { read } for name="tkcore_log" dev="proc" ino=4026532175 scontext=u:r:recovery:s0 tcontext=u:object_r:proc:s0 tclass=file permissive=1
12-10 23:09:52.132   311   311 I teed    : type=1400 audit(0.0:65): avc: denied { open } for path="/proc/tkcore/tkcore_log" dev="proc" ino=4026532175 scontext=u:r:recovery:s0 tcontext=u:object_r:proc:s0 tclass=file permissive=1
12-10 23:09:52.132   311   311 I teed    : type=1400 audit(0.0:64): avc: denied { open } for path="/proc/tkcore/tkcore_teed_version" dev="proc" ino=4026532178 scontext=u:r:recovery:s0 tcontext=u:object_r:proc:s0 tclass=file permissive=1
12-10 23:09:52.166   311   311 I         : [rpmb] rpmb_ioctl_ufs, wrong ioctl code (13)!!!
12-10 23:09:52.166   311   311 I         : [rpmb] rpmb_ioctl_ufs, wrong ioctl code (-1068977408)!!!
12-10 23:09:52.136     1     1 I unknown : type=1107 audit(0.0:66): uid=0 auid=4294967295 ses=4294967295 subj=u:r:init:s0 msg='avc: denied { set } for property=vendor.trustkernel.ready pid=311 uid=1000 gid=1000 scontext=u:r:recovery:s0 tcontext=u:object_r:vendor_default_prop:s0 tclass=property_service permissive=1'
12-10 23:09:52.168     0     0 E         : [T600239] [AW35615] aw35615_protocol_reset 193: enter
12-10 23:09:52.168     0     0 E         : [T600239] [AW35615] aw35615_alert_status_clear 50: enter
12-10 23:09:52.168     0     0 E         : [T600239] [AW35615] aw35615_alert_status_clear 50: enter
12-10 23:09:52.168     0     0 E         : [T600239] [AW35615] aw35615_set_low_power_mode 168: enter
12-10 23:09:52.168     0     0 E         : [T600239] [AW35615] aw35615_is_low_power_mode 162: enter
12-10 23:09:52.140   317   317 I android.hardwar: type=1400 audit(0.0:67): avc: denied { write } for path="/dev/kmsg" dev="tmpfs" ino=5 scontext=u:r:recovery:s0 tcontext=u:object_r:kmsg_device:s0 tclass=chr_file permissive=1
12-10 23:09:52.144   318   318 I mtk_plpath_util: type=1400 audit(0.0:68): avc: denied { search } for name="block" dev="sysfs" ino=22739 scontext=u:r:recovery:s0 tcontext=u:object_r:sysfs_block:s0 tclass=dir permissive=1
12-10 23:09:52.148   318   318 E mtk_plpath_utils: get_correct_pla_size /sys/bus/scsi/devices/host0/target0:0:0/ 0  41ed
12-10 23:09:52.148   318   318 E mtk_plpath_utils: get_correct_pla_size /sys/bus/scsi/devices/host0/target0:0:0/0:0:0:0/ exist
12-10 23:09:52.148   318   318 E mtk_plpath_utils: .
12-10 23:09:52.148   318   318 E mtk_plpath_utils: ..
12-10 23:09:52.149   318   318 E mtk_plpath_utils: sda
12-10 23:09:52.149   318   318 E mtk_plpath_utils: get_correct_pla_size pl_a @ sda
12-10 23:09:52.149   318   318 E mtk_plpath_utils: isEmmc = 0, pl_size: 4194304
12-10 23:09:52.149   318   318 E mtk_plpath_utils: /sys/bus/scsi/devices/host0/target0:0:0/ 0  41ed
12-10 23:09:52.149   318   318 E mtk_plpath_utils: /sys/bus/scsi/devices/host0/target0:0:0/0:0:0:0/ exist
