12-11 17:56:32.674  1248  1248 I PackageManager: /system/priv-app/AvatarPicker changed; collecting certs (forced)
12-11 17:56:32.678  1248  1248 I PackageManager: /system/priv-app/DownloadProvider changed; collecting certs (forced)
12-11 17:56:32.682  1248  1248 I PackageManager: /system/priv-app/DocumentsUI changed; collecting certs (forced)
12-11 17:56:32.682  1248  1444 V Configuration: Updating configuration, locales updated from [] to [en_US]
12-11 17:56:32.683  1248  1445 V Configuration: Updating configuration, locales updated from [] to [en_US]
12-11 17:56:32.685  1248  1248 I PackageManager: /system/priv-app/TeleService changed; collecting certs (forced)
12-11 17:56:32.686  1248  1446 V Configuration: Updating configuration, locales updated from [] to [en_US]
12-11 17:56:32.687  1248  1443 V Configuration: Updating configuration, locales updated from [] to [en_US]
12-11 17:56:32.690  1248  1248 I PackageManager: /system/priv-app/BlockedNumberProvider changed; collecting certs (forced)
12-11 17:56:32.691  1248  1445 V Configuration: Updating configuration, locales updated from [] to [en_US]
12-11 17:56:32.693  1248  1248 I PackageManager: /system/priv-app/DynamicSystemInstallationService changed; collecting certs (forced)
12-11 17:56:32.697  1248  1248 I PackageManager: /system/priv-app/ExternalStorageProvider changed; collecting certs (forced)
12-11 17:56:32.697  1248  1443 V Configuration: Updating configuration, locales updated from [] to [en_US]
12-11 17:56:32.701  1248  1248 I PackageManager: /system/priv-app/IntentResolver changed; collecting certs (forced)
12-11 17:56:32.701  1248  1444 V Configuration: Updating configuration, locales updated from [] to [en_US]
12-11 17:56:32.705  1248  1446 V Configuration: Updating configuration, locales updated from [] to [en_US]
12-11 17:56:32.706  1248  1445 V Configuration: Updating configuration, locales updated from [] to [en_US]
12-11 17:56:32.707  1248  1248 I PackageManager: /system/priv-app/ContactsProvider changed; collecting certs (forced)
12-11 17:56:32.710  1248  1248 I PackageManager: /system/priv-app/PackageInstaller changed; collecting certs (forced)
12-11 17:56:32.711  1248  1445 V Configuration: Updating configuration, locales updated from [] to [en_US]
12-11 17:56:32.714  1248  1248 I PackageManager: /system/priv-app/MediaProviderLegacy changed; collecting certs (forced)
12-11 17:56:32.714  1248  1443 V Configuration: Updating configuration, locales updated from [] to [en_US]
12-11 17:56:32.717  1248  1446 V Configuration: Updating configuration, locales updated from [] to [en_US]
12-11 17:56:32.717  1248  1248 I PackageManager: /system/priv-app/SettingsProvider changed; collecting certs (forced)
12-11 17:56:32.719  1248  1445 V Configuration: Updating configuration, locales updated from [] to [en_US]
12-11 17:56:32.719  1248  1444 V Configuration: Updating configuration, locales updated from [] to [en_US]
12-11 17:56:32.720  1248  1248 I PackageManager: /system/priv-app/ImsService changed; collecting certs (forced)
12-11 17:56:32.721  1248  1443 V Configuration: Updating configuration, locales updated from [] to [en_US]
12-11 17:56:32.722  1248  1248 I PackageManager: Update system package com.mediatek.ims code path from /system_ext/priv-app/ImsService to /system/priv-app/ImsService; Retain data and using new
12-11 17:56:32.724  1248  1248 I PackageManager: /system/priv-app/DeviceDiagnostics changed; collecting certs (forced)
12-11 17:56:32.726  1248  1443 V Configuration: Updating configuration, locales updated from [] to [en_US]
12-11 17:56:32.726  1248  1444 V Configuration: Updating configuration, locales updated from [] to [en_US]
12-11 17:56:32.727  1248  1446 V Configuration: Updating configuration, locales updated from [] to [en_US]
12-11 17:56:32.727  1248  1445 V Configuration: Updating configuration, locales updated from [] to [en_US]
12-11 17:56:32.727  1248  1248 I PackageManager: /system/priv-app/CredentialManager changed; collecting certs (forced)
12-11 17:56:32.731  1248  1444 V Configuration: Updating configuration, locales updated from [] to [en_US]
12-11 17:56:32.735  1248  1445 V Configuration: Updating configuration, locales updated from [] to [en_US]
12-11 17:56:32.735  1248  1248 I PackageManager: /system/priv-app/DeviceAsWebcam changed; collecting certs (forced)
12-11 17:56:32.736  1248  1443 V Configuration: Updating configuration, locales updated from [] to [en_US]
12-11 17:56:32.738  1248  1444 V Configuration: Updating configuration, locales updated from [] to [en_US]
12-11 17:56:32.740  1248  1248 I PackageManager: /system/priv-app/E2eeContactKeysProvider changed; collecting certs (forced)
12-11 17:56:32.741  1248  1446 W PackageParsing: Ignoring duplicate uses-permissions/uses-permissions-sdk-m: android.permission.SATELLITE_COMMUNICATION in package: com.android.shell at: Binary XML file line #777
12-11 17:56:32.742  1248  1446 W PackageParsing: Ignoring duplicate uses-permissions/uses-permissions-sdk-m: android.permission.FOREGROUND_SERVICE in package: com.android.shell at: Binary XML file line #876
12-11 17:56:32.742  1248  1446 W PackageParsing: Ignoring duplicate uses-permissions/uses-permissions-sdk-m: android.permission.FOREGROUND_SERVICE_SYSTEM_EXEMPTED in package: com.android.shell at: Binary XML file line #877
12-11 17:56:32.742  1248  1248 I PackageManager: /system/priv-app/LocalTransport changed; collecting certs (forced)
12-11 17:56:32.745  1248  1248 I PackageManager: /system/priv-app/BuiltInPrintService changed; collecting certs (forced)
12-11 17:56:32.749  1248  1248 I PackageManager: /system/priv-app/CallLogBackup changed; collecting certs (forced)
12-11 17:56:32.752  1248  1248 I PackageManager: /system/priv-app/UserDictionaryProvider changed; collecting certs (forced)
12-11 17:56:32.754  1248  1248 I PackageManager: /system/priv-app/InputDevices changed; collecting certs (forced)
12-11 17:56:32.757  1248  1248 I PackageManager: /system/priv-app/ProxyHandler changed; collecting certs (forced)
12-11 17:56:32.759  1248  1248 I PackageManager: /system/priv-app/CellBroadcastLegacyApp changed; collecting certs (forced)
12-11 17:56:32.762  1248  1248 I PackageManager: /system/priv-app/SoundPicker changed; collecting certs (forced)
12-11 17:56:32.765  1248  1248 I PackageManager: /system/priv-app/FusedLocation changed; collecting certs (forced)
12-11 17:56:32.767  1248  1248 I PackageManager: /system/priv-app/Shell changed; collecting certs (forced)
12-11 17:56:32.776  1248  1446 V Configuration: Updating configuration, locales updated from [] to [en_US]
12-11 17:56:32.777  1248  1444 V Configuration: Updating configuration, locales updated from [] to [en_US]
12-11 17:56:32.777  1248  1445 V Configuration: Updating configuration, locales updated from [] to [en_US]
12-11 17:56:32.779  1248  1248 I PackageManager: /system/app/BasicDreams changed; collecting certs (forced)
12-11 17:56:32.779  1248  1443 V Configuration: Updating configuration, locales updated from [] to [en_US]
12-11 17:56:32.782  1248  1445 V Configuration: Updating configuration, locales updated from [] to [en_US]
12-11 17:56:32.782  1248  1248 I PackageManager: /system/app/HTMLViewer changed; collecting certs (forced)
12-11 17:56:32.785  1248  1446 V Configuration: Updating configuration, locales updated from [] to [en_US]
12-11 17:56:32.786  1248  1248 I PackageManager: /system/app/BookmarkProvider changed; collecting certs (forced)
12-11 17:56:32.787  1248  1445 V Configuration: Updating configuration, locales updated from [] to [en_US]
12-11 17:56:32.787  1248  1444 V Configuration: Updating configuration, locales updated from [] to [en_US]
12-11 17:56:32.788  1248  1443 V Configuration: Updating configuration, locales updated from [] to [en_US]
12-11 17:56:32.791  1248  1248 I PackageManager: /system/app/CertInstaller changed; collecting certs (forced)
12-11 17:56:32.792  1248  1446 V Configuration: Updating configuration, locales updated from [] to [en_US]
12-11 17:56:32.793  1248  1445 V Configuration: Updating configuration, locales updated from [] to [en_US]
12-11 17:56:32.794  1248  1248 I PackageManager: /system/app/ExtShared changed; collecting certs (forced)
12-11 17:56:32.796  1248  1443 V Configuration: Updating configuration, locales updated from [] to [en_US]
12-11 17:56:32.797  1248  1446 V Configuration: Updating configuration, locales updated from [] to [en_US]
12-11 17:56:32.798  1248  1248 I PackageManager: /system/app/BluetoothMidiService changed; collecting certs (forced)
12-11 17:56:32.799  1248  1444 V Configuration: Updating configuration, locales updated from [] to [en_US]
12-11 17:56:32.801  1248  1248 I PackageManager: /system/app/EasterEgg changed; collecting certs (forced)
12-11 17:56:32.804  1248  1444 V Configuration: Updating configuration, locales updated from [] to [en_US]
12-11 17:56:32.804  1248  1248 I PackageManager: /system/app/SimAppDialog changed; collecting certs (forced)
12-11 17:56:32.805  1248  1445 V Configuration: Updating configuration, locales updated from [] to [en_US]
12-11 17:56:32.807  1248  1248 I PackageManager: /system/app/CameraExtensionsProxy changed; collecting certs (forced)
12-11 17:56:32.808  1248  1446 V Configuration: Updating configuration, locales updated from [] to [en_US]
12-11 17:56:32.808  1248  1443 V Configuration: Updating configuration, locales updated from [] to [en_US]
12-11 17:56:32.811  1248  1248 I PackageManager: /system/app/KeyChain changed; collecting certs (forced)
12-11 17:56:32.811  1248  1444 V Configuration: Updating configuration, locales updated from [] to [en_US]
12-11 17:56:32.813  1248  1444 W PackageParsing: No actions in intent-filter at /system/app/CarrierDefaultApp/CarrierDefaultApp.apk Binary XML file line #45
12-11 17:56:32.814  1248  1248 I PackageManager: /system/app/SecureElement changed; collecting certs (forced)
12-11 17:56:32.814  1248  1444 W PackageParsing: No actions in intent-filter at /system/app/CarrierDefaultApp/CarrierDefaultApp.apk Binary XML file line #70
12-11 17:56:32.817  1248  1248 I PackageManager: /system/app/PacProcessor changed; collecting certs (forced)
12-11 17:56:32.819  1248  1248 I PackageManager: /system/app/PrintRecommendationService changed; collecting certs (forced)
12-11 17:56:32.822  1248  1248 I PackageManager: /system/app/CompanionDeviceManager changed; collecting certs (forced)
12-11 17:56:32.824  1248  1248 I PackageManager: /system/app/WallpaperBackup changed; collecting certs (forced)
12-11 17:56:32.827  1248  1248 I PackageManager: /system/app/CaptivePortalLogin changed; collecting certs (forced)
12-11 17:56:32.830  1248  1248 I PackageManager: /system/app/PrintSpooler changed; collecting certs (forced)
12-11 17:56:32.835  1248  1248 I PackageManager: /system/app/Stk changed; collecting certs (forced)
12-11 17:56:32.838  1248  1248 I PackageManager: /system/app/CarrierDefaultApp changed; collecting certs (forced)
12-11 17:56:32.850  1248  1444 V Configuration: Updating configuration, locales updated from [] to [en_US]
12-11 17:56:32.851  1248  1446 V Configuration: Updating configuration, locales updated from [] to [en_US]
12-11 17:56:32.852  1248  1248 I PackageManager: /product/priv-app/SettingsIntelligence changed; collecting certs (forced)
12-11 17:56:32.856  1248  1248 I PackageManager: /product/priv-app/ImsServiceEntitlement changed; collecting certs (forced)
12-11 17:56:32.861  1248  1443 V Configuration: Updating configuration, locales updated from [] to [en_US]
12-11 17:56:32.862  1248  1445 V Configuration: Updating configuration, locales updated from [] to [en_US]
12-11 17:56:32.871  1248  1445 W PackageParsing: No actions in intent-filter at /product/priv-app/Contacts/Contacts.apk Binary XML file line #566
12-11 17:56:32.872  1248  1248 I PackageManager: /product/priv-app/Dialer changed; collecting certs (forced)
12-11 17:56:32.876  1248  1248 I PackageManager: /product/priv-app/Contacts changed; collecting certs (forced)
12-11 17:56:32.884  1248  1446 V Configuration: Updating configuration, locales updated from [] to [en_US]
12-11 17:56:32.885  1248  1248 I PackageManager: /product/app/ModuleMetadata changed; collecting certs (forced)
12-11 17:56:32.889  1248  1446 V Configuration: Updating configuration, locales updated from [] to [en_US]
12-11 17:56:32.890  1248  1444 V Configuration: Updating configuration, locales updated from [] to [en_US]
12-11 17:56:32.891  1248  1445 V Configuration: Updating configuration, locales updated from [] to [en_US]
12-11 17:56:32.892  1248  1443 V Configuration: Updating configuration, locales updated from [] to [en_US]
12-11 17:56:32.894  1248  1248 I PackageManager: /product/app/PhotoTable changed; collecting certs (forced)
12-11 17:56:32.897  1248  1248 I PackageManager: /product/app/Glimpse changed; collecting certs (forced)
12-11 17:56:32.897  1248  1446 V Configuration: Updating configuration, locales updated from [] to [en_US]
12-11 17:56:32.901  1248  1248 I PackageManager: /product/app/Camelot changed; collecting certs (forced)
12-11 17:56:32.904  1248  1248 I PackageManager: /product/app/ApertureLensLauncher changed; collecting certs (forced)
12-11 17:56:32.906  1248  1446 V Configuration: Updating configuration, locales updated from [] to [en_US]
12-11 17:56:32.907  1248  1248 I PackageManager: /product/app/DeskClock changed; collecting certs (forced)
12-11 17:56:32.911  1248  1248 I PackageManager: /product/app/Backgrounds changed; collecting certs (forced)
12-11 17:56:32.911  1248  1444 V Configuration: Updating configuration, locales updated from [] to [en_US]
12-11 17:56:32.913  1248  1445 V Configuration: Updating configuration, locales updated from [] to [en_US]
12-11 17:56:32.916  1248  1443 V Configuration: Updating configuration, locales updated from [] to [en_US]
12-11 17:56:32.918  1248  1248 I PackageManager: /product/app/ExactCalculator changed; collecting certs (forced)
12-11 17:56:32.921  1248  1248 I PackageManager: /product/app/Aperture changed; collecting certs (forced)
12-11 17:56:32.922  1248  1446 V Configuration: Updating configuration, locales updated from [] to [en_US]
12-11 17:56:32.923  1248  1443 V Configuration: Updating configuration, locales updated from [] to [en_US]
12-11 17:56:32.923  1248  1444 V Configuration: Updating configuration, locales updated from [] to [en_US]
12-11 17:56:32.928  1248  1445 V Configuration: Updating configuration, locales updated from [] to [en_US]
12-11 17:56:32.930  1248  1248 I PackageManager: /product/app/messaging changed; collecting certs (forced)
12-11 17:56:32.934  1248  1443 V Configuration: Updating configuration, locales updated from [] to [en_US]
12-11 17:56:32.934  1248  1248 I PackageManager: /product/app/ThemesStub changed; collecting certs (forced)
12-11 17:56:32.936  1248  1444 V Configuration: Updating configuration, locales updated from [] to [en_US]
12-11 17:56:32.938  1248  1248 I PackageManager: /product/app/LocalContactsBackup changed; collecting certs (forced)
12-11 17:56:32.941  1248  1248 I PackageManager: /product/app/Etar changed; collecting certs (forced)
12-11 17:56:32.942  1248  1446 V Configuration: Updating configuration, locales updated from [] to [en_US]
12-11 17:56:32.945  1248  1248 I PackageManager: /product/app/webview changed; collecting certs (forced)
12-11 17:56:32.947  1248  1444 V Configuration: Updating configuration, locales updated from [] to [en_US]
12-11 17:56:32.950  1248  1248 I PackageManager: /product/app/Twelve changed; collecting certs (forced)
12-11 17:56:32.952  1248  1445 V Configuration: Updating configuration, locales updated from [] to [en_US]
12-11 17:56:32.954  1248  1248 I PackageManager: /product/app/Jelly changed; collecting certs (forced)
12-11 17:56:32.957  1248  1248 I PackageManager: /product/app/Gallery2 changed; collecting certs (forced)
12-11 17:56:32.961  1248  1248 I PackageManager: /product/app/Recorder changed; collecting certs (forced)
12-11 17:56:32.964  1248  1248 I PackageManager: /product/app/LatinIME changed; collecting certs (forced)
12-11 17:56:32.972  1248  1446 V Configuration: Updating configuration, locales updated from [] to [en_US]
12-11 17:56:32.974  1248  1248 I PackageManager: /system_ext/priv-app/QuickAccessWallet changed; collecting certs (forced)
12-11 17:56:32.977  1248  1446 V Configuration: Updating configuration, locales updated from [] to [en_US]
12-11 17:56:32.978  1248  1248 I PackageManager: /system_ext/priv-app/LineageSettingsProvider changed; collecting certs (forced)
12-11 17:56:32.979  1248  1443 V Configuration: Updating configuration, locales updated from [] to [en_US]
12-11 17:56:32.980  1248  1444 V Configuration: Updating configuration, locales updated from [] to [en_US]
12-11 17:56:32.982  1248  1445 V Configuration: Updating configuration, locales updated from [] to [en_US]
12-11 17:56:32.984  1248  1446 V Configuration: Updating configuration, locales updated from [] to [en_US]
12-11 17:56:32.985  1248  1248 I PackageManager: /system_ext/priv-app/CarrierConfig changed; collecting certs (forced)
12-11 17:56:32.989  1248  1248 I PackageManager: /system_ext/priv-app/ThemePicker changed; collecting certs (forced)
12-11 17:56:32.993  1248  1446 V Configuration: Updating configuration, locales updated from [] to [en_US]
12-11 17:56:32.994  1248  1248 I PackageManager: /system_ext/priv-app/Updater changed; collecting certs (forced)
12-11 17:56:32.995  1248  1445 V Configuration: Updating configuration, locales updated from [] to [en_US]
12-11 17:56:32.999  1248  1248 I PackageManager: /system_ext/priv-app/EmergencyInfo changed; collecting certs (forced)
12-11 17:56:33.001  1248  1444 V Configuration: Updating configuration, locales updated from [] to [en_US]
12-11 17:56:33.004  1248  1248 I PackageManager: /system_ext/priv-app/AudioFX changed; collecting certs (forced)
12-11 17:56:33.006  1248  1445 V Configuration: Updating configuration, locales updated from [] to [en_US]
12-11 17:56:33.007  1248  1248 I PackageManager: /system_ext/priv-app/Seedvault changed; collecting certs (forced)
12-11 17:56:33.011  1248  1248 I PackageManager: /system_ext/priv-app/LineageParts changed; collecting certs (forced)
12-11 17:56:33.013  1248  1446 V Configuration: Updating configuration, locales updated from [] to [en_US]
12-11 17:56:33.015  1248  1445 V Configuration: Updating configuration, locales updated from [] to [en_US]
12-11 17:56:33.016  1248  1248 I PackageManager: /system_ext/priv-app/TrebuchetQuickStep changed; collecting certs (forced)
12-11 17:56:33.021  1248  1248 I PackageManager: /system_ext/priv-app/SimpleDeviceConfig changed; collecting certs (forced)
12-11 17:56:33.023  1248  1444 V Configuration: Updating configuration, locales updated from [] to [en_US]
12-11 17:56:33.024  1248  1248 I PackageManager: /system_ext/priv-app/LineageSetupWizard changed; collecting certs (forced)
12-11 17:56:33.029  1248  1248 I PackageManager: /system_ext/priv-app/StorageManager changed; collecting certs (forced)
12-11 17:56:33.037  1248  1445 V Configuration: Updating configuration, locales updated from [] to [en_US]
12-11 17:56:33.038  1248  1445 W PackageParsing: Ignoring duplicate uses-permissions/uses-permissions-sdk-m: android.permission.CONFIGURE_WIFI_DISPLAY in package: com.android.systemui at: Binary XML file line #173
12-11 17:56:33.038  1248  1445 W PackageParsing: Ignoring duplicate uses-permissions/uses-permissions-sdk-m: android.permission.GET_RUNTIME_PERMISSIONS in package: com.android.systemui at: Binary XML file line #248
12-11 17:56:33.038  1248  1445 W PackageParsing: Ignoring duplicate uses-permissions/uses-permissions-sdk-m: android.permission.READ_DEVICE_CONFIG in package: com.android.systemui at: Binary XML file line #368
12-11 17:56:33.039  1248  1445 W PackageParsing: Ignoring duplicate uses-permissions/uses-permissions-sdk-m: android.permission.MAINLINE_NETWORK_STACK in package: com.android.systemui at: Binary XML file line #405
12-11 17:56:33.044  1248  1445 W PackageParsing: Unknown element under <application>: intent-filter at /system_ext/priv-app/SystemUI/SystemUI.apk Binary XML file line #1273
12-11 17:56:33.044  1248  1445 W PackageParsing: Unknown element under <application>: intent-filter at /system_ext/priv-app/SystemUI/SystemUI.apk Binary XML file line #1285
12-11 17:56:33.046  1248  1248 I PackageManager: /system_ext/priv-app/SystemUI changed; collecting certs (forced)
12-11 17:56:33.066  1248  1443 V Configuration: Updating configuration, locales updated from [] to [en_US]
12-11 17:56:33.079  1248  1443 W PackageParsing: Unknown element under <application>: intent-filter at /system_ext/priv-app/Settings/Settings.apk Binary XML file line #1512
12-11 17:56:33.080  1248  1443 W PackageParsing: Unknown element under <activity>: action at /system_ext/priv-app/Settings/Settings.apk Binary XML file line #1659
12-11 17:56:33.080  1248  1443 W PackageParsing: Unknown element under <activity>: category at /system_ext/priv-app/Settings/Settings.apk Binary XML file line #1661
12-11 17:56:33.080  1248  1443 W PackageParsing: Unknown element under <activity>: action at /system_ext/priv-app/Settings/Settings.apk Binary XML file line #1666
12-11 17:56:33.080  1248  1443 W PackageParsing: Unknown element under <activity>: category at /system_ext/priv-app/Settings/Settings.apk Binary XML file line #1668
12-11 17:56:33.080  1248  1443 W PackageParsing: Unknown element under <activity>: category at /system_ext/priv-app/Settings/Settings.apk Binary XML file line #1669
12-11 17:56:33.080  1248  1443 W PackageParsing: Unknown element under <activity>: action at /system_ext/priv-app/Settings/Settings.apk Binary XML file line #1674
12-11 17:56:33.080  1248  1443 W PackageParsing: Unknown element under <activity>: category at /system_ext/priv-app/Settings/Settings.apk Binary XML file line #1676
12-11 17:56:33.080  1248  1443 W PackageParsing: Unknown element under <activity>: action at /system_ext/priv-app/Settings/Settings.apk Binary XML file line #1720
12-11 17:56:33.080  1248  1443 W PackageParsing: Unknown element under <activity>: category at /system_ext/priv-app/Settings/Settings.apk Binary XML file line #1722
12-11 17:56:33.080  1248  1443 W PackageParsing: Unknown element under <activity>: action at /system_ext/priv-app/Settings/Settings.apk Binary XML file line #1727
12-11 17:56:33.080  1248  1443 W PackageParsing: Unknown element under <activity>: category at /system_ext/priv-app/Settings/Settings.apk Binary XML file line #1729
12-11 17:56:33.080  1248  1443 W PackageParsing: Unknown element under <activity>: category at /system_ext/priv-app/Settings/Settings.apk Binary XML file line #1730
12-11 17:56:33.101  1248  1443 W PackageParsing: Unknown element under <application>: intent-filter at /system_ext/priv-app/Settings/Settings.apk Binary XML file line #6481
12-11 17:56:33.101  1248  1443 W PackageParsing: Unknown element under <application>: intent-filter at /system_ext/priv-app/Settings/Settings.apk Binary XML file line #6515
12-11 17:56:33.106  1248  1248 I PackageManager: /system_ext/priv-app/Settings changed; collecting certs (forced)
12-11 17:56:33.118  1248  1445 V Configuration: Updating configuration, locales updated from [] to [en_US]
12-11 17:56:33.118  1248  1444 V Configuration: Updating configuration, locales updated from [] to [en_US]
12-11 17:56:33.119  1248  1446 V Configuration: Updating configuration, locales updated from [] to [en_US]
12-11 17:56:33.120  1248  1248 I PackageManager: /system_ext/app/WAPPushManager changed; collecting certs (forced)
12-11 17:56:33.123  1248  1443 V Configuration: Updating configuration, locales updated from [] to [en_US]
12-11 17:56:33.124  1248  1248 I PackageManager: /system_ext/app/Profiles changed; collecting certs (forced)
12-11 17:56:33.127  1248  1445 V Configuration: Updating configuration, locales updated from [] to [en_US]
12-11 17:56:33.127  1248  1248 I PackageManager: /system_ext/app/SimpleSettingsConfig changed; collecting certs (forced)
12-11 17:56:33.130  1248  1248 I PackageManager: /system_ext/app/AccessibilityMenu changed; collecting certs (forced)
12-11 17:56:33.137  1248  1248 I PackageManager: /system_ext/app/EngineerMode changed; collecting certs (forced)
12-11 17:56:33.146  1248  1444 V Configuration: Updating configuration, locales updated from [] to [en_US]
12-11 17:56:33.148  1248  1248 I PackageManager: /apex/com.android.tethering/priv-app/ServiceConnectivityResources@BP1A.250505.005 changed; collecting certs (forced)
12-11 17:56:33.149  1248  1446 V Configuration: Updating configuration, locales updated from [] to [en_US]
12-11 17:56:33.150  1248  1248 I ApexManager: Registering com.android.connectivity.resources as apk-in-apex of com.android.tethering
12-11 17:56:33.152  1248  1248 I PackageManager: /apex/com.android.tethering/priv-app/TetheringNext@BP1A.250505.005 changed; collecting certs (forced)
12-11 17:56:33.156  1248  1248 I ApexManager: Registering com.android.networkstack.tethering as apk-in-apex of com.android.tethering
12-11 17:56:33.162  1248  1443 V Configuration: Updating configuration, locales updated from [] to [en_US]
12-11 17:56:33.165  1248  1248 I PackageManager: /apex/com.android.wifi/priv-app/ServiceWifiResources@BP1A.250505.005 changed; collecting certs (forced)
12-11 17:56:33.168  1248  1248 I ApexManager: Registering com.android.wifi.resources as apk-in-apex of com.android.wifi
12-11 17:56:33.174  1248  1445 V Configuration: Updating configuration, locales updated from [] to [en_US]
12-11 17:56:33.176  1248  1248 I PackageManager: /apex/com.android.wifi/app/OsuLogin@BP1A.250505.005 changed; collecting certs (forced)
12-11 17:56:33.176  1248  1444 V Configuration: Updating configuration, locales updated from [] to [en_US]
12-11 17:56:33.178  1248  1248 I ApexManager: Registering com.android.hotspot2.osulogin as apk-in-apex of com.android.wifi
12-11 17:56:33.180  1248  1248 I PackageManager: /apex/com.android.wifi/app/WifiDialog@BP1A.250505.005 changed; collecting certs (forced)
12-11 17:56:33.182  1248  1248 I ApexManager: Registering com.android.wifi.dialog as apk-in-apex of com.android.wifi
12-11 17:56:33.198  1248  1446 V Configuration: Updating configuration, locales updated from [] to [en_US]
12-11 17:56:33.203  1248  1446 W PackageParsing: com.android.healthconnect.controller defines a background permission. Only the 'android' packages can do that.
12-11 17:56:33.203  1248  1446 W PackageParsing: com.android.healthconnect.controller defines a background permission. Only the 'android' packages can do that.
12-11 17:56:33.203  1248  1446 W PackageParsing: com.android.healthconnect.controller defines a background permission. Only the 'android' packages can do that.
12-11 17:56:33.210  1248  1248 I PackageManager: /apex/com.android.healthfitness/priv-app/HealthConnectController@BP1A.250505.005 changed; collecting certs (forced)
12-11 17:56:33.213  1248  1248 I ApexManager: Registering com.android.healthconnect.controller as apk-in-apex of com.android.healthfitness
12-11 17:56:33.219  1248  1443 V Configuration: Updating configuration, locales updated from [] to [en_US]
12-11 17:56:33.222  1248  1248 I PackageManager: /apex/com.android.healthfitness/app/HealthConnectBackupRestore@BP1A.250505.005 changed; collecting certs (forced)
12-11 17:56:33.224  1248  1248 I ApexManager: Registering com.android.health.connect.backuprestore as apk-in-apex of com.android.healthfitness
12-11 17:56:33.228  1248  1445 V Configuration: Updating configuration, locales updated from [] to [en_US]
12-11 17:56:33.230  1248  1248 I PackageManager: /apex/com.android.uwb/priv-app/ServiceUwbResources@BP1A.250505.005 changed; collecting certs (forced)
12-11 17:56:33.232  1248  1248 I ApexManager: Registering com.android.uwb.resources as apk-in-apex of com.android.uwb
12-11 17:56:33.241  1248  1444 V Configuration: Updating configuration, locales updated from [] to [en_US]
12-11 17:56:33.242  1248  1444 W PackageParsing: Unknown element under <manifest>: meta-data at /apex/com.android.nfcservices/priv-app/NfcNciApex@BP1A.250505.005/NfcNciApex.apk Binary XML file line #102
12-11 17:56:33.242  1248  1444 W PackageParsing: Unknown element under <manifest>: provider at /apex/com.android.nfcservices/priv-app/NfcNciApex@BP1A.250505.005/NfcNciApex.apk Binary XML file line #106
12-11 17:56:33.242  1248  1444 W PackageParsing: Unknown element under <manifest>: activity at /apex/com.android.nfcservices/priv-app/NfcNciApex@BP1A.250505.005/NfcNciApex.apk Binary XML file line #116
12-11 17:56:33.242  1248  1444 W PackageParsing: Unknown element under <manifest>: activity at /apex/com.android.nfcservices/priv-app/NfcNciApex@BP1A.250505.005/NfcNciApex.apk Binary XML file line #122
12-11 17:56:33.242  1248  1444 W PackageParsing: Unknown element under <manifest>: activity at /apex/com.android.nfcservices/priv-app/NfcNciApex@BP1A.250505.005/NfcNciApex.apk Binary XML file line #129
12-11 17:56:33.242  1248  1444 W PackageParsing: Unknown element under <manifest>: activity at /apex/com.android.nfcservices/priv-app/NfcNciApex@BP1A.250505.005/NfcNciApex.apk Binary XML file line #135
12-11 17:56:33.242  1248  1444 W PackageParsing: Unknown element under <manifest>: activity at /apex/com.android.nfcservices/priv-app/NfcNciApex@BP1A.250505.005/NfcNciApex.apk Binary XML file line #140
12-11 17:56:33.242  1248  1444 W PackageParsing: Unknown element under <manifest>: activity at /apex/com.android.nfcservices/priv-app/NfcNciApex@BP1A.250505.005/NfcNciApex.apk Binary XML file line #147
12-11 17:56:33.242  1248  1444 W PackageParsing: Unknown element under <manifest>: activity at /apex/com.android.nfcservices/priv-app/NfcNciApex@BP1A.250505.005/NfcNciApex.apk Binary XML file line #153
12-11 17:56:33.242  1248  1444 W PackageParsing: Unknown element under <manifest>: receiver at /apex/com.android.nfcservices/priv-app/NfcNciApex@BP1A.250505.005/NfcNciApex.apk Binary XML file line #158
12-11 17:56:33.243  1248  1444 W PackageParsing: Unknown element under <manifest>: service at /apex/com.android.nfcservices/priv-app/NfcNciApex@BP1A.250505.005/NfcNciApex.apk Binary XML file line #166
12-11 17:56:33.243  1248  1444 W PackageParsing: Unknown element under <manifest>: provider at /apex/com.android.nfcservices/priv-app/NfcNciApex@BP1A.250505.005/NfcNciApex.apk Binary XML file line #168
12-11 17:56:33.243  1248  1444 W PackageParsing: Unknown element under <manifest>: receiver at /apex/com.android.nfcservices/priv-app/NfcNciApex@BP1A.250505.005/NfcNciApex.apk Binary XML file line #177
12-11 17:56:33.246  1248  1248 I PackageManager: /apex/com.android.nfcservices/priv-app/NfcNciApex@BP1A.250505.005 changed; collecting certs (forced)
12-11 17:56:33.250  1248  1248 I ApexManager: Registering com.android.nfc as apk-in-apex of com.android.nfcservices
12-11 17:56:33.255  1248  1446 V Configuration: Updating configuration, locales updated from [] to [en_US]
12-11 17:56:33.257  1248  1248 I PackageManager: /apex/com.android.rkpd/priv-app/rkpdapp@BP1A.250505.005 changed; collecting certs (forced)
12-11 17:56:33.260  1248  1248 I ApexManager: Registering com.android.rkpdapp as apk-in-apex of com.android.rkpd
12-11 17:56:33.266  1248  1443 V Configuration: Updating configuration, locales updated from [] to [en_US]
12-11 17:56:33.272  1248  1248 I PackageManager: /apex/com.android.apex.cts.shim/priv-app/CtsShimPriv@MAIN changed; collecting certs (forced)
12-11 17:56:33.274  1248  1248 I ApexManager: Registering com.android.cts.priv.ctsshim as apk-in-apex of com.android.apex.cts.shim
12-11 17:56:33.279  1248  1445 V Configuration: Updating configuration, locales updated from [] to [en_US]
12-11 17:56:33.284  1248  1248 I PackageManager: /apex/com.android.apex.cts.shim/app/CtsShim@MAIN changed; collecting certs (forced)
12-11 17:56:33.287  1248  1248 I ApexManager: Registering com.android.cts.ctsshim as apk-in-apex of com.android.apex.cts.shim
12-11 17:56:33.291  1248  1444 V Configuration: Updating configuration, locales updated from [] to [en_US]
12-11 17:56:33.293  1248  1248 I PackageManager: /apex/com.android.configinfrastructure/app/DeviceConfigServiceResources@BP1A.250505.005 changed; collecting certs (forced)
12-11 17:56:33.295  1248  1248 I ApexManager: Registering com.android.server.deviceconfig.resources as apk-in-apex of com.android.configinfrastructure
12-11 17:56:33.306  1248  1446 V Configuration: Updating configuration, locales updated from [] to [en_US]
12-11 17:56:33.315  1248  1248 I PackageManager: /apex/com.android.devicelock/priv-app/DeviceLockController@BP1A.250505.005 changed; collecting certs (forced)
12-11 17:56:33.317  1248  1248 I ApexManager: Registering com.android.devicelockcontroller as apk-in-apex of com.android.devicelock
12-11 17:56:33.328  1248  1443 V Configuration: Updating configuration, locales updated from [] to [en_US]
12-11 17:56:33.328  1248  1445 V Configuration: Updating configuration, locales updated from [] to [en_US]
12-11 17:56:33.329  1248  1445 W PackageParsing: Unknown element under <manifest>: meta-data at /apex/com.android.mediaprovider/priv-app/MediaProvider@BP1A.250505.005/MediaProvider.apk Binary XML file line #9
12-11 17:56:33.331  1248  1248 I PackageManager: /apex/com.android.mediaprovider/priv-app/Photopicker@BP1A.250505.005 changed; collecting certs (forced)
12-11 17:56:33.335  1248  1248 I ApexManager: Registering com.android.photopicker as apk-in-apex of com.android.mediaprovider
12-11 17:56:33.337  1248  1248 I PackageManager: /apex/com.android.mediaprovider/priv-app/MediaProvider@BP1A.250505.005 changed; collecting certs (forced)
12-11 17:56:33.341  1248  1248 I ApexManager: Registering com.android.providers.media.module as apk-in-apex of com.android.mediaprovider
12-11 17:56:33.346  1248  1444 V Configuration: Updating configuration, locales updated from [] to [en_US]
12-11 17:56:33.348  1248  1248 I PackageManager: /apex/com.android.ondevicepersonalization/priv-app/OnDevicePersonalization@BP1A.250505.005 changed; collecting certs (forced)
12-11 17:56:33.350  1248  1248 I ApexManager: Registering com.android.ondevicepersonalization.services as apk-in-apex of com.android.ondevicepersonalization
12-11 17:56:33.355  1248  1446 V Configuration: Updating configuration, locales updated from [] to [en_US]
12-11 17:56:33.357  1248  1248 I PackageManager: /apex/com.android.ondevicepersonalization/app/FederatedCompute@BP1A.250505.005 changed; collecting certs (forced)
12-11 17:56:33.359  1248  1248 I ApexManager: Registering com.android.federatedcompute.services as apk-in-apex of com.android.ondevicepersonalization
12-11 17:56:33.380  1248  1443 V Configuration: Updating configuration, locales updated from [] to [en_US]
12-11 17:56:33.387  1248  1248 I PackageManager: /apex/com.android.extservices/priv-app/ExtServices-sminus@BP1A.250505.005 changed; collecting certs (forced)
12-11 17:56:33.391  1248  1248 I ApexManager: Registering android.ext.services as apk-in-apex of com.android.extservices
12-11 17:56:33.398  1248  1444 V Configuration: Updating configuration, locales updated from [] to [en_US]
12-11 17:56:33.402  1248  1248 I PackageManager: /apex/com.android.permission/priv-app/SafetyCenterResources@BP1A.250505.005 changed; collecting certs (forced)
12-11 17:56:33.405  1248  1248 I ApexManager: Registering com.android.safetycenter.resources as apk-in-apex of com.android.permission
12-11 17:56:33.426  1248  1445 V Configuration: Updating configuration, locales updated from [] to [en_US]
12-11 17:56:33.433  1248  1248 I PackageManager: /apex/com.android.permission/priv-app/PermissionController@BP1A.250505.005 changed; collecting certs (forced)
12-11 17:56:33.438  1248  1248 I ApexManager: Registering com.android.permissioncontroller as apk-in-apex of com.android.permission
12-11 17:56:33.446  1248  1446 V Configuration: Updating configuration, locales updated from [] to [en_US]
12-11 17:56:33.459  1248  1248 I PackageManager: /apex/com.android.btservices/app/Bluetooth@BP1A.250505.005 changed; collecting certs (forced)
12-11 17:56:33.462  1248  1248 I ApexManager: Registering com.android.bluetooth as apk-in-apex of com.android.btservices
12-11 17:56:33.469  1248  1443 V Configuration: Updating configuration, locales updated from [] to [en_US]
12-11 17:56:33.475  1248  1248 I PackageManager: /apex/com.android.cellbroadcast/priv-app/CellBroadcastServiceModule@BP1A.250505.005 changed; collecting certs (forced)
12-11 17:56:33.478  1248  1248 I ApexManager: Registering com.android.cellbroadcastservice as apk-in-apex of com.android.cellbroadcast
12-11 17:56:33.498  1248  1444 V Configuration: Updating configuration, locales updated from [] to [en_US]
12-11 17:56:33.502  1248  1248 I PackageManager: /apex/com.android.cellbroadcast/priv-app/CellBroadcastApp@BP1A.250505.005 changed; collecting certs (forced)
12-11 17:56:33.504  1248  1248 I ApexManager: Registering com.android.cellbroadcastreceiver.module as apk-in-apex of com.android.cellbroadcast
12-11 17:56:33.810  1248  1445 V Configuration: Updating configuration, locales updated from [] to [en_US]
12-11 17:56:33.812  1248  1445 W PackageParsing: Ignoring duplicate uses-permissions/uses-permissions-sdk-m: android.permission.RECEIVE_BOOT_COMPLETED in package: com.android.adservices.api at: Binary XML file line #159
12-11 17:56:33.815  1248  1248 I PackageManager: /apex/com.android.adservices/priv-app/AdServicesApk@BP1A.250505.005 changed; collecting certs (forced)
12-11 17:56:33.818  1248  1248 I ApexManager: Registering com.android.adservices.api as apk-in-apex of com.android.adservices
12-11 17:56:33.823  1248  1446 V Configuration: Updating configuration, locales updated from [] to [en_US]
12-11 17:56:33.824  1248  1248 I PackageManager: /apex/com.android.adservices/app/SdkSandbox@BP1A.250505.005 changed; collecting certs (forced)
12-11 17:56:33.827  1248  1248 I ApexManager: Registering com.android.sdksandbox as apk-in-apex of com.android.adservices
12-11 17:56:33.831  1248  1443 V Configuration: Updating configuration, locales updated from [] to [en_US]
12-11 17:56:33.832  1248  1248 I PackageManager: /apex/com.android.appsearch/priv-app/com.android.appsearch.apk@BP1A.250505.005 changed; collecting certs (forced)
12-11 17:56:33.835  1248  1248 I ApexManager: Registering com.android.appsearch.apk as apk-in-apex of com.android.appsearch
12-11 17:56:33.839  1248  1444 V Configuration: Updating configuration, locales updated from [] to [en_US]
12-11 17:56:33.840  1248  1248 I PackageManager: /apex/com.android.virt/app/android.system.virtualmachine.res@BP1A.250505.005 changed; collecting certs (forced)
12-11 17:56:33.842  1248  1248 I ApexManager: Registering com.android.virtualmachine.res as apk-in-apex of com.android.virt
12-11 17:56:33.858  1248  1248 W PackageManager: System package com.android.telephony.overlay.common no longer exists; its data will be wiped
12-11 17:56:33.876   547   547 I keystore2: system/security/keystore2/src/maintenance.rs:461 - clearNamespace(r#APP, nspace=10071)
12-11 17:56:33.878  1248  1248 I PackageManager: Finished scanning system apps. Time: 1786 ms, packageCount: 241 , timePerPackage: 7 , cached: 0
12-11 17:56:33.879  1248  1248 I PackageManager: Finished scanning non-system apps. Time: 1 ms, packageCount: 0 , timePerPackage: 0 , cached: 0
12-11 17:56:33.879   547   612 I keystore2: system/security/keystore2/src/gc.rs:147 - skip GC as boot not completed
12-11 17:56:33.880  1248  1248 E PackageManager: There should probably be exactly one setup wizard; found 0: matches=[]
12-11 17:56:33.886  1248  1248 I PackageManager: Time to scan packages: 1.794 seconds
12-11 17:56:33.886  1248  1248 I PackageManager: Partitions fingerprint changed from 52c873113ba173e289998be4915c8d78b997f78e to 36d2910bc1b0c688ef6bfe137a84b4ae4944c928; regranting permissions for internal storage
12-11 17:56:33.938  1248  1248 W AppIdPermissionPolicy: Ignoring permission android.permission.ACCESS_ADSERVICES_TOPICS declared in system package com.android.adservices.api: already declared in another system package android.ext.services
12-11 17:56:33.938  1248  1248 W AppIdPermissionPolicy: Ignoring permission android.permission.ACCESS_ADSERVICES_ATTRIBUTION declared in system package com.android.adservices.api: already declared in another system package android.ext.services
12-11 17:56:33.938  1248  1248 W AppIdPermissionPolicy: Ignoring permission android.permission.ACCESS_ADSERVICES_CUSTOM_AUDIENCE declared in system package com.android.adservices.api: already declared in another system package android.ext.services
12-11 17:56:33.938  1248  1248 W AppIdPermissionPolicy: Ignoring permission android.permission.ACCESS_ADSERVICES_AD_SELECTION declared in system package com.android.adservices.api: already declared in another system package android.ext.services
12-11 17:56:33.938  1248  1248 W AppIdPermissionPolicy: Ignoring permission android.permission.ACCESS_ADSERVICES_PROTECTED_SIGNALS declared in system package com.android.adservices.api: already declared in another system package android.ext.services
12-11 17:56:33.938  1248  1248 W AppIdPermissionPolicy: Ignoring permission android.permission.ACCESS_ADSERVICES_AD_ID declared in system package com.android.adservices.api: already declared in another system package android.ext.services
12-11 17:56:33.954  1248  1248 I PackageManager: Build fingerprint changed; clearing code caches
12-11 17:56:34.312  1248  1248 V PackageManager: reconcileAppsData for null u0 0x1 migrateAppData=true
12-11 17:56:34.366  1248  1248 V PackageManager: reconcileAppsData finished 29 packages
12-11 17:56:34.366  1248  1248 D PackageManagerTiming: write settings
12-11 17:56:34.367  1248  1464 D SystemServerTimingAsync: InitThreadPoolExec:prepareAppData
12-11 17:56:34.397  1248  1248 W PackageManager: Domain verification agent not found
12-11 17:56:34.405  1248  1248 I PackageManager: Fix for b/169414761 is applied
12-11 17:56:34.405  1248  1248 V UserSystemPackageInstaller: Checking that all system packages are whitelisted.
12-11 17:56:34.409  1248  1248 W UserSystemPackageInstaller: checkWhitelistedSystemPackages(mode=ENFORCE|IMPLICIT_WHITELIST|IMPLICIT_WHITELIST_SYSTEM) has 28 warnings:
12-11 17:56:34.409  1248  1248 W UserSystemPackageInstaller: com.android.theme.color.amethyst is allowlisted but not present.
12-11 17:56:34.409  1248  1248 W UserSystemPackageInstaller: com.android.internal.systemui.navbar.gestural_wide_back is allowlisted but not present.
12-11 17:56:34.409  1248  1248 W UserSystemPackageInstaller: com.android.theme.color.sand is allowlisted but not present.
12-11 17:56:34.409  1248  1248 W UserSystemPackageInstaller: com.android.wallpapercropper is allowlisted but not present.
12-11 17:56:34.409  1248  1248 W UserSystemPackageInstaller: com.android.theme.color.cinnamon is allowlisted but not present.
12-11 17:56:34.409  1248  1248 W UserSystemPackageInstaller: com.android.quicksearchbox is allowlisted but not present.
12-11 17:56:34.409  1248  1248 W UserSystemPackageInstaller: com.android.internal.systemui.onehanded.gestural is allowlisted but not present.
12-11 17:56:34.409  1248  1248 W UserSystemPackageInstaller: com.android.theme.icon_pack.circular.themepicker is allowlisted but not present.
12-11 17:56:34.409  1248  1248 W UserSystemPackageInstaller: com.android.theme.color.tangerine is allowlisted but not present.
12-11 17:56:34.409  1248  1248 W UserSystemPackageInstaller: com.android.theme.color.aquamarine is allowlisted but not present.
12-11 17:56:34.409  1248  1248 W UserSystemPackageInstaller: com.android.theme.color.black is allowlisted but not present.
12-11 17:56:34.409  1248  1248 W UserSystemPackageInstaller: com.android.theme.color.green is allowlisted but not present.
12-11 17:56:34.409  1248  1248 W UserSystemPackageInstaller: com.android.theme.color.ocean is allowlisted but not present.
12-11 17:56:34.409  1248  1248 W UserSystemPackageInstaller: com.android.theme.color.space is allowlisted but not present.
12-11 17:56:34.409  1248  1248 W UserSystemPackageInstaller: com.android.camera2 is allowlisted but not present.
12-11 17:56:34.409  1248  1248 W UserSystemPackageInstaller: com.android.internal.systemui.navbar.twobutton is allowlisted but not present.
12-11 17:56:34.409  1248  1248 W UserSystemPackageInstaller: com.android.calendar is allowlisted but not present.
12-11 17:56:34.409  1248  1248 W UserSystemPackageInstaller: com.android.internal.systemui.navbar.gestural_extra_wide_back is allowlisted but not present.
12-11 17:56:34.409  1248  1248 W UserSystemPackageInstaller: com.android.theme.icon_pack.kai.themepicker is allowlisted but not present.
12-11 17:56:34.409  1248  1248 W UserSystemPackageInstaller: com.android.theme.icon_pack.rounded.themepicker is allowlisted but not present.
12-11 17:56:34.409  1248  1248 W UserSystemPackageInstaller: com.android.theme.color.palette is allowlisted but not present.
12-11 17:56:34.409  1248  1248 W UserSystemPackageInstaller: com.android.theme.color.carbon is allowlisted but not present.
12-11 17:56:34.409  1248  1248 W UserSystemPackageInstaller: com.android.theme.icon_pack.filled.themepicker is allowlisted but not present.
12-11 17:56:34.409  1248  1248 W UserSystemPackageInstaller: com.android.theme.icon_pack.victor.themepicker is allowlisted but not present.
12-11 17:56:34.409  1248  1248 W UserSystemPackageInstaller: com.android.theme.color.orchid is allowlisted but not present.
12-11 17:56:34.409  1248  1248 W UserSystemPackageInstaller: com.android.theme.color.purple is allowlisted but not present.
12-11 17:56:34.409  1248  1248 W UserSystemPackageInstaller: com.android.theme.icon_pack.sam.themepicker is allowlisted but not present.
12-11 17:56:34.409  1248  1248 W UserSystemPackageInstaller: com.android.internal.systemui.navbar.gestural_narrow_back is allowlisted but not present.
12-11 17:56:34.409  1248  1248 I UserSystemPackageInstaller: Reviewing whitelisted packages due to [upgrade]
12-11 17:56:34.412  1248  1248 I Watchdog: Resuming HandlerChecker: main thread for reason: packagemanagermain. Pause count: 0
12-11 17:56:34.412  1248  1248 D SystemServerTiming: DexUseManagerLocal
12-11 17:56:34.420  1248  1464 W PackageManager: Skipping preparing app data for com.android.configinfrastructure
12-11 17:56:34.420  1248  1248 D SystemServerTiming: StartOtaDexOptService
12-11 17:56:34.420  1248  1464 W PackageManager: Skipping preparing app data for com.android.appsearch
12-11 17:56:34.420  1248  1248 I Watchdog: Pausing HandlerChecker: main thread for reason: moveab. Pause count: 1
12-11 17:56:34.420  1248  1464 W PackageManager: Skipping preparing app data for com.android.hardware.boot
12-11 17:56:34.420  1248  1464 W PackageManager: Skipping preparing app data for com.android.adservices
12-11 17:56:34.420  1248  1464 W PackageManager: Skipping preparing app data for com.android.scheduling
12-11 17:56:34.420  1248  1464 W PackageManager: Skipping preparing app data for com.android.permission
12-11 17:56:34.420  1248  1464 W PackageManager: Skipping preparing app data for com.android.profiling
12-11 17:56:34.421  1248  1464 W PackageManager: Skipping preparing app data for com.android.art
12-11 17:56:34.421  1248  1464 W PackageManager: Skipping preparing app data for com.android.uwb
12-11 17:56:34.421  1248  1464 W PackageManager: Skipping preparing app data for com.android.tethering
12-11 17:56:34.421  1248  1464 W PackageManager: Skipping preparing app data for com.android.btservices
12-11 17:56:34.421  1248  1464 W PackageManager: Skipping preparing app data for com.android.media.swcodec
12-11 17:56:34.421  1248  1464 W PackageManager: Skipping preparing app data for com.android.conscrypt
12-11 17:56:34.421  1248  1464 W PackageManager: Skipping preparing app data for com.android.adbd
12-11 17:56:34.421  1248  1464 W PackageManager: Skipping preparing app data for com.android.i18n
12-11 17:56:34.421  1248  1464 W PackageManager: Skipping preparing app data for com.android.rkpd
12-11 17:56:34.421  1248  1464 W PackageManager: Skipping preparing app data for com.android.virt
12-11 17:56:34.421  1248  1464 W PackageManager: Skipping preparing app data for com.android.wifi
12-11 17:56:34.422  1248  1464 W PackageManager: Skipping preparing app data for com.android.runtime
12-11 17:56:34.422  1248  1464 W PackageManager: Skipping preparing app data for com.android.devicelock
12-11 17:56:34.422  1248  1464 W PackageManager: Skipping preparing app data for com.android.apex.cts.shim
12-11 17:56:34.422  1248  1464 W PackageManager: Skipping preparing app data for com.android.neuralnetworks
12-11 17:56:34.422  1248  1464 W PackageManager: Skipping preparing app data for com.android.healthfitness
12-11 17:56:34.422  1248  1464 W PackageManager: Skipping preparing app data for com.android.resolv
12-11 17:56:34.422  1248  1464 W PackageManager: Skipping preparing app data for com.android.sdkext
12-11 17:56:34.422  1248  1464 W PackageManager: Skipping preparing app data for com.android.tzdata
12-11 17:56:34.422  1248  1464 W PackageManager: Skipping preparing app data for com.android.os.statsd
12-11 17:56:34.422  1248  1464 W PackageManager: Skipping preparing app data for com.android.extservices
12-11 17:56:34.422  1248  1464 W PackageManager: Skipping preparing app data for com.android.cellbroadcast
12-11 17:56:34.423  1248  1464 W PackageManager: Skipping preparing app data for com.android.ipsec
12-11 17:56:34.423  1248  1464 W PackageManager: Skipping preparing app data for com.android.media
12-11 17:56:34.423  1248  1464 W PackageManager: Skipping preparing app data for com.android.sdksandbox
12-11 17:56:34.423  1248  1464 W PackageManager: Skipping preparing app data for com.android.mediaprovider
12-11 17:56:34.423  1248  1464 W PackageManager: Skipping preparing app data for com.android.nfcservices
12-11 17:56:34.423  1248  1464 W PackageManager: Skipping preparing app data for com.android.ondevicepersonalization
