12-10 23:09:50.687     0     0 W         : [T200007]  really_probe+0x424/0x900
12-10 23:09:50.687     0     0 W         : [T200007]  driver_probe_device+0x184/0x298
12-10 23:09:50.687     0     0 W         : [T200007]  __device_attach_driver+0x1c4/0x258
12-10 23:09:50.687     0     0 W         : [T200007]  __device_attach+0x178/0x29c
12-10 23:09:50.687     0     0 W         : [T200007]  bus_probe_device+0x40/0xe8
12-10 23:09:50.687     0     0 W         : [T200007]  deferred_probe_work_func+0xf4/0x140
12-10 23:09:50.687     0     0 I         : [T700001] cannot find "usbconfig==" in cmdline
12-10 23:09:50.687     0     0 W         : [T200007]  process_one_work+0x23c/0x72c
12-10 23:09:50.687     0     0 W         : [T200007]  worker_thread+0x3f4/0x920
12-10 23:09:50.687     0     0 W         : [T200007]  kthread+0x150/0x200
12-10 23:09:50.687     0     0 W         : [T200007]  ret_from_fork+0x10/0x30
12-10 23:09:50.687     0     0 D         : [T700001] probe of soc:usb_meta returned 1 after 54 usecs
12-10 23:09:50.687     0     0 W         : [T200007] ---[ end trace f1ff4128f8d66be0 ]---
12-10 23:09:50.687     0     0 D         : [T700001] initcall init_module.cfi_jt+0x0/0x8 [meta] returned 0 after 496 usecs
12-10 23:09:50.688     0     0 D         : [T700001] calling  init_module.cfi_jt+0x0/0x8 [mtk_cqdma] @ 1
12-10 23:09:50.688     0     0 I         : [T200007] scsi host0: ufshcd
12-10 23:09:50.689     0     0 E         : [T700001] mtk_cqdma 10212000.cq_dma: No clock for 10212000.cq_dma
12-10 23:09:50.689     0     0 W [T700001] mtk_cqdma: probe of 10212000.cq_dma failed with error -2
12-10 23:09:50.689     0     0 D         : [T700001] probe of 10212000.cq_dma returned 0 after 34 usecs
12-10 23:09:50.689     0     0 D         : [T700001] initcall init_module.cfi_jt+0x0/0x8 [mtk_cqdma] returned 0 after 478 usecs
12-10 23:09:50.704     0     0 I         : [T200007] ufshcd-mtk 11270000.ufshci: device reset done
12-10 23:09:50.705     0     0 D         : [T200007] probe of 11270000.ufshci returned 1 after 20130 usecs
12-10 23:09:50.705     0     0 D         : [T200007] probe of firmware:scmi returned -517 after 0 usecs
12-10 23:09:50.705     0     0 D         : [T200007] probe of soc:odm:rt5133-gpio1 returned -517 after 0 usecs
12-10 23:09:50.705     0     0 D         : [T200007] probe of soc:odm:rt5133-gpio2 returned -517 after 0 usecs
12-10 23:09:50.705     0     0 D         : [T200007] probe of soc:odm:rt5133-gpio3 returned -517 after 0 usecs
12-10 23:09:50.706     0     0 I         : [T200007] accdet mic_vol=6, plugout_deb=1 mic_mode=1 eint_pol=8
12-10 23:09:50.706     0     0 I         : [T200007] accdet caps=125
12-10 23:09:50.706     0     0 D         : [T200007] probe of mediatek,pmic-accdet returned 0 after 451 usecs
12-10 23:09:50.718     0     0 I         : [T200007] pd_tcp_notifier_call turn off charger discharge
12-10 23:09:50.718     0     0 I         : [T200007] PD charger event:11 0
12-10 23:09:50.718     0     0 I         : [T200007] rt-pd-manager rt-pd-manager: pd_tcp_notifier_call ext discharge = 0
12-10 23:09:50.719     0     0 E [T200007] [sc8989x]: sc8989x_set_otg: disable OTG successfully
12-10 23:09:50.760     9     9 E ufshcd-mtk 11270000.ufshci: ufshcd_print_pwr_info:[RX, TX]: gear=[1, 1], lane[1, 1], pwr[SLOWAUTO_MODE, SLOWAUTO_MODE], rate = 0
12-10 23:09:50.827     9     9 E ufshcd-mtk 11270000.ufshci: No HPB LU supported
12-10 23:09:50.838     9     9 E ufshcd-mtk 11270000.ufshci: Undefined ref clk gating wait time, use default 255us
12-10 23:09:50.854     9     9 E ufshcd-mtk 11270000.ufshci: ufshcd_print_pwr_info:[RX, TX]: gear=[3, 3], lane[2, 2], pwr[FAST MODE, FAST MODE], rate = 2
12-10 23:09:50.855     9     9 E ufshcd-mtk 11270000.ufshci: ufshcd_find_max_sup_active_icc_level: Regulator capability was not set, actvIccLevel=0
12-10 23:09:50.858     9     9 I ufshcd-mtk 11270000.ufshci: ufshcd_wb_config: Write Booster Configured
12-10 23:09:50.862     9     9 I scsi 0  : 0:0:49488: Well-known LUN    WDC      SDINFDK4-256G    1260 PQ: 0 ANSI: 6
12-10 23:09:50.862     9     9 I ufshcd-mtk 11270000.ufshci: lu 49488 slave configured
12-10 23:09:50.871     0     0 D         : [T200007] probe of 0:0:0:49488 returned 0 after 36 usecs
12-10 23:09:50.875     9     9 I scsi 0  : 0:0:49476: Well-known LUN    WDC      SDINFDK4-256G    1260 PQ: 0 ANSI: 6
12-10 23:09:50.875     9     9 I ufshcd-mtk 11270000.ufshci: lu 49476 slave configured
12-10 23:09:50.878     0     0 D         : [T200007] probe of 0:0:0:49476 returned 0 after 18 usecs
12-10 23:09:50.881     9     9 I scsi 0  : 0:0:49456: Well-known LUN    WDC      SDINFDK4-256G    1260 PQ: 0 ANSI: 6
12-10 23:09:50.881     9     9 I ufshcd-mtk 11270000.ufshci: lu 49456 slave configured
12-10 23:09:50.881     9     9 I ufshcd-mtk 11270000.ufshci: LUNs ready
12-10 23:09:50.882     0     0 I         : [T100172] ufshcd-mtk 11270000.ufshci: rpmb rw_size: 64
12-10 23:09:50.885     0     0 D         : [T100172] probe of 0:0:0:49456 returned 0 after 17 usecs
12-10 23:09:50.889     9     9 I scsi 0  : 0:0:0: Direct-Access     WDC      SDINFDK4-256G    1260 PQ: 0 ANSI: 6
12-10 23:09:50.889     9     9 I ufshcd-mtk 11270000.ufshci: lu 0 slave configured
12-10 23:09:50.893     0     0 W         : [C300000] sd 0:0:0:0: Power-on or device reset occurred
12-10 23:09:50.898     9     9 I scsi 0  : 0:0:1: Direct-Access     WDC      SDINFDK4-256G    1260 PQ: 0 ANSI: 6
12-10 23:09:50.898     9     9 I ufshcd-mtk 11270000.ufshci: lu 1 slave configured
12-10 23:09:50.902     0     0 W         : [C300000] sd 0:0:0:1: Power-on or device reset occurred
12-10 23:09:50.902     0     0 I         : [T100172] sd 0:0:0:0: [sda] 1024 4096-byte logical blocks: (4.19 MB/4.00 MiB)
12-10 23:09:50.906     0     0 I         : [T100172] sd 0:0:0:0: [sda] Write Protect is off
12-10 23:09:50.906     0     0 D         : [T100172] sd 0:0:0:0: [sda] Mode Sense: 00 32 00 10
12-10 23:09:50.909     9     9 I scsi 0  : 0:0:2: Direct-Access     WDC      SDINFDK4-256G    1260 PQ: 0 ANSI: 6
12-10 23:09:50.909     9     9 I ufshcd-mtk 11270000.ufshci: lu 2 slave configured
12-10 23:09:50.915     0     0 I         : [T100172] sd 0:0:0:0: [sda] Write cache: enabled, read cache: enabled, supports DPO and FUA
12-10 23:09:50.919     0     0 W         : [C300000] sd 0:0:0:2: Power-on or device reset occurred
12-10 23:09:50.921     0     0 I         : [T200007] sd 0:0:0:1: [sdb] 1024 4096-byte logical blocks: (4.19 MB/4.00 MiB)
12-10 23:09:50.924     0     0 I         : [T200007] sd 0:0:0:1: [sdb] Write Protect is off
12-10 23:09:50.924     0     0 D         : [T200007] sd 0:0:0:1: [sdb] Mode Sense: 00 32 00 10
12-10 23:09:50.927     0     0 I         : [T200007] sd 0:0:0:1: [sdb] Write cache: enabled, read cache: enabled, supports DPO and FUA
12-10 23:09:50.929     9     9 I sd 0    : 0:0:2: [sdc] 62507008 4096-byte logical blocks: (256 GB/238 GiB)
12-10 23:09:50.932     9     9 I sd 0    : 0:0:2: [sdc] Write Protect is off
12-10 23:09:50.932     9     9 D sd 0    : 0:0:2: [sdc] Mode Sense: 00 32 00 10
12-10 23:09:50.935     9     9 I sd 0    : 0:0:2: [sdc] Write cache: enabled, read cache: enabled, supports DPO and FUA
12-10 23:09:50.969     0     0 I         : [T300172] sd 0:0:0:0: [sda] Attached SCSI disk
12-10 23:09:50.969     0     0 D         : [T300172] probe of 0:0:0:0 returned 1 after 76281 usecs
12-10 23:09:50.969     0     0 D         : [T400259] probe of firmware:scmi returned -517 after 1 usecs
12-10 23:09:50.969     0     0 D         : [T400259] probe of soc:odm:rt5133-gpio1 returned -517 after 0 usecs
12-10 23:09:50.969     0     0 D         : [T400259] probe of soc:odm:rt5133-gpio2 returned -517 after 0 usecs
12-10 23:09:50.969     0     0 D         : [T400259] probe of soc:odm:rt5133-gpio3 returned -517 after 0 usecs
12-10 23:09:50.970     0     0 I         : [T400259] accdet mic_vol=6, plugout_deb=1 mic_mode=1 eint_pol=8
12-10 23:09:50.970     0     0 I         : [T400259] accdet caps=125
12-10 23:09:50.970     0     0 D         : [T400259] probe of mediatek,pmic-accdet returned 0 after 506 usecs
12-10 23:09:50.997     0     0 I         : [T300007] sd 0:0:0:1: [sdb] Attached SCSI disk
12-10 23:09:50.997     0     0 D         : [T300007] probe of 0:0:0:1 returned 1 after 94773 usecs
12-10 23:09:50.997     0     0 D         : [T400259] probe of firmware:scmi returned -517 after 0 usecs
12-10 23:09:50.997     0     0 D         : [T400259] probe of soc:odm:rt5133-gpio1 returned -517 after 0 usecs
12-10 23:09:50.997     0     0 D         : [T400259] probe of soc:odm:rt5133-gpio2 returned -517 after 0 usecs
12-10 23:09:50.997     0     0 D         : [T400259] probe of soc:odm:rt5133-gpio3 returned -517 after 0 usecs
12-10 23:09:50.997     0     0 W         : [T100009] Alternate GPT is invalid, using primary GPT.
12-10 23:09:50.997     0     0 I [T100009]  sdc: sdc1 sdc2 sdc3 sdc4 sdc5 sdc6 sdc7 sdc8 sdc9 sdc10 sdc11 sdc12 sdc13 sdc14 sdc15 sdc16 sdc17 sdc18 sdc19 sdc20 sdc21 sdc22 sdc23 sdc24 sdc25 sdc26 sdc27 sdc28 sdc29 sdc30 sdc31 sdc32 sdc33 sdc34 sdc35 sdc36 sdc37 sdc38 sdc39 sdc40 sdc41 sdc42 sdc43 sdc44 sdc45 sdc46 sdc47 sdc48 sdc49 sdc50 sdc51 sdc52 sdc53 sdc54 sdc55 sdc56 sdc57 sdc58 sdc59 sdc60 sdc61 sdc62
12-10 23:09:50.998     0     0 I         : [T400259] accdet mic_vol=6, plugout_deb=1 mic_mode=1 eint_pol=8
12-10 23:09:50.998     0     0 I         : [T400259] accdet caps=125
12-10 23:09:50.998     0     0 D         : [T400259] probe of mediatek,pmic-accdet returned 0 after 470 usecs
12-10 23:09:51.012     9     9 I sd 0    : 0:0:2: [sdc] Attached SCSI disk
12-10 23:09:51.012     9     9 D         : probe of 0:0:0:2 returned 1 after 93477 usecs
12-10 23:09:51.012     0     0 D         : [T400259] probe of firmware:scmi returned -517 after 1 usecs
12-10 23:09:51.012     0     0 D         : [T400259] probe of soc:odm:rt5133-gpio1 returned -517 after 0 usecs
12-10 23:09:51.012     0     0 D         : [T400259] probe of soc:odm:rt5133-gpio2 returned -517 after 0 usecs
12-10 23:09:51.012     0     0 D         : [T400259] probe of soc:odm:rt5133-gpio3 returned -517 after 0 usecs
12-10 23:09:51.013     0     0 I         : [T400259] accdet mic_vol=6, plugout_deb=1 mic_mode=1 eint_pol=8
12-10 23:09:51.013     0     0 I         : [T400259] accdet caps=125
12-10 23:09:51.013     0     0 D         : [T400259] probe of mediatek,pmic-accdet returned 0 after 726 usecs
12-10 23:09:51.029     0     0 D         : [T600001] calling  init_module.cfi_jt+0x0/0x8 [cfg80211] @ 1
12-10 23:09:51.029     0     0 I [T600001] cfg80211: Loading compiled-in X.509 certificates for regulatory database
12-10 23:09:51.029     0     0 I [T600001] cfg80211: Loaded X.509 cert 'sforshee: 00b28ddf47aef9cea7'
12-10 23:09:51.030     0     0 W         : [T600227] platform regulatory.0: Direct firmware load for regulatory.db failed with error -2
12-10 23:09:51.030     0     0 I [T600227] cfg80211: failed to load regulatory.db
12-10 23:09:51.030     0     0 D         : [T600001] initcall init_module.cfi_jt+0x0/0x8 [cfg80211] returned 0 after 1078 usecs
12-10 23:09:51.049     0     0 D         : [T700001] calling  init_module.cfi_jt+0x0/0x8 [mac80211] @ 1
12-10 23:09:51.050     0     0 D         : [T700001] initcall init_module.cfi_jt+0x0/0x8 [mac80211] returned 0 after 19 usecs
12-10 23:09:51.051     0     0 D         : [T600001] calling  init_module.cfi_jt+0x0/0x8 [tinysys_scmi] @ 1
12-10 23:09:51.051     0     0 D         : [T600001] initcall init_module.cfi_jt+0x0/0x8 [tinysys_scmi] returned 0 after 26 usecs
12-10 23:09:51.052     0     0 D         : [T700001] calling  init_module.cfi_jt+0x0/0x8 [mtk_mbox_mailbox] @ 1
12-10 23:09:51.052     0     0 I         : [T700001] mtk_tinysys_mbox 10451000.tinysys_mbox: MTK MBOX Mailbox registered
12-10 23:09:51.052     0     0 D         : [T700001] probe of 10451000.tinysys_mbox returned 1 after 107 usecs
12-10 23:09:51.052     0     0 I         : [T400259] arm-scmi firmware:scmi: SCMI Notifications - Core Enabled.
12-10 23:09:51.052     0     0 D         : [T700001] initcall init_module.cfi_jt+0x0/0x8 [mtk_mbox_mailbox] returned 0 after 576 usecs
12-10 23:09:51.052     0     0 I         : [T400259] arm-scmi firmware:scmi: SCMI Protocol v1.0 'mtk:mtk' Firmware version 0x5353504d
12-10 23:09:51.053     0     0 D         : [T400259] probe of scmi_dev.1 returned 0 after 14 usecs
12-10 23:09:51.053     0     0 D         : [T400259] probe of firmware:scmi returned 1 after 647 usecs
12-10 23:09:51.053     0     0 D         : [T400259] probe of soc:odm:rt5133-gpio1 returned -517 after 0 usecs
12-10 23:09:51.053     0     0 D         : [T400259] probe of soc:odm:rt5133-gpio2 returned -517 after 0 usecs
12-10 23:09:51.053     0     0 D         : [T400259] probe of soc:odm:rt5133-gpio3 returned -517 after 0 usecs
12-10 23:09:51.054     0     0 I         : [T400259] accdet mic_vol=6, plugout_deb=1 mic_mode=1 eint_pol=8
12-10 23:09:51.054     0     0 I         : [T400259] accdet caps=125
12-10 23:09:51.054     0     0 D         : [T400259] probe of mediatek,pmic-accdet returned 0 after 519 usecs
12-10 23:09:51.054     0     0 D         : [T400259] probe of scmi_dev.1 returned 1 after 168 usecs
12-10 23:09:51.054     0     0 D         : [T400259] probe of soc:odm:rt5133-gpio1 returned -517 after 0 usecs
12-10 23:09:51.054     0     0 D         : [T400259] probe of soc:odm:rt5133-gpio2 returned -517 after 0 usecs
12-10 23:09:51.054     0     0 D         : [T400259] probe of soc:odm:rt5133-gpio3 returned -517 after 0 usecs
12-10 23:09:51.055     0     0 I         : [T400259] accdet mic_vol=6, plugout_deb=1 mic_mode=1 eint_pol=8
12-10 23:09:51.055     0     0 I         : [T400259] accdet caps=125
12-10 23:09:51.055     0     0 D         : [T400259] probe of mediatek,pmic-accdet returned 0 after 493 usecs
12-10 23:09:51.055     0     0 D         : [T700001] calling  init_module.cfi_jt+0x0/0x8 [focaltech_tp_8205p] @ 1
12-10 23:09:51.056     0     0 D [T700001] [FTS_TS]fts_ts_spi_init: Enter
12-10 23:09:51.056     0     0 D [T700001] [FTS_TS]fts_ts_probe_entry: Enter
12-10 23:09:51.056     0     0 D [T700001] [FTS_TS]fts_parse_dt: Enter
12-10 23:09:51.056     0     0 D [T700001] [FTS_TS]fts_parse_dt: Exit(2054)
12-10 23:09:51.056     0     0 D [T700001] [FTS_TS]fts_bus_init: Enter
12-10 23:09:51.056     0     0 D [T700001] [FTS_TS]fts_bus_init: Exit(1927)
12-10 23:09:51.056     0     0 D [T700001] [FTS_TS]fts_power_source_init: Enter
12-10 23:09:51.056     0     0 W         : [T700001] fts_ts spi0.0: supply vdd not found, using dummy regulator
12-10 23:09:51.056     0     0 W         : [T700001] fts_ts spi0.0: supply iovcc not found, using dummy regulator
12-10 23:09:51.056     0     0 D [T700001] [FTS_TS]fts_power_source_ctrl: Enter
12-10 23:09:51.064     0     0 D [T700001] [FTS_TS]fts_power_source_ctrl: Exit(1694)
12-10 23:09:51.064     0     0 D [T700001] [FTS_TS]fts_power_source_init: Exit(1748)
12-10 23:09:51.168     0     0 E         : [T600239] [AW35615] aw35615_protocol_reset 193: enter
12-10 23:09:51.168     0     0 E         : [T600239] [AW35615] aw35615_alert_status_clear 50: enter
12-10 23:09:51.168     0     0 E         : [T600239] [AW35615] aw35615_alert_status_clear 50: enter
12-10 23:09:51.168     0     0 E         : [T600239] [AW35615] aw35615_set_low_power_mode 168: enter
12-10 23:09:51.168     0     0 E         : [T600239] [AW35615] aw35615_is_low_power_mode 162: enter
12-10 23:09:51.302     0     0 D [T700001] [FTS_TS]fts_input_init: Enter
12-10 23:09:51.302     0     0 I [T700001] input: fts_ts as /devices/platform/soc/1100a000.spi0/spi_master/spi0/spi0.0/input/input11
12-10 23:09:51.302     0     0 D [T700001] [FTS_TS]fts_input_pen_init: Enter
12-10 23:09:51.302     0     0 I [T700001] input: fts_ts,pen as /devices/platform/soc/1100a000.spi0/spi_master/spi0/spi0.0/input/input12
12-10 23:09:51.302     0     0 D [T700001] [FTS_TS]fts_input_pen_init: Exit(1480)
12-10 23:09:51.302     0     0 D [T700001] [FTS_TS]fts_input_init: Exit(1570)
12-10 23:09:51.302     0     0 D [T700001] [FTS_TS]fts_fwdbg_init: Enter
12-10 23:09:51.302     0     0 D [T700001] [FTS_TS]fts_fwdbg_init: Exit(924)
12-10 23:09:51.302     0     0 D [T700001] [FTS_TS]fts_fhp_init: Enter
12-10 23:09:51.302     0     0 D [T700001] [FTS_TS]fts_fhp_init: Exit(866)
12-10 23:09:51.302     0     0 D [T700001] [FTS_TS]fts_point_report_check_init: Enter
12-10 23:09:51.302     0     0 D [T700001] [FTS_TS]fts_point_report_check_init: Exit(167)
12-10 23:09:51.302     0     0 D [T700001] [FTS_TS]fts_ex_mode_init: create sysfs(ex_mode) successfully
12-10 23:09:51.302     0     0 D [T700001] [FTS_TS]fts_gesture_init: Enter
12-10 23:09:51.302     0     0 D [T700001] [FTS_TS]fts_gesture_init: Exit(504)
12-10 23:09:51.302     0     0 D [T700001] [FTS_TS]fts_esdcheck_init: Enter
12-10 23:09:51.302     0     0 D [T700001] [FTS_TS]fts_esdcheck_init: Exit(479)
12-10 23:09:51.302     0     0 D [T700001] [FTS_TS]fts_notifier_callback_init: Enter
12-10 23:09:51.302     0     0 I         : [T700001] [DISP][mtk_disp_notifier_register line:18]:fts_ts_notifier
12-10 23:09:51.302     0     0 D [T700001] [FTS_TS]fts_notifier_callback_init: Exit(2270)
12-10 23:09:51.302     0     0 D [T400259] [FTS_TS]fts_fwupg_get_fw_file: get upgrade fw file
12-10 23:09:51.303     0     0 D [T700001] [FTS_TS]fts_ts_probe_entry: Exit(2460)
12-10 23:09:51.303     0     0 D         : [T700001] probe of spi0.0 returned 1 after 247017 usecs
12-10 23:09:51.303     0     0 D [T700001] [FTS_TS]fts_ts_spi_init: Exit(607)
12-10 23:09:51.303     0     0 D         : [T700001] initcall init_module.cfi_jt+0x0/0x8 [focaltech_tp_8205p] returned 0 after 241265 usecs
12-10 23:09:51.303     9     9 D         : probe of soc:odm:rt5133-gpio1 returned -517 after 1 usecs
12-10 23:09:51.303     9     9 D         : probe of soc:odm:rt5133-gpio2 returned -517 after 0 usecs
12-10 23:09:51.303     0     0 I [T700001] BOOTPROF: 1903.907388:initcall: init_module.cfi_jt [focaltech_tp_8205p]   247.090154ms
12-10 23:09:51.303     9     9 D         : probe of soc:odm:rt5133-gpio3 returned -517 after 0 usecs
12-10 23:09:51.304     9     9 I         : accdet mic_vol=6, plugout_deb=1 mic_mode=1 eint_pol=8
12-10 23:09:51.304     9     9 I         : accdet caps=125
12-10 23:09:51.304     9     9 D         : probe of mediatek,pmic-accdet returned 0 after 508 usecs
12-10 23:09:51.304     0     0 D         : [T700001] calling  init_module.cfi_jt+0x0/0x8 [awinic_sar] @ 1
12-10 23:09:51.304     0     0 I         : [T700001] awinic sar driver version v0.6.0
12-10 23:09:51.304     0     0 I         : [T700001] i2c-mt65xx 11e01000.i2c: addr: 12, transfer ACK error
12-10 23:09:51.304     0     0 E         : [T700001] awinic_sar 1-0012:  [aw_sar_comm_interface.c:aw_sar_i2c_read:61] i2c read error reg: 0xff10, ret= -6 cnt= 5
12-10 23:09:51.308     0     0 I         : [T700001] i2c-mt65xx 11e01000.i2c: addr: 12, transfer ACK error
12-10 23:09:51.308     0     0 E         : [T700001] awinic_sar 1-0012:  [aw_sar_comm_interface.c:aw_sar_i2c_read:61] i2c read error reg: 0xff10, ret= -6 cnt= 4
12-10 23:09:51.311     0     0 I         : [T700001] i2c-mt65xx 11e01000.i2c: addr: 12, transfer ACK error
12-10 23:09:51.311     0     0 E         : [T700001] awinic_sar 1-0012:  [aw_sar_comm_interface.c:aw_sar_i2c_read:61] i2c read error reg: 0xff10, ret= -6 cnt= 3
12-10 23:09:51.314     0     0 I         : [T700001] i2c-mt65xx 11e01000.i2c: addr: 12, transfer ACK error
12-10 23:09:51.314     0     0 E         : [T700001] awinic_sar 1-0012:  [aw_sar_comm_interface.c:aw_sar_i2c_read:61] i2c read error reg: 0xff10, ret= -6 cnt= 2
12-10 23:09:51.317     0     0 I         : [T700001] i2c-mt65xx 11e01000.i2c: addr: 12, transfer ACK error
12-10 23:09:51.317     0     0 E         : [T700001] awinic_sar 1-0012:  [aw_sar_comm_interface.c:aw_sar_i2c_read:61] i2c read error reg: 0xff10, ret= -6 cnt= 1
12-10 23:09:51.320     0     0 I         : [T700001] i2c-mt65xx 11e01000.i2c: addr: 12, transfer ACK error
12-10 23:09:51.320     0     0 E         : [T700001] awinic_sar 1-0012:  [aw_sar_comm_interface.c:aw_sar_i2c_read:61] i2c read error reg: 0xff10, ret= -6 cnt= 0
12-10 23:09:51.323     0     0 E         : [T700001] awinic_sar 1-0012:  [aw_sar_comm_interface.c:aw_sar_i2c_read:68] i2c read error!
12-10 23:09:51.323     0     0 E         : [T700001] awinic_sar 1-0012:  [aw9610x.c:aw9610x_check_chipid:191] read CHIP ID failed: -1
12-10 23:09:51.323     0     0 E         : [T700001] awinic_sar 1-0012:  [aw9610x.c:aw9610x_check_chipid:199] unsupport dev, chipid is (0x0000)
12-10 23:09:51.323     0     0 I         : [T700001] i2c-mt65xx 11e01000.i2c: addr: 12, transfer ACK error
12-10 23:09:51.323     0     0 E         : [T700001] awinic_sar 1-0012:  [aw_sar_comm_interface.c:aw_sar_i2c_read:61] i2c read error reg: 0xff10, ret= -6 cnt= 5
12-10 23:09:51.326     0     0 I         : [T700001] i2c-mt65xx 11e01000.i2c: addr: 12, transfer ACK error
12-10 23:09:51.326     0     0 E         : [T700001] awinic_sar 1-0012:  [aw_sar_comm_interface.c:aw_sar_i2c_read:61] i2c read error reg: 0xff10, ret= -6 cnt= 4
12-10 23:09:51.329     0     0 I         : [T700001] i2c-mt65xx 11e01000.i2c: addr: 12, transfer ACK error
12-10 23:09:51.329     0     0 E         : [T700001] awinic_sar 1-0012:  [aw_sar_comm_interface.c:aw_sar_i2c_read:61] i2c read error reg: 0xff10, ret= -6 cnt= 3
12-10 23:09:51.332     0     0 I         : [T700001] i2c-mt65xx 11e01000.i2c: addr: 12, transfer ACK error
12-10 23:09:51.332     0     0 E         : [T700001] awinic_sar 1-0012:  [aw_sar_comm_interface.c:aw_sar_i2c_read:61] i2c read error reg: 0xff10, ret= -6 cnt= 2
12-10 23:09:51.335     0     0 I         : [T700001] i2c-mt65xx 11e01000.i2c: addr: 12, transfer ACK error
12-10 23:09:51.335     0     0 E         : [T700001] awinic_sar 1-0012:  [aw_sar_comm_interface.c:aw_sar_i2c_read:61] i2c read error reg: 0xff10, ret= -6 cnt= 1
12-10 23:09:51.338     0     0 I         : [T700001] i2c-mt65xx 11e01000.i2c: addr: 12, transfer ACK error
12-10 23:09:51.338     0     0 E         : [T700001] awinic_sar 1-0012:  [aw_sar_comm_interface.c:aw_sar_i2c_read:61] i2c read error reg: 0xff10, ret= -6 cnt= 0
12-10 23:09:51.341     0     0 E         : [T700001] awinic_sar 1-0012:  [aw_sar_comm_interface.c:aw_sar_i2c_read:68] i2c read error!
12-10 23:09:51.341     0     0 E         : [T700001] awinic_sar 1-0012:  [aw963xx.c:aw963xx_check_chipid:629] read CHIP ID failed: -1
12-10 23:09:51.341     0     0 E         : [T700001] awinic_sar 1-0012:  [aw_sar.c:aw_sar_i2c_probe:2010] chip_init error!
12-10 23:09:51.341     0     0 W [T700001] awinic_sar: probe of 1-0012 failed with error -1
12-10 23:09:51.341     0     0 D         : [T700001] probe of 1-0012 returned 0 after 36582 usecs
12-10 23:09:51.341     0     0 D         : [T700001] initcall init_module.cfi_jt+0x0/0x8 [awinic_sar] returned 0 after 35792 usecs
12-10 23:09:51.341     0     0 I [T700001] BOOTPROF: 1942.305234:initcall: init_module.cfi_jt [awinic_sar]    36.676539ms
12-10 23:09:51.342     0     0 D         : [T700001] calling  init_module.cfi_jt+0x0/0x8 [mtk_socinfo] @ 1
12-10 23:09:51.342     0     0 I         : [T700001] MT8781V/CA SoC detected.
12-10 23:09:51.342     0     0 D         : [T700001] initcall init_module.cfi_jt+0x0/0x8 [mtk_socinfo] returned 0 after 34 usecs
12-10 23:09:51.345     0     0 D         : [T700001] calling  __cfi_jt_start+0x0/0x8 [clk_disable_unused] @ 1
12-10 23:09:51.345     0     0 I         : [T700001] disable_unused dev: disable_unused ongo
12-10 23:09:51.345     0     0 D         : [T700001] probe of disable_unused returned 1 after 68 usecs
12-10 23:09:51.345     0     0 I         : [T700001] disable_unused dev: disable_unused:disable-unused-clk-mdpsys ongo
12-10 23:09:51.345     9     9 D         : probe of soc:odm:rt5133-gpio1 returned -517 after 0 usecs
12-10 23:09:51.345     0     0 I         : [T700001] disable_unused clk [0]: mdp_rdma0 ongo
12-10 23:09:51.345     0     0 I         : [T700001] disable_unused clk [0]: mdp_rdma0 done
12-10 23:09:51.345     0     0 I         : [T700001] disable_unused clk [1]: mdp_tdshp0 ongo
12-10 23:09:51.345     9     9 D         : probe of soc:odm:rt5133-gpio2 returned -517 after 0 usecs
12-10 23:09:51.345     0     0 I         : [T700001] disable_unused clk [1]: mdp_tdshp0 done
12-10 23:09:51.345     9     9 D         : probe of soc:odm:rt5133-gpio3 returned -517 after 0 usecs
12-10 23:09:51.345     0     0 I         : [T700001] disable_unused clk [2]: mdp_img_dl_async0 ongo
12-10 23:09:51.346     0     0 I         : [T700001] disable_unused clk [2]: mdp_img_dl_async0 done
12-10 23:09:51.346     0     0 I         : [T700001] disable_unused clk [3]: mdp_img_dl_async1 ongo
12-10 23:09:51.346     0     0 I         : [T700001] disable_unused clk [3]: mdp_img_dl_async1 done
12-10 23:09:51.346     0     0 I         : [T700001] disable_unused clk [4]: mdp_smi0 ongo
12-10 23:09:51.346     0     0 I         : [T700001] disable_unused clk [5]: mdp_apb_bus ongo
12-10 23:09:51.346     0     0 I         : [T700001] disable_unused clk [5]: mdp_apb_bus done
12-10 23:09:51.346     0     0 I         : [T700001] disable_unused clk [6]: mdp_wrot0 ongo
12-10 23:09:51.346     0     0 I         : [T700001] disable_unused clk [6]: mdp_wrot0 done
12-10 23:09:51.346     0     0 I         : [T700001] disable_unused clk [7]: mdp_rsz0 ongo
12-10 23:09:51.346     0     0 I         : [T700001] disable_unused clk [7]: mdp_rsz0 done
12-10 23:09:51.346     0     0 I         : [T700001] disable_unused clk [8]: mdp_hdr0 ongo
12-10 23:09:51.346     0     0 I         : [T700001] disable_unused clk [8]: mdp_hdr0 done
12-10 23:09:51.346     0     0 I         : [T700001] disable_unused clk [9]: mdp_mutex0 ongo
12-10 23:09:51.346     0     0 I         : [T700001] disable_unused clk [9]: mdp_mutex0 done
12-10 23:09:51.346     0     0 I         : [T700001] disable_unused clk [10]: mdp_wrot1 ongo
12-10 23:09:51.346     0     0 I         : [T700001] disable_unused clk [10]: mdp_wrot1 done
12-10 23:09:51.346     0     0 I         : [T700001] disable_unused clk [11]: mdp_rsz1 ongo
12-10 23:09:51.346     0     0 I         : [T700001] disable_unused clk [11]: mdp_rsz1 done
12-10 23:09:51.346     0     0 I         : [T700001] disable_unused clk [12]: mdp_fake_eng0 ongo
12-10 23:09:51.346     0     0 I         : [T700001] disable_unused clk [12]: mdp_fake_eng0 done
12-10 23:09:51.346     0     0 I         : [T700001] disable_unused clk [13]: mdp_aal0 ongo
12-10 23:09:51.346     0     0 I         : [T700001] disable_unused clk [13]: mdp_aal0 done
12-10 23:09:51.346     0     0 I         : [T700001] disable_unused clk [14]: mdp_img_dl_rel0_as0 ongo
12-10 23:09:51.346     0     0 I         : [T700001] disable_unused clk [14]: mdp_img_dl_rel0_as0 done
12-10 23:09:51.346     0     0 I         : [T700001] disable_unused clk [15]: mdp_img_dl_rel1_as1 ongo
12-10 23:09:51.346     0     0 I         : [T700001] disable_unused clk [15]: mdp_img_dl_rel1_as1 done
12-10 23:09:51.346     0     0 D         : [T700001] probe of disable_unused:disable-unused-clk-mdpsys returned 1 after 283 usecs
12-10 23:09:51.346     0     0 I         : [T700001] disable_unused dev: disable_unused:disable-unused-clk-ipesys ongo
12-10 23:09:51.346     0     0 I         : [T700001] disable_unused clk [0]: ipe_larb19 ongo
12-10 23:09:51.346     0     0 I         : [T700001] disable_unused clk [1]: ipe_larb20 ongo
12-10 23:09:51.346     0     0 I         : [T700001] disable_unused clk [2]: ipe_smi_subcom ongo
12-10 23:09:51.346     0     0 I         : [T700001] disable_unused clk [3]: ipe_fd ongo
12-10 23:09:51.346     0     0 I         : [T700001] disable_unused clk [4]: ipe_fe ongo
12-10 23:09:51.346     0     0 I         : [T700001] disable_unused clk [5]: ipe_rsc ongo
12-10 23:09:51.346     0     0 I         : [T700001] disable_unused clk [6]: ipe_dpe ongo
12-10 23:09:51.346     0     0 I         : [T700001] disable_unused clk [7]: ipe_gals ongo
12-10 23:09:51.346     0     0 D         : [T700001] probe of disable_unused:disable-unused-clk-ipesys returned 1 after 313 usecs
12-10 23:09:51.346     9     9 I         : accdet mic_vol=6, plugout_deb=1 mic_mode=1 eint_pol=8
12-10 23:09:51.346     9     9 I         : accdet caps=125
12-10 23:09:51.346     9     9 D         : probe of mediatek,pmic-accdet returned 0 after 453 usecs
12-10 23:09:51.347     9     9 D         : probe of soc:odm:rt5133-gpio1 returned -517 after 0 usecs
12-10 23:09:51.347     9     9 D         : probe of soc:odm:rt5133-gpio2 returned -517 after 0 usecs
12-10 23:09:51.347     9     9 D         : probe of soc:odm:rt5133-gpio3 returned -517 after 0 usecs
12-10 23:09:51.347     0     0 I         : [T700001] disable_unused dev: disable_unused:disable-unused-clk-camsys_rawb ongo
12-10 23:09:51.347     0     0 I         : [T700001] disable_unused clk [0]: cam_rb_larbx ongo
12-10 23:09:51.347     0     0 I         : [T700001] disable_unused clk [1]: cam_rb_cam ongo
12-10 23:09:51.347     0     0 I         : [T700001] disable_unused clk [2]: cam_rb_camtg ongo
12-10 23:09:51.347     0     0 D         : [T700001] probe of disable_unused:disable-unused-clk-camsys_rawb returned 1 after 693 usecs
12-10 23:09:51.347     0     0 I         : [T700001] disable_unused dev: disable_unused:disable-unused-clk-camsys_rawa ongo
12-10 23:09:51.347     0     0 I         : [T700001] disable_unused clk [0]: cam_ra_larbx ongo
12-10 23:09:51.347     0     0 I         : [T700001] disable_unused clk [1]: cam_ra_cam ongo
12-10 23:09:51.347     0     0 I         : [T700001] disable_unused clk [2]: cam_ra_camtg ongo
12-10 23:09:51.347     0     0 D         : [T700001] probe of disable_unused:disable-unused-clk-camsys_rawa returned 1 after 396 usecs
12-10 23:09:51.347     0     0 I         : [T700001] disable_unused dev: disable_unused:disable-unused-clk-camsys_main ongo
12-10 23:09:51.347     0     0 I         : [T700001] disable_unused clk [0]: cam_m_larb13 ongo
12-10 23:09:51.347     0     0 I         : [T700001] disable_unused clk [1]: cam_m_larb14 ongo
12-10 23:09:51.347     9     9 I         : accdet mic_vol=6, plugout_deb=1 mic_mode=1 eint_pol=8
12-10 23:09:51.347     0     0 I         : [T700001] disable_unused clk [2]: cam_m_cam ongo
12-10 23:09:51.347     0     0 I         : [T700001] disable_unused clk [3]: cam_m_camtg ongo
12-10 23:09:51.347     0     0 I         : [T700001] disable_unused clk [4]: cam_m_seninf ongo
12-10 23:09:51.347     0     0 I         : [T700001] disable_unused clk [5]: cam_m_camsv1 ongo
12-10 23:09:51.347     9     9 I         : accdet caps=125
12-10 23:09:51.347     0     0 I         : [T700001] disable_unused clk [6]: cam_m_camsv2 ongo
12-10 23:09:51.347     0     0 I         : [T700001] disable_unused clk [7]: cam_m_camsv3 ongo
12-10 23:09:51.347     0     0 I         : [T700001] disable_unused clk [8]: cam_m_mraw0 ongo
12-10 23:09:51.347     0     0 I         : [T700001] disable_unused clk [9]: cam_m_fake_eng ongo
12-10 23:09:51.347     0     0 I         : [T700001] disable_unused clk [10]: cam_m_cam2mm_gals ongo
12-10 23:09:51.348     0     0 D         : [T700001] probe of disable_unused:disable-unused-clk-camsys_main returned 1 after 394 usecs
12-10 23:09:51.348     9     9 D         : probe of mediatek,pmic-accdet returned 0 after 421 usecs
12-10 23:09:51.348     9     9 D         : probe of soc:odm:rt5133-gpio1 returned -517 after 0 usecs
12-10 23:09:51.348     9     9 D         : probe of soc:odm:rt5133-gpio2 returned -517 after 0 usecs
12-10 23:09:51.348     9     9 D         : probe of soc:odm:rt5133-gpio3 returned -517 after 0 usecs
12-10 23:09:51.348     0     0 I         : [T700001] disable_unused dev: disable_unused:disable-unused-clk-vencsys ongo
12-10 23:09:51.348     0     0 I         : [T700001] disable_unused clk [0]: ven1_cke0_larb ongo
12-10 23:09:51.348     0     0 I         : [T700001] disable_unused clk [1]: ven1_cke1_venc ongo
12-10 23:09:51.348     0     0 I         : [T700001] disable_unused clk [2]: ven1_cke2_jpgenc ongo
12-10 23:09:51.348     0     0 I         : [T700001] disable_unused clk [3]: ven1_cke5_gals ongo
12-10 23:09:51.348     0     0 D         : [T700001] probe of disable_unused:disable-unused-clk-vencsys returned 1 after 244 usecs
12-10 23:09:51.348     0     0 I         : [T700001] disable_unused dev: disable_unused:disable-unused-clk-vdecsys ongo
12-10 23:09:51.348     0     0 I         : [T700001] disable_unused clk [0]: vde2_larb1_cken ongo
12-10 23:09:51.348     0     0 I         : [T700001] disable_unused clk [1]: vde2_lat_cken ongo
12-10 23:09:51.348     0     0 I         : [T700001] disable_unused clk [2]: vde2_lat_active ongo
12-10 23:09:51.348     0     0 I         : [T700001] disable_unused clk [3]: vde2_lat_cken_eng ongo
12-10 23:09:51.348     0     0 I         : [T700001] disable_unused clk [4]: vde2_mini_mdp ongo
12-10 23:09:51.348     0     0 I         : [T700001] disable_unused clk [4]: vde2_mini_mdp done
12-10 23:09:51.348     9     9 I         : accdet mic_vol=6, plugout_deb=1 mic_mode=1 eint_pol=8
12-10 23:09:51.348     0     0 I         : [T700001] disable_unused clk [5]: vde2_vdec_cken ongo
12-10 23:09:51.348     0     0 I         : [T700001] disable_unused clk [6]: vde2_vdec_active ongo
12-10 23:09:51.348     0     0 I         : [T700001] disable_unused clk [6]: vde2_vdec_active done
12-10 23:09:51.348     0     0 I         : [T700001] disable_unused clk [7]: vde2_vdec_cken_eng ongo
12-10 23:09:51.348     9     9 I         : accdet caps=125
12-10 23:09:51.348     0     0 D         : [T700001] probe of disable_unused:disable-unused-clk-vdecsys returned 1 after 486 usecs
12-10 23:09:51.348     9     9 D         : probe of mediatek,pmic-accdet returned 0 after 368 usecs
12-10 23:09:51.348     9     9 D         : probe of soc:odm:rt5133-gpio1 returned -517 after 0 usecs
12-10 23:09:51.348     9     9 D         : probe of soc:odm:rt5133-gpio2 returned -517 after 0 usecs
12-10 23:09:51.348     9     9 D         : probe of soc:odm:rt5133-gpio3 returned -517 after 0 usecs
12-10 23:09:51.348     0     0 I         : [T700001] disable_unused dev: disable_unused:disable-unused-clk-imgsys1 ongo
12-10 23:09:51.348     0     0 I         : [T700001] disable_unused clk [0]: imgsys1_larb9 ongo
12-10 23:09:51.348     0     0 I         : [T700001] disable_unused clk [1]: imgsys1_larb10 ongo
12-10 23:09:51.348     0     0 I         : [T700001] disable_unused clk [2]: imgsys1_dip ongo
12-10 23:09:51.348     0     0 I         : [T700001] disable_unused clk [3]: imgsys1_gals ongo
12-10 23:09:51.349     0     0 D         : [T700001] probe of disable_unused:disable-unused-clk-imgsys1 returned 1 after 240 usecs
12-10 23:09:51.349     0     0 I         : [T700001] disable_unused dev: disable_unused:disable-unused-clk-mmsys ongo
12-10 23:09:51.349     0     0 I         : [T700001] disable_unused clk [0]: mm_disp_mutex0 ongo
12-10 23:09:51.349     0     0 I         : [T700001] disable_unused clk [1]: mm_apb_bus ongo
12-10 23:09:51.349     0     0 I         : [T700001] disable_unused clk [2]: mm_disp_ovl0 ongo
12-10 23:09:51.349     0     0 I         : [T700001] disable_unused clk [3]: mm_disp_rdma0 ongo
12-10 23:09:51.349     0     0 I         : [T700001] disable_unused clk [4]: mm_disp_ovl0_2l ongo
12-10 23:09:51.349     0     0 I         : [T700001] disable_unused clk [5]: mm_disp_wdma0 ongo
12-10 23:09:51.349     0     0 I         : [T700001] disable_unused clk [6]: mm_disp_rsz0 ongo
12-10 23:09:51.349     0     0 I         : [T700001] disable_unused clk [7]: mm_disp_aal0 ongo
12-10 23:09:51.349     0     0 I         : [T700001] disable_unused clk [8]: mm_disp_ccorr0 ongo
12-10 23:09:51.349     0     0 I         : [T700001] disable_unused clk [9]: mm_disp_color0 ongo
12-10 23:09:51.349     0     0 I         : [T700001] disable_unused clk [10]: mm_smi_infra ongo
12-10 23:09:51.349     0     0 I         : [T700001] disable_unused clk [11]: mm_disp_dsc_wrap0 ongo
12-10 23:09:51.349     0     0 I         : [T700001] disable_unused clk [11]: mm_disp_dsc_wrap0 done
12-10 23:09:51.349     0     0 I         : [T700001] disable_unused clk [12]: mm_disp_gamma0 ongo
12-10 23:09:51.349     0     0 I         : [T700001] disable_unused clk [13]: mm_disp_postmask0 ongo
12-10 23:09:51.349     0     0 I         : [T700001] disable_unused clk [14]: mm_disp_dither0 ongo
12-10 23:09:51.349     0     0 I         : [T700001] disable_unused clk [15]: mm_smi_common ongo
12-10 23:09:51.349     0     0 I         : [T700001] disable_unused clk [16]: mm_dsi0 ongo
12-10 23:09:51.349     0     0 I         : [T700001] disable_unused clk [17]: mm_disp_fake_eng0 ongo
12-10 23:09:51.349     0     0 I         : [T700001] disable_unused clk [17]: mm_disp_fake_eng0 done
12-10 23:09:51.349     9     9 I         : accdet mic_vol=6, plugout_deb=1 mic_mode=1 eint_pol=8
12-10 23:09:51.349     0     0 I         : [T700001] disable_unused clk [18]: mm_disp_fake_eng1 ongo
12-10 23:09:51.349     0     0 I         : [T700001] disable_unused clk [18]: mm_disp_fake_eng1 done
12-10 23:09:51.349     9     9 I         : accdet caps=125
12-10 23:09:51.349     0     0 I         : [T700001] disable_unused clk [19]: mm_smi_gals ongo
12-10 23:09:51.349     0     0 I         : [T700001] disable_unused clk [20]: mm_smi_iommu ongo
12-10 23:09:51.349     0     0 I         : [T700001] disable_unused clk [21]: mm_dsi0_dsi_domain ongo
12-10 23:09:51.349     0     0 I         : [T700001] disable_unused clk [22]: mm_disp_26m_ck ongo
12-10 23:09:51.349     0     0 D         : [T700001] probe of disable_unused:disable-unused-clk-mmsys returned 1 after 546 usecs
12-10 23:09:51.349     0     0 I         : [T700001] disable_unused dev: disable_unused:disable-unused-clk-imp_iic_wrap_n ongo
12-10 23:09:51.349     0     0 I         : [T700001] disable_unused clk [0]: impn_ap_clock_i2c7 ongo
12-10 23:09:51.349     9     9 D         : probe of mediatek,pmic-accdet returned 0 after 362 usecs
12-10 23:09:51.349     0     0 D         : [T700001] probe of disable_unused:disable-unused-clk-imp_iic_wrap_n returned 1 after 39 usecs
12-10 23:09:51.349     0     0 I         : [T700001] disable_unused dev: disable_unused:disable-unused-clk-imp_iic_wrap_en ongo
12-10 23:09:51.349     0     0 I         : [T700001] disable_unused clk [0]: impen_ap_clock_i2c2 ongo
12-10 23:09:51.349     9     9 D         : probe of soc:odm:rt5133-gpio1 returned -517 after 0 usecs
12-10 23:09:51.349     0     0 I         : [T700001] disable_unused clk [1]: impen_ap_clock_i2c4 ongo
12-10 23:09:51.349     9     9 D         : probe of soc:odm:rt5133-gpio2 returned -517 after 0 usecs
12-10 23:09:51.349     0     0 I         : [T700001] disable_unused clk [2]: impen_ap_clock_i2c8 ongo
12-10 23:09:51.349     0     0 I         : [T700001] disable_unused clk [3]: impen_ap_clock_i2c9 ongo
12-10 23:09:51.349     9     9 D         : probe of soc:odm:rt5133-gpio3 returned -517 after 0 usecs
12-10 23:09:51.349     0     0 D         : [T700001] probe of disable_unused:disable-unused-clk-imp_iic_wrap_en returned 1 after 80 usecs
12-10 23:09:51.349     0     0 I         : [T700001] disable_unused dev: disable_unused:disable-unused-clk-imp_iic_wrap_w ongo
12-10 23:09:51.349     0     0 I         : [T700001] disable_unused clk [0]: impw_ap_clock_i2c0 ongo
12-10 23:09:51.349     0     0 I         : [T700001] disable_unused clk [1]: impw_ap_clock_i2c1 ongo
12-10 23:09:51.349     0     0 D         : [T700001] probe of disable_unused:disable-unused-clk-imp_iic_wrap_w returned 1 after 62 usecs
12-10 23:09:51.349     0     0 I         : [T700001] disable_unused dev: disable_unused:disable-unused-clk-afe ongo
12-10 23:09:51.349     0     0 I         : [T700001] disable_unused clk [0]: afe_afe ongo
12-10 23:09:51.928   283   283 E SELinux : avc:  denied  { add } for interface=android.hidl.base::IBase sid=u:r:recovery:s0 pid=283 scontext=u:r:recovery:s0 tcontext=u:object_r:hidl_base_hwservice:s0 tclass=hwservice_manager permissive=1
12-10 23:09:51.349     0     0 I         : [T700001] disable_unused clk [0]: afe_afe done
12-10 23:09:51.349     0     0 I         : [T700001] disable_unused clk [1]: afe_22m ongo
12-10 23:09:51.350     0     0 I         : [T700001] disable_unused clk [1]: afe_22m done
12-10 23:09:51.929   283   283 E SELinux : avc:  denied  { add } for interface=android.hidl.manager::IServiceManager sid=u:r:recovery:s0 pid=283 scontext=u:r:recovery:s0 tcontext=u:object_r:hidl_manager_hwservice:s0 tclass=hwservice_manager permissive=1
12-10 23:09:51.350     0     0 I         : [T700001] disable_unused clk [2]: afe_24m ongo
12-10 23:09:51.350     0     0 I         : [T700001] disable_unused clk [2]: afe_24m done
12-10 23:09:51.929   283   283 I hwservicemanager: getFrameworkHalManifest: Reading VINTF information.
12-10 23:09:51.350     0     0 I         : [T700001] disable_unused clk [3]: afe_apll2_tuner ongo
12-10 23:09:51.350     9     9 I         : accdet mic_vol=6, plugout_deb=1 mic_mode=1 eint_pol=8
12-10 23:09:51.350     0     0 I         : [T700001] disable_unused clk [4]: afe_apll_tuner ongo
12-10 23:09:51.350     9     9 I         : accdet caps=125
12-10 23:09:51.350     0     0 I         : [T700001] disable_unused clk [5]: afe_adc ongo
12-10 23:09:51.350     0     0 I         : [T700001] disable_unused clk [5]: afe_adc done
12-10 23:09:51.350     0     0 I         : [T700001] disable_unused clk [6]: afe_dac ongo
12-10 23:09:51.350     0     0 I         : [T700001] disable_unused clk [6]: afe_dac done
12-10 23:09:51.350     0     0 I         : [T700001] disable_unused clk [7]: afe_dac_predis ongo
12-10 23:09:51.350     0     0 I         : [T700001] disable_unused clk [7]: afe_dac_predis done
12-10 23:09:51.350     0     0 I         : [T700001] disable_unused clk [8]: afe_tml ongo
12-10 23:09:51.350     0     0 I         : [T700001] disable_unused clk [8]: afe_tml done
12-10 23:09:51.350     9     9 D         : probe of mediatek,pmic-accdet returned 0 after 346 usecs
12-10 23:09:51.350     0     0 I         : [T700001] disable_unused clk [9]: afe_nle ongo
12-10 23:09:51.350     0     0 I         : [T700001] disable_unused clk [10]: afe_i2s1_bclk ongo
12-10 23:09:51.350     0     0 I         : [T700001] disable_unused clk [10]: afe_i2s1_bclk done
12-10 23:09:51.350     0     0 I         : [T700001] disable_unused clk [11]: afe_i2s2_bclk ongo
12-10 23:09:51.350     0     0 I         : [T700001] disable_unused clk [11]: afe_i2s2_bclk done
12-10 23:09:51.350     9     9 D         : probe of soc:odm:rt5133-gpio1 returned -517 after 0 usecs
12-10 23:09:51.350     0     0 I         : [T700001] disable_unused clk [12]: afe_i2s3_bclk ongo
12-10 23:09:51.350     0     0 I         : [T700001] disable_unused clk [12]: afe_i2s3_bclk done
12-10 23:09:51.350     0     0 I         : [T700001] disable_unused clk [13]: afe_i2s4_bclk ongo
12-10 23:09:51.350     0     0 I         : [T700001] disable_unused clk [13]: afe_i2s4_bclk done
12-10 23:09:51.350     9     9 D         : probe of soc:odm:rt5133-gpio2 returned -517 after 0 usecs
12-10 23:09:51.350     0     0 I         : [T700001] disable_unused clk [14]: afe_general3_asrc ongo
12-10 23:09:51.350     9     9 D         : probe of soc:odm:rt5133-gpio3 returned -517 after 0 usecs
12-10 23:09:51.350     0     0 I         : [T700001] disable_unused clk [14]: afe_general3_asrc done
12-10 23:09:51.350     0     0 I         : [T700001] disable_unused clk [15]: afe_connsys_i2s_asrc ongo
12-10 23:09:51.350     0     0 I         : [T700001] disable_unused clk [15]: afe_connsys_i2s_asrc done
12-10 23:09:51.350     0     0 I         : [T700001] disable_unused clk [16]: afe_general1_asrc ongo
12-10 23:09:51.350     0     0 I         : [T700001] disable_unused clk [16]: afe_general1_asrc done
12-10 23:09:51.929   283   283 I hwservicemanager: getDeviceHalManifest: Reading VINTF information.
12-10 23:09:51.350     0     0 I         : [T700001] disable_unused clk [17]: afe_general2_asrc ongo
12-10 23:09:51.350     0     0 I         : [T700001] disable_unused clk [17]: afe_general2_asrc done
12-10 23:09:51.350     0     0 I         : [T700001] disable_unused clk [18]: afe_dac_hires ongo
12-10 23:09:51.350     0     0 I         : [T700001] disable_unused clk [18]: afe_dac_hires done
12-10 23:09:51.350     0     0 I         : [T700001] disable_unused clk [19]: afe_adc_hires ongo
12-10 23:09:51.350     0     0 I         : [T700001] disable_unused clk [19]: afe_adc_hires done
12-10 23:09:51.350     0     0 I         : [T700001] disable_unused clk [20]: afe_adc_hires_tml ongo
12-10 23:09:51.350     0     0 I         : [T700001] disable_unused clk [20]: afe_adc_hires_tml done
12-10 23:09:51.350     0     0 D         : [T700001] probe of disable_unused:disable-unused-clk-afe returned 1 after 851 usecs
12-10 23:09:51.350     0     0 I         : [T700001] disable_unused dev: disable_unused:disable-unused-clk-imp_iic_wrap_c ongo
12-10 23:09:51.350     0     0 I         : [T700001] disable_unused clk [0]: impc_ap_clock_i2c3 ongo
12-10 23:09:51.350     0     0 I         : [T700001] disable_unused clk [1]: impc_ap_clock_i2c5 ongo
12-10 23:09:51.350     0     0 I         : [T700001] disable_unused clk [2]: impc_ap_clock_i2c6 ongo
12-10 23:09:51.350     0     0 D         : [T700001] probe of disable_unused:disable-unused-clk-imp_iic_wrap_c returned 1 after 67 usecs
12-10 23:09:51.350     0     0 I         : [T700001] disable_unused dev: disable_unused:disable-unused-clk-infracfg_ao ongo
12-10 23:09:51.350     0     0 I         : [T700001] disable_unused clk [0]: ifrao_pmic_tmr ongo
12-10 23:09:51.350     0     0 I         : [T700001] disable_unused clk [1]: ifrao_pmic_ap ongo
12-10 23:09:51.350     0     0 I         : [T700001] disable_unused clk [2]: ifrao_gce ongo
12-10 23:09:51.350     0     0 I         : [T700001] disable_unused clk [3]: ifrao_gce2 ongo
12-10 23:09:51.350     0     0 I         : [T700001] disable_unused clk [3]: ifrao_gce2 done
12-10 23:09:51.350     0     0 I         : [T700001] disable_unused clk [4]: ifrao_therm ongo
12-10 23:09:51.350     0     0 I         : [T700001] disable_unused clk [5]: ifrao_i2c_pseudo ongo
12-10 23:09:51.350     0     0 I         : [T700001] disable_unused clk [6]: ifrao_apdma_pseudo ongo
12-10 23:09:51.351     0     0 I         : [T700001] disable_unused clk [7]: ifrao_pwm_hclk ongo
12-10 23:09:51.351     0     0 I         : [T700001] disable_unused clk [7]: ifrao_pwm_hclk done
12-10 23:09:51.351     0     0 I         : [T700001] disable_unused clk [8]: ifrao_pwm1 ongo
12-10 23:09:51.351     0     0 I         : [T700001] disable_unused clk [8]: ifrao_pwm1 done
12-10 23:09:51.351     0     0 I         : [T700001] disable_unused clk [9]: ifrao_pwm2 ongo
12-10 23:09:51.351     0     0 I         : [T700001] disable_unused clk [9]: ifrao_pwm2 done
12-10 23:09:51.351     9     9 I         : accdet mic_vol=6, plugout_deb=1 mic_mode=1 eint_pol=8
12-10 23:09:51.351     0     0 I         : [T700001] disable_unused clk [10]: ifrao_pwm3 ongo
12-10 23:09:51.351     0     0 I         : [T700001] disable_unused clk [10]: ifrao_pwm3 done
12-10 23:09:51.351     0     0 I         : [T700001] disable_unused clk [11]: ifrao_pwm4 ongo
12-10 23:09:51.351     9     9 I         : accdet caps=125
12-10 23:09:51.930   283   283 I hwservicemanager: getDeviceHalManifest: Successfully processed VINTF information
12-10 23:09:51.351     0     0 I         : [T700001] disable_unused clk [11]: ifrao_pwm4 done
12-10 23:09:51.930   283   283 I hwservicemanager: getFrameworkHalManifest: Successfully processed VINTF information
12-10 23:09:51.351     0     0 I         : [T700001] disable_unused clk [12]: ifrao_pwm ongo
12-10 23:09:51.351     0     0 I         : [T700001] disable_unused clk [12]: ifrao_pwm done
12-10 23:09:51.351     0     0 I         : [T700001] disable_unused clk [13]: ifrao_uart0 ongo
12-10 23:09:51.351     0     0 I         : [T700001] disable_unused clk [14]: ifrao_uart1 ongo
12-10 23:09:51.351     0     0 I         : [T700001] disable_unused clk [15]: ifrao_uart2 ongo
12-10 23:09:51.351     0     0 I         : [T700001] disable_unused clk [16]: ifrao_uart3 ongo
12-10 23:09:51.351     0     0 I         : [T700001] disable_unused clk [16]: ifrao_uart3 done
12-10 23:09:51.351     0     0 I         : [T700001] disable_unused clk [17]: ifrao_gce_26m ongo
12-10 23:09:51.351     0     0 I         : [T700001] disable_unused clk [18]: ifrao_btif ongo
12-10 23:09:51.351     0     0 I         : [T700001] disable_unused clk [19]: ifrao_spi0 ongo
12-10 23:09:51.930   283   283 E SELinux : avc:  denied  { add } for interface=android.hidl.token::ITokenManager sid=u:r:recovery:s0 pid=283 scontext=u:r:recovery:s0 tcontext=u:object_r:hidl_token_hwservice:s0 tclass=hwservice_manager permissive=1
12-10 23:09:51.351     9     9 D         : probe of mediatek,pmic-accdet returned 0 after 364 usecs
12-10 23:09:51.351     0     0 I         : [T700001] disable_unused clk [20]: ifrao_msdc0 ongo
12-10 23:09:51.351     0     0 I         : [T700001] disable_unused clk [20]: ifrao_msdc0 done
12-10 23:09:51.351     9     9 D         : probe of soc:odm:rt5133-gpio1 returned -517 after 0 usecs
12-10 23:09:51.351     0     0 I         : [T700001] disable_unused clk [21]: ifrao_msdc1 ongo
12-10 23:09:51.351     0     0 I         : [T700001] disable_unused clk [22]: ifrao_msdc0_clk ongo
12-10 23:09:51.351     9     9 D         : probe of soc:odm:rt5133-gpio2 returned -517 after 0 usecs
12-10 23:09:51.351     9     9 D         : probe of soc:odm:rt5133-gpio3 returned -517 after 0 usecs
12-10 23:09:51.351     0     0 I         : [T700001] disable_unused clk [22]: ifrao_msdc0_clk done
12-10 23:09:51.351     0     0 I         : [T700001] disable_unused clk [23]: ifrao_auxadc ongo
12-10 23:09:51.351     0     0 I         : [T700001] disable_unused clk [24]: ifrao_cpum ongo
12-10 23:09:51.351     0     0 I         : [T700001] disable_unused clk [24]: ifrao_cpum done
12-10 23:09:51.351     0     0 I         : [T700001] disable_unused clk [25]: ifrao_ccif1_ap ongo
