12-11 17:56:36.450  1248  1248 D SystemServerTiming: OnBootPhase_550_com.android.server.devicestate.DeviceStateManagerService
12-11 17:56:36.450  1248  1248 D SystemServerTiming: OnBootPhase_550_com.android.server.camera.CameraServiceProxy
12-11 17:56:36.450  1248  1248 D SystemServerTiming: OnBootPhase_550_com.android.server.bluetooth.BluetoothService
12-11 17:56:36.450  1248  1248 D SystemServerTiming: OnBootPhase_550_com.android.server.connectivity.IpConnectivityMetrics
12-11 17:56:36.450  1248  1248 D SystemServerTiming: OnBootPhase_550_com.android.server.net.watchlist.NetworkWatchlistService$Lifecycle
12-11 17:56:36.451  1248  1483 E NativeTombstoneManager: Tombstone's UID (0) not an app, ignoring
12-11 17:56:36.452  1248  1248 D SystemServerTiming: OnBootPhase_550_com.android.server.pinner.PinnerService
12-11 17:56:36.452  1248  1248 D SystemServerTiming: OnBootPhase_550_com.android.server.integrity.AppIntegrityManagerService
12-11 17:56:36.452  1248  1248 D SystemServerTiming: OnBootPhase_550_com.android.server.logcat.LogcatManagerService
12-11 17:56:36.452  1248  1248 D SystemServerTiming: OnBootPhase_550_com.android.server.inputmethod.InputMethodManagerService$Lifecycle
12-11 17:56:36.453  1248  1483 E NativeTombstoneManager: Tombstone's UID (0) not an app, ignoring
12-11 17:56:36.458  1248  1483 E NativeTombstoneManager: Tombstone's UID (0) not an app, ignoring
12-11 17:56:36.459  1248  1483 E NativeTombstoneManager: Tombstone's UID (0) not an app, ignoring
12-11 17:56:36.461  1248  1483 E NativeTombstoneManager: Tombstone's UID (0) not an app, ignoring
12-11 17:56:36.463  1248  1483 E NativeTombstoneManager: Tombstone's UID (0) not an app, ignoring
12-11 17:56:36.465  1248  1483 E NativeTombstoneManager: Tombstone's UID (0) not an app, ignoring
12-11 17:56:36.466  1248  1483 E NativeTombstoneManager: Tombstone's UID (0) not an app, ignoring
12-11 17:56:36.468  1248  1483 E NativeTombstoneManager: Tombstone's UID (0) not an app, ignoring
12-11 17:56:36.469  1248  1483 E NativeTombstoneManager: Tombstone's UID (0) not an app, ignoring
12-11 17:56:36.471  1248  1248 D SystemServerTiming: OnBootPhase_550_com.android.server.accessibility.AccessibilityManagerService$Lifecycle
12-11 17:56:36.471  1248  1248 D SystemServerTiming: OnBootPhase_550_com.android.server.StorageManagerService$Lifecycle
12-11 17:56:36.471  1248  1248 D SystemServerTiming: OnBootPhase_550_com.android.server.usage.StorageStatsService$Lifecycle
12-11 17:56:36.471  1248  1248 D SystemServerTiming: OnBootPhase_550_com.android.server.UiModeManagerService
12-11 17:56:36.471  1248  1248 D SystemServerTiming: OnBootPhase_550_com.android.server.locales.LocaleManagerService
12-11 17:56:36.471  1248  1248 D SystemServerTiming: OnBootPhase_550_com.android.server.grammaticalinflection.GrammaticalInflectionService
12-11 17:56:36.471  1248  1248 D SystemServerTiming: OnBootPhase_550_com.android.server.apphibernation.AppHibernationService
12-11 17:56:36.471  1248  1248 D SystemServerTiming: OnBootPhase_550_com.android.server.locksettings.LockSettingsService$Lifecycle
12-11 17:56:36.472  1248  1248 D SystemServerTiming: OnBootPhase_550_com.android.server.pdb.PersistentDataBlockService
12-11 17:56:36.472  1248  1248 D SystemServerTiming: OnBootPhase_550_com.android.server.testharness.TestHarnessModeService
12-11 17:56:36.472  1248  1248 D SystemServerTiming: OnBootPhase_550_com.android.server.oemlock.OemLockService
12-11 17:56:36.472  1248  1248 D SystemServerTiming: OnBootPhase_550_com.android.server.DeviceIdleController
12-11 17:56:36.472  1248  1248 D SystemServerTiming: OnBootPhase_550_com.android.server.devicepolicy.DevicePolicyManagerService$Lifecycle
12-11 17:56:36.472  1248  1248 I DevicePolicyManager: Migrating password complexity to policy engine
12-11 17:56:36.472  1248  1248 I DevicePolicyManager: ResetPasswordWithToken not migrated because coexistence support is not enabled.
12-11 17:56:36.472  1248  1248 I DevicePolicyManager: Migrating suspended packages to policy engine
12-11 17:56:36.472  1248  1248 I DevicePolicyManager: Migrating set keyguard disabled features to policy engine
12-11 17:56:36.472  1248  1248 I DevicePolicyManager: Memory Tagging not migrated because coexistence support is disabled.
12-11 17:56:36.472  1248  1248 D SystemServerTiming: OnBootPhase_550_com.android.server.texttospeech.TextToSpeechManagerService
12-11 17:56:36.472  1248  1248 D SystemServerTiming: OnBootPhase_550_com.android.server.wearable.WearableSensingManagerService
12-11 17:56:36.472  1248  1248 D SystemServerTiming: OnBootPhase_550_com.android.server.ondeviceintelligence.OnDeviceIntelligenceManagerService
12-11 17:56:36.472  1248  1248 D SystemServerTiming: OnBootPhase_550_com.android.server.speech.SpeechRecognitionManagerService
12-11 17:56:36.472  1248  1248 D SystemServerTiming: OnBootPhase_550_com.android.server.graphics.fonts.FontManagerService$Lifecycle
12-11 17:56:36.472  1248  1248 D SystemServerTiming: OnBootPhase_550_com.android.server.textservices.TextServicesManagerService$Lifecycle
12-11 17:56:36.472  1248  1248 D SystemServerTiming: OnBootPhase_550_com.android.server.textclassifier.TextClassificationManagerService$Lifecycle
12-11 17:56:36.472  1248  1248 D SystemServerTiming: OnBootPhase_550_com.android.server.NetworkScoreService$Lifecycle
12-11 17:56:36.472  1248  1248 D SystemServerTiming: OnBootPhase_550_com.android.server.NetworkStatsServiceInitializer
12-11 17:56:36.473  1248  1483 E NativeTombstoneManager: Tombstone's UID (0) not an app, ignoring
12-11 17:56:36.476  1248  1483 E NativeTombstoneManager: Tombstone's UID (0) not an app, ignoring
12-11 17:56:36.480  1248  1483 E NativeTombstoneManager: Tombstone's UID (0) not an app, ignoring
12-11 17:56:36.481  1248  1483 E NativeTombstoneManager: Tombstone's UID (0) not an app, ignoring
12-11 17:56:36.486  1248  1499 I ActivityTaskManager: Config changes=100 {1.0 ?mcc0mnc [en_US] ldltr sw686dp w686dp h1097dp 280dpi lrg port night finger -keyb/v/h -nav/h winConfig={ mBounds=Rect(0, 0 - 1200, 1920) mAppBounds=Rect(0, 0 - 1200, 1920) mMaxBounds=Rect(0, 0 - 1200, 1920) mDisplayRotation=ROTATION_0 mWindowingMode=fullscreen mActivityType=undefined mAlwaysOnTop=undefined mRotation=ROTATION_0} s.8 fontWeightAdjustment=0}
12-11 17:56:36.487  1248  1499 I WindowManager: Override config changes=100 {1.0 ?mcc0mnc [en_US] ldltr sw686dp w686dp h1097dp 280dpi lrg port night finger -keyb/v/h -nav/h winConfig={ mBounds=Rect(0, 0 - 1200, 1920) mAppBounds=Rect(0, 0 - 1200, 1920) mMaxBounds=Rect(0, 0 - 1200, 1920) mDisplayRotation=ROTATION_0 mWindowingMode=fullscreen mActivityType=undefined mAlwaysOnTop=undefined mRotation=ROTATION_0} s.8 fontWeightAdjustment=0} for displayId=0
12-11 17:56:36.493  1248  1248 D SystemServerTiming: OnBootPhase_550_com.android.server.wifi.WifiService
12-11 17:56:36.493  1248  1248 D SystemServerTiming: OnBootPhase_550_com.android.server.wifi.scanner.WifiScanningService
12-11 17:56:36.493  1248  1248 D SystemServerTiming: OnBootPhase_550_com.android.server.wifi.p2p.WifiP2pService
12-11 17:56:36.493  1248  1248 D SystemServerTiming: OnBootPhase_550_com.android.server.ConnectivityServiceInitializer
12-11 17:56:36.494  1248  1248 D SystemServerTiming: OnBootPhase_550_com.android.server.ConnectivityServiceInitializerB
12-11 17:56:36.497  1248  1248 D SystemServerTiming: OnBootPhase_550_com.android.server.notification.NotificationManagerService
12-11 17:56:36.497  1248  1248 D SystemServerTiming: OnBootPhase_550_com.android.server.storage.DeviceStorageMonitorService
12-11 17:56:36.498  1248  1248 D SystemServerTiming: OnBootPhase_550_com.android.server.timedetector.TimeDetectorService$Lifecycle
12-11 17:56:36.498  1248  1248 D SystemServerTiming: OnBootPhase_550_com.android.server.location.LocationManagerService$Lifecycle
12-11 17:56:36.498  1248  1248 D SystemServerTiming: OnBootPhase_550_com.android.server.timezonedetector.TimeZoneDetectorService$Lifecycle
12-11 17:56:36.498  1248  1248 D SystemServerTiming: OnBootPhase_550_com.android.server.location.altitude.AltitudeService$Lifecycle
12-11 17:56:36.498  1248  1248 D SystemServerTiming: OnBootPhase_550_com.android.server.timezonedetector.location.LocationTimeZoneManagerService$Lifecycle
12-11 17:56:36.498  1248  1248 D SystemServerTiming: OnBootPhase_550_com.android.server.search.SearchManagerService$Lifecycle
12-11 17:56:36.498  1248  1248 D SystemServerTiming: OnBootPhase_550_com.android.server.wallpaper.WallpaperManagerService$Lifecycle
12-11 17:56:36.498  1248  1248 V WallpaperManagerService: bindWallpaperComponentLocked: componentName=ComponentInfo{com.android.systemui/com.android.systemui.wallpapers.ImageWallpaper}
12-11 17:56:36.499  1248  1248 D WallpaperManagerService: WPMS.bindWallpaperComponentLocked-ComponentInfo{com.android.systemui/com.android.systemui.wallpapers.ImageWallpaper}
12-11 17:56:36.499  1248  1558 I VcnManagementService: new snapshot: TelephonySubscriptionSnapshot{ mActiveDataSubId=-1, mSubIdToInfoMap={}, mSubIdToCarrierConfigMap={}, mPrivilegedPackages={} }
12-11 17:56:36.506  1248  1248 I WallpaperDataParser: No static wallpaper imagery; defaults will be shown
12-11 17:56:36.508  1248  1248 D WallpaperCropper: WPMS.generateCrop
12-11 17:56:36.508  1248  1248 W WallpaperCropper: Invalid wallpaper data
12-11 17:56:36.508  1248  1248 E WallpaperCropper: Unable to apply new wallpaper
12-11 17:56:36.509  1248  1248 D SystemServerTiming: OnBootPhase_550_com.android.server.audio.AudioService$Lifecycle
12-11 17:56:36.509  1248  1248 D SystemServerTiming: OnBootPhase_550_com.android.server.soundtrigger_middleware.SoundTriggerMiddlewareService$Lifecycle
12-11 17:56:36.509  1248  1248 D SystemServerTiming: OnBootPhase_550_com.android.server.DockObserver
12-11 17:56:36.509  1248  1248 D SystemServerTiming: OnBootPhase_550_com.android.server.midi.MidiService$Lifecycle
12-11 17:56:36.509  1248  1248 D SystemServerTiming: OnBootPhase_550_com.android.server.adb.AdbService$Lifecycle
12-11 17:56:36.510  1248  1248 D SystemServerTiming: OnBootPhase_550_com.android.server.usb.UsbService$Lifecycle
12-11 17:56:36.510  1248  1248 D SystemServerTiming: OnBootPhase_550_com.android.server.SerialService$Lifecycle
12-11 17:56:36.510  1248  1248 D SystemServerTiming: OnBootPhase_550_com.android.server.twilight.TwilightService
12-11 17:56:36.510  1248  1248 D SystemServerTiming: OnBootPhase_550_com.android.server.display.color.ColorDisplayService
12-11 17:56:36.510  1248  1248 D SystemServerTiming: OnBootPhase_550_com.android.server.job.JobSchedulerService
12-11 17:56:36.510  1248  1248 D SystemServerTiming: OnBootPhase_550_com.android.server.soundtrigger.SoundTriggerService
12-11 17:56:36.510  1248  1248 D SoundTriggerService: onBootPhase: 550 : false
12-11 17:56:36.510  1248  1485 D SystemServerTimingAsync: InitThreadPoolExec:UsbService$Lifecycle#onBootPhase
12-11 17:56:36.510  1248  1248 D SystemServerTiming: OnBootPhase_550_com.android.server.trust.TrustManagerService
12-11 17:56:36.510  1248  1248 D SystemServerTiming: OnBootPhase_550_com.android.server.backup.BackupManagerService$Lifecycle
12-11 17:56:36.510  1248  1248 D SystemServerTiming: OnBootPhase_550_com.android.server.appwidget.AppWidgetService
12-11 17:56:36.510  1248  1248 D SystemServerTiming: OnBootPhase_550_com.android.server.voiceinteraction.VoiceInteractionManagerService
12-11 17:56:36.510  1248  1248 D SystemServerTiming: OnBootPhase_550_com.android.server.GestureLauncherService
12-11 17:56:36.510  1248  1248 D SystemServerTiming: OnBootPhase_550_com.android.server.SensorNotificationService
12-11 17:56:36.510  1248  1248 D SystemServerTiming: OnBootPhase_550_com.android.server.emergency.EmergencyAffordanceService
12-11 17:56:36.510  1248  1248 D SystemServerTiming: OnBootPhase_550_com.android.server.blob.BlobStoreManagerService
12-11 17:56:36.511  1248  1248 D SystemServerTiming: OnBootPhase_550_com.android.server.dreams.DreamManagerService
12-11 17:56:36.511  1248  1248 D SystemServerTiming: OnBootPhase_550_com.android.server.print.PrintManagerService
12-11 17:56:36.511  1248  1248 D SystemServerTiming: OnBootPhase_550_com.android.server.security.AttestationVerificationManagerService
12-11 17:56:36.511  1248  1248 D SystemServerTiming: OnBootPhase_550_com.android.server.companion.CompanionDeviceManagerService
12-11 17:56:36.511  1248  1248 D SystemServerTiming: OnBootPhase_550_com.android.server.companion.virtual.VirtualDeviceManagerService
12-11 17:56:36.511  1248  1248 D SystemServerTiming: OnBootPhase_550_com.android.server.restrictions.RestrictionsManagerService
12-11 17:56:36.511  1248  1248 D SystemServerTiming: OnBootPhase_550_com.android.server.media.MediaSessionService
12-11 17:56:36.512  1248  1248 D SystemServerTiming: OnBootPhase_550_com.android.server.media.MediaResourceMonitorService
12-11 17:56:36.512  1248  1248 D SystemServerTiming: OnBootPhase_550_com.android.server.biometrics.BiometricService
12-11 17:56:36.512  1248  1248 D SystemServerTiming: OnBootPhase_550_com.android.server.biometrics.AuthService
12-11 17:56:36.512  1248  1248 D SystemServerTiming: OnBootPhase_550_com.android.server.security.authenticationpolicy.AuthenticationPolicyService
12-11 17:56:36.512  1248  1248 D SystemServerTiming: OnBootPhase_550_com.android.server.pm.ShortcutService$Lifecycle
12-11 17:56:36.512  1248  1248 D SystemServerTiming: OnBootPhase_550_com.android.server.pm.LauncherAppsService
12-11 17:56:36.512  1248  1248 D SystemServerTiming: OnBootPhase_550_com.android.server.pm.CrossProfileAppsService
12-11 17:56:36.512  1248  1248 D SystemServerTiming: OnBootPhase_550_com.android.server.people.PeopleService
12-11 17:56:36.512  1248  1248 D SystemServerTiming: OnBootPhase_550_com.android.server.media.metrics.MediaMetricsManagerService
12-11 17:56:36.512  1248  1248 D SystemServerTiming: OnBootPhase_550_com.android.server.pm.BackgroundInstallControlService
12-11 17:56:36.512  1248  1248 D SystemServerTiming: OnBootPhase_550_com.android.server.media.projection.MediaProjectionManagerService
12-11 17:56:36.512  1248  1248 D SystemServerTiming: OnBootPhase_550_com.android.server.slice.SliceManagerService$Lifecycle
12-11 17:56:36.512  1248  1248 D SystemServerTiming: OnBootPhase_550_com.android.server.stats.StatsCompanion$Lifecycle
12-11 17:56:36.512  1248  1248 D SystemServerTiming: OnBootPhase_550_com.android.server.scheduling.RebootReadinessManagerService$Lifecycle
12-11 17:56:36.512  1248  1248 D SystemServerTiming: OnBootPhase_550_com.android.server.stats.pull.StatsPullAtomService
12-11 17:56:36.512  1248  1248 D SystemServerTiming: OnBootPhase_550_com.android.server.stats.bootstrap.StatsBootstrapAtomService$Lifecycle
12-11 17:56:36.512  1248  1248 D SystemServerTiming: OnBootPhase_550_com.android.server.incident.IncidentCompanionService
12-11 17:56:36.512  1248  1248 D SystemServerTiming: OnBootPhase_550_com.android.server.sdksandbox.SdkSandboxManagerService$Lifecycle
12-11 17:56:36.512  1248  1248 D SystemServerTiming: OnBootPhase_550_com.android.server.adservices.AdServicesManagerService$Lifecycle
12-11 17:56:36.512  1248  1248 D SystemServerTiming: OnBootPhase_550_com.android.server.ondevicepersonalization.OnDevicePersonalizationSystemService$Lifecycle
12-11 17:56:36.512  1248  1248 D SystemServerTiming: OnBootPhase_550_android.os.profiling.ProfilingService$Lifecycle
12-11 17:56:36.512  1248  1248 D SystemServerTiming: OnBootPhase_550_com.android.server.MmsServiceBroker
12-11 17:56:36.512  1248  1248 D SystemServerTiming: OnBootPhase_550_com.android.server.autofill.AutofillManagerService
12-11 17:56:36.512  1248  1248 D SystemServerTiming: OnBootPhase_550_com.android.server.credentials.CredentialManagerService
12-11 17:56:36.512  1248  1248 D SystemServerTiming: OnBootPhase_550_com.android.server.clipboard.ClipboardService
12-11 17:56:36.512  1248  1248 D SystemServerTiming: OnBootPhase_550_com.android.server.appbinding.AppBindingService$Lifecycle
12-11 17:56:36.513  1248  1248 I AppBindingService: Updating constants with: null
12-11 17:56:36.513  1248  1248 D SystemServerTiming: OnBootPhase_550_com.android.server.tracing.TracingServiceProxy
12-11 17:56:36.513  1248  1248 D SystemServerTiming: OnBootPhase_550_org.lineageos.platform.internal.ProfileManagerService
12-11 17:56:36.516  1248  1501 I UsbPortManager: ClientCallback V1_2: port0
12-11 17:56:36.516   997   997 W wificond: Failed to get NL80211_ATTR_MAX_NUM_AKM_SUITES
12-11 17:56:36.516  1248  1292 I ActivityManager: Start proc 1633:com.android.systemui/u0a141 for service {com.android.systemui/com.android.systemui.wallpapers.ImageWallpaper}
12-11 17:56:36.517  1248  1565 W BroadcastLoopers: Found previously unknown looper Thread[AudioDeviceBroker,5,main]
12-11 17:56:36.517   997   997 W wificond: Failed to get NL80211_ATTR_MAX_NUM_AKM_SUITES
12-11 17:56:36.517  1248  1277 I UsbPortManager: USB port added: port=UsbPort{id=port0, supportedModes=dual, supportedContaminantProtectionModes=1, supportsEnableContaminantPresenceProtection=false, supportsEnableContaminantPresenceDetection=false, supportsComplianceWarnings=false, status=UsbPortStatus{connected=true, currentMode=ufp, currentPowerRole=sink, currentDataRole=device, supportedRoleCombinations=[source:host, sink:device], contaminantDetectionStatus=2, contaminantProtectionStatus=0, usbDataStatus=unknown, isPowerTransferLimited=false, powerBrickConnectionStatus=unknown, complianceWarnings=[], plugState=0, displayPortAltModeInfo=null}, canChangeMode=true, canChangePowerRole=false, canChangeDataRole=false, connectedAtMillis=16112, lastConnectDurationMillis=0
12-11 17:56:36.520  1248  1248 D SystemServerTiming: OnBootPhase_550_org.lineageos.platform.internal.LineageHardwareService
12-11 17:56:36.520  1248  1248 D SystemServerTiming: OnBootPhase_550_org.lineageos.platform.internal.display.LiveDisplayService
12-11 17:56:36.520  1248  1248 D SystemServerTiming: OnBootPhase_550_org.lineageos.platform.internal.TrustInterfaceService
12-11 17:56:36.520  1248  1248 D SystemServerTiming: OnBootPhase_550_org.lineageos.platform.internal.LineageSettingsService
12-11 17:56:36.520  1248  1248 D SystemServerTiming: OnBootPhase_550_org.lineageos.platform.internal.LineageGlobalActionsService
12-11 17:56:36.520  1248  1248 D SystemServerTiming: OnBootPhase_550_org.lineageos.platform.internal.health.HealthInterfaceService
12-11 17:56:36.520  1248  1248 D SystemServerTiming: OnBootPhase_550_com.android.server.policy.PermissionPolicyService
12-11 17:56:36.521  1248  1248 D SystemServerTiming: Permission_grant_default_permissions-0
12-11 17:56:36.521  1248  1248 D SystemServerTiming: Permission_synchronize_permissions-0
12-11 17:56:36.522  1248  1248 D SystemServerTiming: Permission_synchronize_addPackages-0
12-11 17:56:36.522   997   997 W wificond: Failed to get NL80211_ATTR_MAX_NUM_AKM_SUITES
12-11 17:56:36.533   997   997 W wificond: Failed to get NL80211_ATTR_MAX_NUM_AKM_SUITES
12-11 17:56:36.534   997   997 W wificond: Failed to get NL80211_ATTR_MAX_NUM_AKM_SUITES
12-11 17:56:36.534  1248  1292 I ActivityManager: Start proc 1636:com.android.permissioncontroller/u0a152 for service {com.android.permissioncontroller/com.android.permissioncontroller.permission.service.PermissionControllerServiceImpl}
12-11 17:56:36.535   997   997 W wificond: Failed to get NL80211_ATTR_MAX_NUM_AKM_SUITES
12-11 17:56:36.549  1248  1248 D SystemServerTiming: Permission_syncPackages-0
12-11 17:56:36.550  1248  1270 D CompatChangeReporter: Compat change id reported: 151861875; UID 10141; state: ENABLED
12-11 17:56:36.551  1248  1270 D GameManagerService: User ID '0' does not have a Game Mode selected for package: 'com.android.systemui'
12-11 17:56:36.554  1248  1248 D SystemServerTiming: OnBootPhase_550_com.android.server.pm.StagingManager$Lifecycle
12-11 17:56:36.554  1248  1248 D SystemServerTiming: OnBootPhase_550_com.android.server.crashrecovery.CrashRecoveryModule$Lifecycle
12-11 17:56:36.554  1248  1248 D SystemServerTiming: OnBootPhase_550_com.android.server.app.GameManagerService$Lifecycle
12-11 17:56:36.554  1248  1248 D SystemServerTiming: OnBootPhase_550_com.android.safetycenter.SafetyCenterService
12-11 17:56:36.554  1248  1248 D SystemServerTiming: OnBootPhase_550_com.android.server.appsearch.AppSearchModule$Lifecycle
12-11 17:56:36.554  1248  1248 D SystemServerTiming: OnBootPhase_550_com.android.server.media.MediaCommunicationService
12-11 17:56:36.554  1248  1248 D SystemServerTiming: OnBootPhase_550_com.android.server.compat.overrides.AppCompatOverridesService$Lifecycle
12-11 17:56:36.554  1248  1248 D SystemServerTiming: OnBootPhase_550_com.android.server.healthconnect.HealthConnectManagerService
12-11 17:56:36.554  1248  1248 D SystemServerTiming: OnBootPhase_550_com.android.server.devicelock.DeviceLockService
12-11 17:56:36.554  1248  1248 D DeviceLockService: onBootPhase: 550
12-11 17:56:36.554  1248  1248 D SystemServerTiming: OnBootPhase_550_com.android.server.SensitiveContentProtectionManagerService
12-11 17:56:36.554  1248  1248 D SystemServerTiming: StartObservingNativeCrashes
12-11 17:56:36.554  1248  1248 D SystemServerTiming: RegisterAppOpsPolicy
12-11 17:56:36.558  1248  1248 D SystemServerTiming: MakeNetworkManagementServiceReady
12-11 17:56:36.558  1248  1497 D SystemServerTimingAsync: InitThreadPoolExec:WebViewFactoryPreparation
12-11 17:56:36.559  1248  1497 I SystemServer: WebViewFactoryPreparation
12-11 17:56:36.559  1248  1497 D SystemServerTimingAsync: WebViewFactoryPreparation
12-11 17:56:36.559  1248  1623 D CompatChangeReporter: Compat change id reported: 151861875; UID 10152; state: ENABLED
12-11 17:56:36.559  1248  1623 D GameManagerService: User ID '0' does not have a Game Mode selected for package: 'com.android.permissioncontroller'
12-11 17:56:36.561  1248  1497 W PinnerService: Could not find pinlist.meta for "/product/app/webview/webview.apk": pinning as blob
12-11 17:56:36.563  1248  1248 D SystemServerTiming: MakeConnectivityServiceReady
12-11 17:56:36.564  1248  1300 W BatteryExternalStatsWorker: error reading modem stats:ERROR_PHONE_NOT_AVAILABLE
12-11 17:56:36.566  1248  1480 E JobScheduler.Quota: maybeScheduleStartAlarmLocked called for <0>com.android.permissioncontroller that has no jobs
12-11 17:56:36.566  1248  1480 E JobScheduler.Quota: maybeScheduleStartAlarmLocked called for <0>com.android.permissioncontroller that has no jobs
12-11 17:56:36.588  1248  1248 D SystemServerTiming: MakeVpnManagerServiceReady
12-11 17:56:36.593  1248  1248 D SystemServerTiming: MakeNetworkPolicyServiceReady
12-11 17:56:36.596  1248  1497 E AppOps  : Bad call made by uid 1000. Package "android" does not belong to uid 1037.
12-11 17:56:36.596  1248  1497 E AppOps  : Cannot checkOperation: non-application UID 1037
12-11 17:56:36.605  1248  1292 I ActivityManager: Start proc 1674:WebViewLoader-arm64-v8a/1037 [android.webkit.WebViewLibraryLoader$RelroFileCreator] for 
12-11 17:56:36.632  1248  1270 D GameManagerService: User ID '0' does not have a Game Mode selected for package: 'android'
12-11 17:56:36.635  1248  1541 W BroadcastLoopers: Found previously unknown looper Thread[NetworkStats,5,main]
12-11 17:56:36.641  1248  1466 W PackageManager: Invalid dex load report. loadingPackageName=null, uid=1037
12-11 17:56:36.649  1633  1633 V WindowManagerShell: Adding init callback for RecentTasksController
12-11 17:56:36.655  1633  1633 V WindowManagerShell: Adding init callback for ShellTaskOrganizer
12-11 17:56:36.656  1248  1248 D SystemServerTiming: PhaseThirdPartyAppsCanStart
12-11 17:56:36.656  1248  1248 I SystemServiceManager: Starting phase 600
12-11 17:56:36.656  1248  1248 D SystemServerTiming: OnBootPhase_600
12-11 17:56:36.656  1248  1248 D SystemServerTiming: OnBootPhase_600_com.android.server.security.FileIntegrityService
12-11 17:56:36.656  1248  1248 D SystemServerTiming: OnBootPhase_600_com.android.server.pm.Installer
12-11 17:56:36.656  1248  1248 D SystemServerTiming: OnBootPhase_600_com.android.server.os.DeviceIdentifiersPolicyService
12-11 17:56:36.656  1248  1248 D SystemServerTiming: OnBootPhase_600_com.android.server.flags.FeatureFlagsService
12-11 17:56:36.656  1248  1248 D SystemServerTiming: OnBootPhase_600_com.android.server.uri.UriGrantsManagerService$Lifecycle
12-11 17:56:36.656  1248  1248 D SystemServerTiming: OnBootPhase_600_com.android.server.powerstats.PowerStatsService
12-11 17:56:36.656  1248  1248 D SystemServerTiming: OnBootPhase_600_com.android.server.permission.access.AccessCheckingService
12-11 17:56:36.656  1248  1248 D SystemServerTiming: OnBootPhase_600_com.android.server.wm.ActivityTaskManagerService$Lifecycle
12-11 17:56:36.656  1248  1248 D SystemServerTiming: OnBootPhase_600_com.android.server.am.ActivityManagerService$Lifecycle
12-11 17:56:36.656  1248  1248 D ActivityManager: ThemeHomeDelay: Home launch is not delayable, skipping timeout creation
12-11 17:56:36.657  1248  1248 D SystemServerTiming: OnBootPhase_600_com.android.server.pm.DataLoaderManagerService
12-11 17:56:36.657  1248  1248 D SystemServerTiming: OnBootPhase_600_com.android.server.power.PowerManagerService
12-11 17:56:36.657  1248  1248 D SystemServerTiming: OnBootPhase_600_com.android.server.power.ThermalManagerService
12-11 17:56:36.657  1248  1248 D SystemServerTiming: OnBootPhase_600_com.android.server.recoverysystem.RecoverySystemService$Lifecycle
12-11 17:56:36.657  1248  1248 D SystemServerTiming: OnBootPhase_600_com.android.server.lights.LightsService
12-11 17:56:36.657  1248  1248 D SystemServerTiming: OnBootPhase_600_com.android.server.display.DisplayManagerService
12-11 17:56:36.657  1248  1248 D SystemServerTiming: OnBootPhase_600_com.android.server.pm.verify.domain.DomainVerificationService
12-11 17:56:36.657  1248  1248 D SystemServerTiming: OnBootPhase_600_com.android.server.pm.PackageInstallerService$Lifecycle
12-11 17:56:36.657  1248  1248 D SystemServerTiming: OnBootPhase_600_com.android.server.pm.UserManagerService$LifeCycle
12-11 17:56:36.657  1248  1248 D SystemServerTiming: OnBootPhase_600_com.android.server.om.OverlayManagerService
12-11 17:56:36.657  1248  1248 D SystemServerTiming: OnBootPhase_600_com.android.server.resources.ResourcesManagerService
12-11 17:56:36.657  1248  1248 D SystemServerTiming: OnBootPhase_600_com.android.server.sensorprivacy.SensorPrivacyService
12-11 17:56:36.657  1248  1248 D SystemServerTiming: OnBootPhase_600_com.android.server.sensors.SensorService
12-11 17:56:36.657  1248  1248 D SystemServerTiming: OnBootPhase_600_com.android.server.SystemConfigService
12-11 17:56:36.657  1248  1248 D SystemServerTiming: OnBootPhase_600_com.android.server.BatteryService
12-11 17:56:36.657  1248  1248 D SystemServerTiming: OnBootPhase_600_com.android.server.usage.UsageStatsService
12-11 17:56:36.657  1248  1248 D SystemServerTiming: OnBootPhase_600_com.android.server.webkit.WebViewUpdateService
12-11 17:56:36.657  1248  1248 D SystemServerTiming: OnBootPhase_600_com.android.server.CachedDeviceStateService
12-11 17:56:36.657  1248  1248 D SystemServerTiming: OnBootPhase_600_com.android.server.BinderCallsStatsService$LifeCycle
12-11 17:56:36.657  1248  1248 D SystemServerTiming: OnBootPhase_600_com.android.server.LooperStatsService$Lifecycle
12-11 17:56:36.657  1248  1248 D SystemServerTiming: OnBootPhase_600_com.android.server.rollback.RollbackManagerService
12-11 17:56:36.657  1248  1248 D SystemServerTiming: OnBootPhase_600_com.android.server.os.NativeTombstoneManagerService
12-11 17:56:36.657  1248  1248 D SystemServerTiming: OnBootPhase_600_com.android.server.os.BugreportManagerService
12-11 17:56:36.657  1248  1248 D SystemServerTiming: OnBootPhase_600_com.android.server.gpu.GpuService
12-11 17:56:36.657  1248  1248 D SystemServerTiming: OnBootPhase_600_com.android.server.security.rkp.RemoteProvisioningService
12-11 17:56:36.657  1248  1248 D SystemServerTiming: OnBootPhase_600_com.android.server.security.KeyChainSystemService
12-11 17:56:36.657  1248  1248 D SystemServerTiming: OnBootPhase_600_com.android.server.BinaryTransparencyService
12-11 17:56:36.657  1248  1248 D SystemServerTiming: OnBootPhase_600_com.android.server.telecom.TelecomLoaderService
12-11 17:56:36.657  1248  1248 D SystemServerTiming: OnBootPhase_600_com.android.server.accounts.AccountManagerService$Lifecycle
12-11 17:56:36.657  1248  1248 D SystemServerTiming: OnBootPhase_600_com.android.server.content.ContentService$Lifecycle
12-11 17:56:36.657  1248  1248 D SystemServerTiming: OnBootPhase_600_com.android.server.deviceconfig.DeviceConfigInit$Lifecycle
12-11 17:56:36.657  1248  1248 D SystemServerTiming: OnBootPhase_600_com.android.server.DropBoxManagerService
12-11 17:56:36.657  1248  1248 D SystemServerTiming: OnBootPhase_600_com.android.ecm.EnhancedConfirmationService
12-11 17:56:36.657  1248  1248 D SystemServerTiming: OnBootPhase_600_com.android.server.power.hint.HintManagerService
12-11 17:56:36.657  1248  1248 D SystemServerTiming: OnBootPhase_600_com.android.role.RoleService
12-11 17:56:36.657  1248  1248 D SystemServerTiming: OnBootPhase_600_com.android.server.vibrator.VibratorManagerService$Lifecycle
12-11 17:56:36.657  1248  1248 D SystemServerTiming: OnBootPhase_600_com.android.server.alarm.AlarmManagerService
12-11 17:56:36.657  1248  1248 D SystemServerTiming: OnBootPhase_600_com.android.server.devicestate.DeviceStateManagerService
12-11 17:56:36.657  1248  1248 D SystemServerTiming: OnBootPhase_600_com.android.server.camera.CameraServiceProxy
12-11 17:56:36.657  1248  1248 D SystemServerTiming: OnBootPhase_600_com.android.server.bluetooth.BluetoothService
12-11 17:56:36.657  1248  1248 D SystemServerTiming: OnBootPhase_600_com.android.server.connectivity.IpConnectivityMetrics
12-11 17:56:36.657  1248  1248 D SystemServerTiming: OnBootPhase_600_com.android.server.net.watchlist.NetworkWatchlistService$Lifecycle
12-11 17:56:36.657  1248  1248 D SystemServerTiming: OnBootPhase_600_com.android.server.pinner.PinnerService
12-11 17:56:36.657  1248  1248 D SystemServerTiming: OnBootPhase_600_com.android.server.integrity.AppIntegrityManagerService
12-11 17:56:36.657  1248  1248 D SystemServerTiming: OnBootPhase_600_com.android.server.logcat.LogcatManagerService
12-11 17:56:36.657  1248  1248 D SystemServerTiming: OnBootPhase_600_com.android.server.inputmethod.InputMethodManagerService$Lifecycle
12-11 17:56:36.657  1248  1248 D SystemServerTiming: OnBootPhase_600_com.android.server.accessibility.AccessibilityManagerService$Lifecycle
12-11 17:56:36.659  1248  1248 D SystemServerTiming: OnBootPhase_600_com.android.server.StorageManagerService$Lifecycle
12-11 17:56:36.659  1248  1248 D SystemServerTiming: OnBootPhase_600_com.android.server.usage.StorageStatsService$Lifecycle
12-11 17:56:36.659  1248  1248 D SystemServerTiming: OnBootPhase_600_com.android.server.UiModeManagerService
12-11 17:56:36.659  1248  1248 D SystemServerTiming: OnBootPhase_600_com.android.server.locales.LocaleManagerService
12-11 17:56:36.659  1248  1248 D SystemServerTiming: OnBootPhase_600_com.android.server.grammaticalinflection.GrammaticalInflectionService
12-11 17:56:36.659  1248  1248 D SystemServerTiming: OnBootPhase_600_com.android.server.apphibernation.AppHibernationService
12-11 17:56:36.659  1248  1248 D SystemServerTiming: OnBootPhase_600_com.android.server.locksettings.LockSettingsService$Lifecycle
12-11 17:56:36.659  1248  1248 D SystemServerTiming: OnBootPhase_600_com.android.server.pdb.PersistentDataBlockService
12-11 17:56:36.659  1248  1248 D SystemServerTiming: OnBootPhase_600_com.android.server.testharness.TestHarnessModeService
12-11 17:56:36.659  1248  1248 D SystemServerTiming: OnBootPhase_600_com.android.server.oemlock.OemLockService
12-11 17:56:36.659  1248  1248 D SystemServerTiming: OnBootPhase_600_com.android.server.DeviceIdleController
12-11 17:56:36.659  1248  1248 D SystemServerTiming: OnBootPhase_600_com.android.server.devicepolicy.DevicePolicyManagerService$Lifecycle
12-11 17:56:36.659  1248  1248 D SystemServerTiming: OnBootPhase_600_com.android.server.texttospeech.TextToSpeechManagerService
12-11 17:56:36.660  1248  1248 D SystemServerTiming: OnBootPhase_600_com.android.server.wearable.WearableSensingManagerService
12-11 17:56:36.660  1248  1248 D SystemServerTiming: OnBootPhase_600_com.android.server.ondeviceintelligence.OnDeviceIntelligenceManagerService
12-11 17:56:36.660  1248  1248 D SystemServerTiming: OnBootPhase_600_com.android.server.speech.SpeechRecognitionManagerService
12-11 17:56:36.660  1248  1248 D SystemServerTiming: OnBootPhase_600_com.android.server.graphics.fonts.FontManagerService$Lifecycle
12-11 17:56:36.660  1248  1248 D SystemServerTiming: OnBootPhase_600_com.android.server.textservices.TextServicesManagerService$Lifecycle
12-11 17:56:36.660  1248  1248 D SystemServerTiming: OnBootPhase_600_com.android.server.textclassifier.TextClassificationManagerService$Lifecycle
12-11 17:56:36.660  1248  1248 D SystemServerTiming: OnBootPhase_600_com.android.server.NetworkScoreService$Lifecycle
12-11 17:56:36.661  1248  1248 D SystemServerTiming: OnBootPhase_600_com.android.server.NetworkStatsServiceInitializer
12-11 17:56:36.661  1248  1248 D SystemServerTiming: OnBootPhase_600_com.android.server.wifi.WifiService
12-11 17:56:36.661  1248  1248 D SystemServerTiming: OnBootPhase_600_com.android.server.wifi.scanner.WifiScanningService
12-11 17:56:36.661  1248  1248 D SystemServerTiming: OnBootPhase_600_com.android.server.wifi.p2p.WifiP2pService
12-11 17:56:36.661  1248  1248 D SystemServerTiming: OnBootPhase_600_com.android.server.ConnectivityServiceInitializer
12-11 17:56:36.661  1248  1248 D SystemServerTiming: OnBootPhase_600_com.android.server.ConnectivityServiceInitializerB
12-11 17:56:36.661  1248  1248 D SystemServerTiming: OnBootPhase_600_com.android.server.notification.NotificationManagerService
12-11 17:56:36.670  1248  1248 D SystemServerTiming: OnBootPhase_600_com.android.server.storage.DeviceStorageMonitorService
12-11 17:56:36.670  1248  1248 D SystemServerTiming: OnBootPhase_600_com.android.server.timedetector.TimeDetectorService$Lifecycle
12-11 17:56:36.670  1248  1248 D SystemServerTiming: OnBootPhase_600_com.android.server.location.LocationManagerService$Lifecycle
12-11 17:56:36.674  1633  1633 V WindowManagerShell: Adding init callback for OneHandedController
12-11 17:56:36.676  1633  1633 V WindowManagerShell: Adding init callback for RootTaskDisplayAreaOrganizer
12-11 17:56:36.679  1633  1633 V WindowManagerShell: Adding init callback for DefaultTransitionHandler
12-11 17:56:36.679  1633  1633 V WindowManagerShell: addHandler: Default
12-11 17:56:36.679  1633  1633 V WindowManagerShell: addHandler: Remote
12-11 17:56:36.679  1633  1633 V WindowManagerShell: Adding init callback for Transitions
12-11 17:56:36.681  1633  1633 V WindowManagerShell: Adding init callback for DragAndDropController
12-11 17:56:36.682  1633  1633 V WindowManagerShell: Adding init callback for BubbleController
12-11 17:56:36.686  1633  1633 V WindowManagerShell: Adding init callback for DesktopImmersiveController
12-11 17:56:36.687  1633  1633 V WindowManagerShell: Adding init callback for DesktopMixedTransitionHandler
12-11 17:56:36.688  1633  1633 V WindowManagerShell: Adding init callback for DesktopModeLoggerTransitionObserver
12-11 17:56:36.688  1633  1633 V WindowManagerShell: Adding init callback for RecentsTransitionHandler
12-11 17:56:36.690  1633  1633 V WindowManagerShell: Adding init callback for DesktopTasksController
12-11 17:56:36.695  1633  1633 V WindowManagerShell: Adding init callback for DesktopActivityOrientationChangeHandler
12-11 17:56:36.696  1633  1633 V WindowManagerShell: Adding init callback for DesktopModeWindowDecorViewModel
12-11 17:56:36.697  1633  1633 V WindowManagerShell: Adding init callback for SplitScreenController
12-11 17:56:36.697  1633  1633 V WindowManagerShell: Adding init callback for FullscreenTaskListener
12-11 17:56:36.700  1633  1633 V WindowManagerShell: Adding init callback for FreeformTaskTransitionStarterInitializer
12-11 17:56:36.701  1633  1633 V WindowManagerShell: Adding init callback for ActivityEmbeddingController
12-11 17:56:36.705  1248  1248 D SystemServerTiming: OnBootPhase_600_com.android.server.timezonedetector.TimeZoneDetectorService$Lifecycle
12-11 17:56:36.705  1248  1248 D SystemServerTiming: OnBootPhase_600_com.android.server.location.altitude.AltitudeService$Lifecycle
12-11 17:56:36.705  1248  1248 D SystemServerTiming: OnBootPhase_600_com.android.server.timezonedetector.location.LocationTimeZoneManagerService$Lifecycle
12-11 17:56:36.705  1248  1248 D SystemServerTiming: OnBootPhase_600_com.android.server.search.SearchManagerService$Lifecycle
12-11 17:56:36.705  1248  1248 D SystemServerTiming: OnBootPhase_600_com.android.server.wallpaper.WallpaperManagerService$Lifecycle
12-11 17:56:36.705  1248  1248 D WallpaperManagerService: Wallpaper_switch-user-0
12-11 17:56:36.705  1248  1248 V WallpaperManagerService: bindWallpaperComponentLocked: componentName=ComponentInfo{com.android.systemui/com.android.systemui.wallpapers.ImageWallpaper}
12-11 17:56:36.705  1248  1248 D WallpaperManagerService: WPMS.bindWallpaperComponentLocked-ComponentInfo{com.android.systemui/com.android.systemui.wallpapers.ImageWallpaper}
12-11 17:56:36.707  1248  1248 D SystemServerTiming: OnBootPhase_600_com.android.server.audio.AudioService$Lifecycle
12-11 17:56:36.707  1248  1248 D SystemServerTiming: OnBootPhase_600_com.android.server.soundtrigger_middleware.SoundTriggerMiddlewareService$Lifecycle
12-11 17:56:36.707  1248  1248 D SystemServerTiming: OnBootPhase_600_com.android.server.DockObserver
12-11 17:56:36.707  1248  1248 D SystemServerTiming: OnBootPhase_600_com.android.server.midi.MidiService$Lifecycle
12-11 17:56:36.707  1248  1248 D SystemServerTiming: OnBootPhase_600_com.android.server.adb.AdbService$Lifecycle
12-11 17:56:36.707  1248  1248 D SystemServerTiming: OnBootPhase_600_com.android.server.usb.UsbService$Lifecycle
12-11 17:56:36.707  1248  1248 D SystemServerTiming: OnBootPhase_600_com.android.server.SerialService$Lifecycle
12-11 17:56:36.707  1248  1248 D SystemServerTiming: OnBootPhase_600_com.android.server.twilight.TwilightService
12-11 17:56:36.707  1248  1248 D SystemServerTiming: OnBootPhase_600_com.android.server.display.color.ColorDisplayService
12-11 17:56:36.707  1248  1248 D SystemServerTiming: OnBootPhase_600_com.android.server.job.JobSchedulerService
12-11 17:56:36.710  1248  1248 D SystemServerTiming: OnBootPhase_600_com.android.server.soundtrigger.SoundTriggerService
12-11 17:56:36.710  1248  1248 D SoundTriggerService: onBootPhase: 600 : false
12-11 17:56:36.713  1248  1248 D SystemServerTiming: OnBootPhase_600_com.android.server.trust.TrustManagerService
12-11 17:56:36.718   547   547 I keystore2: system/security/keystore2/src/authorization.rs:128 - on_device_unlocked(user_id=0, password.is_some()=false)
12-11 17:56:36.718  1633  1633 V WindowManagerShell: Adding init callback for PipTransition
12-11 17:56:36.719  1248  1248 D SystemServerTiming: OnBootPhase_600_com.android.server.backup.BackupManagerService$Lifecycle
12-11 17:56:36.719  1248  1248 D SystemServerTiming: OnBootPhase_600_com.android.server.appwidget.AppWidgetService
12-11 17:56:36.719  1248  1248 D SystemServerTiming: OnBootPhase_600_com.android.server.voiceinteraction.VoiceInteractionManagerService
12-11 17:56:36.720  1248  1248 D SystemServerTiming: OnBootPhase_600_com.android.server.GestureLauncherService
12-11 17:56:36.721  1633  1633 V WindowManagerShell: Adding init callback for PerfHintController
12-11 17:56:36.725  1633  1633 V WindowManagerShell: Adding init callback for PipTransition
12-11 17:56:36.725  1633  1633 V WindowManagerShell: Adding init callback for KeyguardTransitionHandler
12-11 17:56:36.726  1633  1633 V WindowManagerShell: Adding init callback for DefaultMixedHandler
12-11 17:56:36.727  1248  1623 I ActivityManager: Process WebViewLoader-arm64-v8a (pid 1674) has died: psvc PER 
12-11 17:56:36.728  1248  1278 D DisplayManagerService: Drop pending events for gone uid 1037
12-11 17:56:36.731  1248  1248 D SystemServerTiming: OnBootPhase_600_com.android.server.SensorNotificationService
12-11 17:56:36.732  1248  1248 D SystemServerTiming: OnBootPhase_600_com.android.server.emergency.EmergencyAffordanceService
12-11 17:56:36.733  1633  1633 V WindowManagerShell: Adding init callback for StartingWindowController
12-11 17:56:36.733  1633  1633 V WindowManagerShell: Adding init callback for ProtoLogController
12-11 17:56:36.735  1633  1633 V WindowManagerShell: Adding init callback for TransitionStateHolder
12-11 17:56:36.738  1633  1633 V WindowManagerShell: Adding init callback for BackAnimationController
12-11 17:56:36.739  1633  1633 V WindowManagerShell: addHandler: BackAnimationController$BackTransitionHandler
12-11 17:56:36.740  1633  1633 V WindowManagerShell: Adding init callback for DesktopTasksTransitionObserver
12-11 17:56:36.742  1248  1248 D SystemServerTiming: OnBootPhase_600_com.android.server.blob.BlobStoreManagerService
12-11 17:56:36.742  1633  1633 V WindowManagerShell: Adding init callback for PipTouchHandler
12-11 17:56:36.743  1633  1633 V WindowManagerShell: Adding init callback for DevicePostureController
12-11 17:56:36.743  1633  1633 V WindowManagerShell: Adding init callback for TabletopModeController
12-11 17:56:36.744  1633  1633 V WindowManagerShell: Adding init callback for PipController
12-11 17:56:36.745  1248  1248 D SystemServerTiming: OnBootPhase_600_com.android.server.dreams.DreamManagerService
12-11 17:56:36.745  1633  1633 V WindowManagerShell: Adding init callback for RootDisplayAreaOrganizer
12-11 17:56:36.746  1248  1248 D SystemServerTiming: OnBootPhase_600_com.android.server.print.PrintManagerService
12-11 17:56:36.746  1248  1248 D SystemServerTiming: OnBootPhase_600_com.android.server.security.AttestationVerificationManagerService
12-11 17:56:36.746  1248  1248 D SystemServerTiming: OnBootPhase_600_com.android.server.companion.CompanionDeviceManagerService
12-11 17:56:36.746  1248  1248 D SystemServerTiming: OnBootPhase_600_com.android.server.companion.virtual.VirtualDeviceManagerService
12-11 17:56:36.746  1248  1248 D SystemServerTiming: OnBootPhase_600_com.android.server.restrictions.RestrictionsManagerService
12-11 17:56:36.746  1248  1248 D SystemServerTiming: OnBootPhase_600_com.android.server.media.MediaSessionService
12-11 17:56:36.746  1248  1248 D SystemServerTiming: OnBootPhase_600_com.android.server.media.MediaResourceMonitorService
12-11 17:56:36.746  1248  1248 D SystemServerTiming: OnBootPhase_600_com.android.server.biometrics.BiometricService
12-11 17:56:36.746  1248  1248 D SystemServerTiming: OnBootPhase_600_com.android.server.biometrics.AuthService
12-11 17:56:36.746  1248  1248 D SystemServerTiming: OnBootPhase_600_com.android.server.security.authenticationpolicy.AuthenticationPolicyService
12-11 17:56:36.746  1248  1248 D SystemServerTiming: OnBootPhase_600_com.android.server.pm.ShortcutService$Lifecycle
12-11 17:56:36.746  1248  1248 D SystemServerTiming: OnBootPhase_600_com.android.server.pm.LauncherAppsService
12-11 17:56:36.746  1248  1248 D SystemServerTiming: OnBootPhase_600_com.android.server.pm.CrossProfileAppsService
12-11 17:56:36.746  1248  1248 D SystemServerTiming: OnBootPhase_600_com.android.server.people.PeopleService
12-11 17:56:36.746  1248  1248 D SystemServerTiming: OnBootPhase_600_com.android.server.media.metrics.MediaMetricsManagerService
12-11 17:56:36.746  1248  1248 D SystemServerTiming: OnBootPhase_600_com.android.server.pm.BackgroundInstallControlService
12-11 17:56:36.746  1248  1248 D SystemServerTiming: OnBootPhase_600_com.android.server.media.projection.MediaProjectionManagerService
12-11 17:56:36.746  1248  1248 D SystemServerTiming: OnBootPhase_600_com.android.server.slice.SliceManagerService$Lifecycle
12-11 17:56:36.746  1248  1248 D SystemServerTiming: OnBootPhase_600_com.android.server.stats.StatsCompanion$Lifecycle
12-11 17:56:36.747  1633  1673 V WindowManagerShell: Initializing Shell Components: 42
12-11 17:56:36.749  1633  1673 V WindowManagerShell: 	DisplayChangeController init took 1ms
12-11 17:56:36.751  1633  1673 V WindowManagerShell: 	DisplayController init took 1ms
12-11 17:56:36.752  1633  1673 V WindowManagerShell: 	DisplayInsetsController init took 1ms
12-11 17:56:36.753  1248  1248 D SystemServerTiming: OnBootPhase_600_com.android.server.scheduling.RebootReadinessManagerService$Lifecycle
12-11 17:56:36.753  1633  1673 V WindowManagerShell: 	DisplayImeController init took 0ms
12-11 17:56:36.753  1248  1248 D SystemServerTiming: OnBootPhase_600_com.android.server.stats.pull.StatsPullAtomService
12-11 17:56:36.753  1248  1248 D SystemServerTiming: OnBootPhase_600_com.android.server.stats.bootstrap.StatsBootstrapAtomService$Lifecycle
12-11 17:56:36.753  1248  1248 D SystemServerTiming: OnBootPhase_600_com.android.server.incident.IncidentCompanionService
12-11 17:56:36.753  1248  1248 D SystemServerTiming: OnBootPhase_600_com.android.server.sdksandbox.SdkSandboxManagerService$Lifecycle
12-11 17:56:36.753  1248  1248 D SystemServerTiming: OnBootPhase_600_com.android.server.adservices.AdServicesManagerService$Lifecycle
12-11 17:56:36.753  1248  1248 D SystemServerTiming: OnBootPhase_600_com.android.server.ondevicepersonalization.OnDevicePersonalizationSystemService$Lifecycle
12-11 17:56:36.753  1633  1673 V WindowManagerShell: Adding dump callback for ShellController
12-11 17:56:36.753  1248  1248 D SystemServerTiming: OnBootPhase_600_android.os.profiling.ProfilingService$Lifecycle
12-11 17:56:36.753  1248  1248 D SystemServerTiming: OnBootPhase_600_com.android.server.MmsServiceBroker
12-11 17:56:36.753  1248  1248 D SystemServerTiming: OnBootPhase_600_com.android.server.autofill.AutofillManagerService
12-11 17:56:36.753  1248  1290 D StatsPullAtomService: Registering NetworkStats pullers with statsd
12-11 17:56:36.753  1633  1673 V WindowManagerShell: 	ShellController init took 0ms
12-11 17:56:36.753  1633  1673 V WindowManagerShell: 	DesktopUserRepositories init took 0ms
12-11 17:56:36.753  1633  1673 V WindowManagerShell: Adding command class compatui for CompatUIShellCommandHandler
12-11 17:56:36.753  1633  1673 V WindowManagerShell: 	CompatUIController init took 0ms
12-11 17:56:36.753  1248  1248 D SystemServerTiming: OnBootPhase_600_com.android.server.credentials.CredentialManagerService
12-11 17:56:36.754  1633  1673 V WindowManagerShell: Adding dump callback for TaskStackTransitionObserver
12-11 17:56:36.754  1633  1673 V WindowManagerShell: 	TaskStackTransitionObserver init took 0ms
12-11 17:56:36.754  1248  1248 D SystemServerTiming: OnBootPhase_600_com.android.server.clipboard.ClipboardService
12-11 17:56:36.754  1248  1248 D SystemServerTiming: OnBootPhase_600_com.android.server.appbinding.AppBindingService$Lifecycle
12-11 17:56:36.754  1633  1673 V WindowManagerShell: Adding external interface from RecentTasksController with key com.android.wm.shell.recents.IRecentTasks
12-11 17:56:36.754  1248  1248 D SystemServerTiming: OnBootPhase_600_com.android.server.tracing.TracingServiceProxy
12-11 17:56:36.754  1248  1248 D SystemServerTiming: OnBootPhase_600_org.lineageos.platform.internal.ProfileManagerService
12-11 17:56:36.754  1248  1248 D SystemServerTiming: OnBootPhase_600_org.lineageos.platform.internal.LineageHardwareService
12-11 17:56:36.754  1248  1248 D SystemServerTiming: OnBootPhase_600_org.lineageos.platform.internal.display.LiveDisplayService
12-11 17:56:36.754  1633  1673 V WindowManagerShell: Adding dump callback for RecentTasksController
12-11 17:56:36.754  1248  1248 D SystemServerTiming: OnBootPhase_600_org.lineageos.platform.internal.TrustInterfaceService
12-11 17:56:36.754  1248  1248 D SystemServerTiming: OnBootPhase_600_org.lineageos.platform.internal.LineageSettingsService
12-11 17:56:36.754  1248  1248 D SystemServerTiming: OnBootPhase_600_org.lineageos.platform.internal.LineageGlobalActionsService
12-11 17:56:36.754  1248  1248 D SystemServerTiming: OnBootPhase_600_org.lineageos.platform.internal.health.HealthInterfaceService
12-11 17:56:36.754  1248  1248 D SystemServerTiming: OnBootPhase_600_com.android.server.policy.PermissionPolicyService
12-11 17:56:36.754  1248  1248 D SystemServerTiming: OnBootPhase_600_com.android.server.pm.StagingManager$Lifecycle
12-11 17:56:36.754  1248  1248 D SystemServerTiming: OnBootPhase_600_com.android.server.crashrecovery.CrashRecoveryModule$Lifecycle
12-11 17:56:36.754  1248  1248 I ExplicitHealthCheckController: Explicit health checks enabled.
12-11 17:56:36.754  1248  1248 I PackageWatchdog: Syncing state, reason: health check state enabled
12-11 17:56:36.755  1248  1248 D SystemServerTiming: OnBootPhase_600_com.android.server.app.GameManagerService$Lifecycle
12-11 17:56:36.755  1248  1248 D SystemServerTiming: OnBootPhase_600_com.android.safetycenter.SafetyCenterService
12-11 17:56:36.755  1248  1248 D SystemServerTiming: OnBootPhase_600_com.android.server.appsearch.AppSearchModule$Lifecycle
12-11 17:56:36.755  1248  1248 D SystemServerTiming: OnBootPhase_600_com.android.server.media.MediaCommunicationService
12-11 17:56:36.755  1248  1248 D SystemServerTiming: OnBootPhase_600_com.android.server.compat.overrides.AppCompatOverridesService$Lifecycle
12-11 17:56:36.755  1248  1248 D SystemServerTiming: OnBootPhase_600_com.android.server.healthconnect.HealthConnectManagerService
12-11 17:56:36.755  1248  1248 D SystemServerTiming: OnBootPhase_600_com.android.server.devicelock.DeviceLockService
12-11 17:56:36.755  1248  1248 D DeviceLockService: onBootPhase: 600
12-11 17:56:36.755  1248  1248 D SystemServerTiming: OnBootPhase_600_com.android.server.SensitiveContentProtectionManagerService
12-11 17:56:36.755  1248  1248 D SystemServerTiming: StartNetworkStack
12-11 17:56:36.756  1633  1673 V WindowManagerShell: 	RecentTasksController init took 2ms
12-11 17:56:36.756  1633  1673 V WindowManagerShell: Adding dump callback for ShellTaskOrganizer
