12-10 23:09:55.832   312   312 I recovery: type=1400 audit(0.0:153): avc: denied { module_request } for kmod="crypto-hmac(sha512)" scontext=u:r:recovery:s0 tcontext=u:r:kernel:s0 tclass=system permissive=1
12-10 23:09:55.832   312   312 I recovery: type=1400 audit(0.0:154): avc: denied { write } for scontext=u:r:recovery:s0 tcontext=u:r:init:s0 tclass=key permissive=1
12-10 23:09:55.832   312   312 I recovery: type=1400 audit(0.0:155): avc: denied { write } for name="unencrypted" dev="dm-14" ino=15 scontext=u:r:recovery:s0 tcontext=u:object_r:unencrypted_data_file:s0 tclass=dir permissive=1
12-10 23:09:55.832   312   312 I recovery: type=1400 audit(0.0:156): avc: denied { add_name } for name="mode" scontext=u:r:recovery:s0 tcontext=u:object_r:unencrypted_data_file:s0 tclass=dir permissive=1
12-10 23:09:55.832   312   312 I recovery: type=1400 audit(0.0:157): avc: denied { create } for name="mode" scontext=u:r:recovery:s0 tcontext=u:object_r:unencrypted_data_file:s0 tclass=file permissive=1
12-10 23:09:55.832   312   312 I recovery: type=1400 audit(0.0:158): avc: denied { write } for name="mode" dev="dm-14" ino=21 scontext=u:r:recovery:s0 tcontext=u:object_r:unencrypted_data_file:s0 tclass=file permissive=1
12-10 23:09:55.836   312   312 I recovery: Wrote system DE key reference to:/data/unencrypted/ref
12-10 23:09:55.836   312   312 I recovery: Generating standard storage key
12-10 23:09:55.836   312   312 I recovery: Installed fscrypt key with ref b42a36961c82ac91453ec700c46649e2 to /data
12-10 23:09:55.832   312   312 I recovery: type=1400 audit(0.0:159): avc: denied { ioctl } for path="/data" dev="dm-14" ino=3 ioctlcmd=0x6617 scontext=u:r:recovery:s0 tcontext=u:object_r:system_data_root_file:s0 tclass=dir permissive=1
12-10 23:09:55.837   312   312 I recovery: Wrote per boot key reference to:/data/unencrypted/per_boot_ref
12-10 23:09:55.837   312   312 I recovery: fscrypt_init_user0
12-10 23:09:55.832   312   312 I recovery: type=1400 audit(0.0:160): avc: denied { search } for name="vold" dev="dm-14" ino=80 scontext=u:r:recovery:s0 tcontext=u:object_r:vold_data_file:s0 tclass=dir permissive=1
12-10 23:09:55.832   312   312 I recovery: type=1400 audit(0.0:161): avc: denied { getattr } for path="/data/misc/vold/user_keys" dev="dm-14" ino=295 scontext=u:r:recovery:s0 tcontext=u:object_r:vold_data_file:s0 tclass=dir permissive=1
12-10 23:09:55.838   312   312 I recovery: fscrypt::load_all_de_keys::retrieveKey
12-10 23:09:55.838   312   312 I recovery: Retrieving key from keymaster
12-10 23:09:55.832   312   312 I recovery: type=1400 audit(0.0:162): avc: denied { read } for name="de" dev="dm-14" ino=297 scontext=u:r:recovery:s0 tcontext=u:object_r:vold_data_file:s0 tclass=dir permissive=1
12-10 23:09:55.832   312   312 I recovery: type=1400 audit(0.0:163): avc: denied { open } for path="/data/misc/vold/user_keys/de" dev="dm-14" ino=297 scontext=u:r:recovery:s0 tcontext=u:object_r:vold_data_file:s0 tclass=dir permissive=1
12-10 23:09:55.832   312   312 I recovery: type=1400 audit(0.0:164): avc: denied { read } for name="version" dev="dm-14" ino=299 scontext=u:r:recovery:s0 tcontext=u:object_r:vold_data_file:s0 tclass=file permissive=1
12-10 23:09:55.832   312   312 I recovery: type=1400 audit(0.0:165): avc: denied { open } for path="/data/misc/vold/user_keys/de/0/version" dev="dm-14" ino=299 scontext=u:r:recovery:s0 tcontext=u:object_r:vold_data_file:s0 tclass=file permissive=1
12-10 23:09:55.832   312   312 I recovery: type=1400 audit(0.0:166): avc: denied { getattr } for path="/data/misc/vold/user_keys/de/0/version" dev="dm-14" ino=299 scontext=u:r:recovery:s0 tcontext=u:object_r:vold_data_file:s0 tclass=file permissive=1
12-10 23:09:55.866     0     0 I [T600312] fscrypt: AES-256-CTS-CBC using implementation "cts-cbc-aes-ce"
12-10 23:09:55.839   312   312 I recovery: reading blob_file: /data/misc/vold/user_keys/de/0/keymaster_key_blob
12-10 23:09:55.840   312   312 E recovery: key mkdir /tmp/keymaster_key_blob/: File exists
12-10 23:09:55.840   320   320 E keymint : TrustKernelKeyMintImplementation.cpp:1642: TEE return -62
12-10 23:09:55.841   312   312 I recovery: Upgrading key: /data/misc/vold/user_keys/de/0/keymaster_key_blob
12-10 23:09:55.836   312   312 I recovery: type=1400 audit(0.0:167): avc: denied { ioctl } for path="/data" dev="dm-14" ino=3 ioctlcmd=0x6617 scontext=u:r:recovery:s0 tcontext=u:object_r:system_data_root_file:s0 tclass=dir permissive=1
12-10 23:09:55.842   312   312 I recovery: Installed fscrypt key with ref e7b56c163146a1311ea2407f5189f11b to /data
12-10 23:09:55.842   312   312 I recovery: Added fscrypt-provisioning key for e7b56c163146a1311ea2407f5189f11b to session keyring
12-10 23:09:55.842   312   312 I recovery: Installed de key for user 0
12-10 23:09:55.843   312   312 I recovery: fscrypt_prepare_user_storage for volume null, user 0, serial 0, flags 1
12-10 23:09:55.840   312   312 I recovery: type=1400 audit(0.0:168): avc: denied { search } for name="cur" dev="dm-14" ino=88 scontext=u:r:recovery:s0 tcontext=u:object_r:user_profile_root_file:s0 tclass=dir permissive=1
12-10 23:09:55.840   312   312 I recovery: type=1400 audit(0.0:169): avc: denied { getattr } for path="/data/misc/profiles/cur/0" dev="dm-14" ino=308 scontext=u:r:recovery:s0 tcontext=u:object_r:user_profile_root_file:s0:c512,c768 tclass=dir permissive=1
12-10 23:09:55.840   312   312 I recovery: type=1400 audit(0.0:170): avc: denied { getattr } for path="/data/user_de/0" dev="dm-14" ino=312 scontext=u:r:recovery:s0 tcontext=u:object_r:system_data_file:s0:c512,c768 tclass=dir permissive=1
12-10 23:09:55.846   312   312 I recovery: Verified that /data/system_de/0 has the encryption policy e7b56c163146a1311ea2407f5189f11b v2 modes 1/4 flags 0xa
12-10 23:09:55.840   312   312 I recovery: type=1400 audit(0.0:171): avc: denied { read } for name="0" dev="dm-14" ino=309 scontext=u:r:recovery:s0 tcontext=u:object_r:system_data_file:s0 tclass=dir permissive=1
12-10 23:09:55.846   312   312 I recovery: Verified that /data/vendor_de/0 has the encryption policy e7b56c163146a1311ea2407f5189f11b v2 modes 1/4 flags 0xa
12-10 23:09:55.846   312   312 I recovery: Verified that /data/user_de/0 has the encryption policy e7b56c163146a1311ea2407f5189f11b v2 modes 1/4 flags 0xa
12-10 23:09:55.840   312   312 I recovery: type=1400 audit(0.0:172): avc: denied { open } for path="/data/system_de/0" dev="dm-14" ino=309 scontext=u:r:recovery:s0 tcontext=u:object_r:system_data_file:s0 tclass=dir permissive=1
12-10 23:09:55.840   312   312 I recovery: type=1400 audit(0.0:173): avc: denied { ioctl } for path="/data/system_de/0" dev="dm-14" ino=309 ioctlcmd=0x6615 scontext=u:r:recovery:s0 tcontext=u:object_r:system_data_file:s0 tclass=dir permissive=1
12-10 23:09:55.840   312   312 I recovery: type=1400 audit(0.0:174): avc: denied { ioctl } for path="/data/misc_de/0" dev="dm-14" ino=311 ioctlcmd=0x6615 scontext=u:r:recovery:s0 tcontext=u:object_r:system_data_file:s0 tclass=dir permissive=1
12-10 23:09:55.840   312   312 I recovery: type=1400 audit(0.0:175): avc: denied { read } for name="0" dev="dm-14" ino=310 scontext=u:r:recovery:s0 tcontext=u:object_r:vendor_data_file:s0 tclass=dir permissive=1
12-10 23:09:55.840   312   312 I recovery: type=1400 audit(0.0:176): avc: denied { open } for path="/data/vendor_de/0" dev="dm-14" ino=310 scontext=u:r:recovery:s0 tcontext=u:object_r:vendor_data_file:s0 tclass=dir permissive=1
12-10 23:09:55.840   312   312 I recovery: type=1400 audit(0.0:177): avc: denied { ioctl } for path="/data/vendor_de/0" dev="dm-14" ino=310 ioctlcmd=0x6615 scontext=u:r:recovery:s0 tcontext=u:object_r:vendor_data_file:s0 tclass=dir permissive=1
12-10 23:09:55.840   312   312 I recovery: type=1400 audit(0.0:178): avc: denied { read } for name="0" dev="dm-14" ino=312 scontext=u:r:recovery:s0 tcontext=u:object_r:system_data_file:s0:c512,c768 tclass=dir permissive=1
12-10 23:09:55.840   312   312 I recovery: type=1400 audit(0.0:179): avc: denied { open } for path="/data/user_de/0" dev="dm-14" ino=312 scontext=u:r:recovery:s0 tcontext=u:object_r:system_data_file:s0:c512,c768 tclass=dir permissive=1
12-10 23:09:55.840   312   312 I recovery: type=1400 audit(0.0:180): avc: denied { ioctl } for path="/data/user_de/0" dev="dm-14" ino=312 ioctlcmd=0x6615 scontext=u:r:recovery:s0 tcontext=u:object_r:system_data_file:s0:c512,c768 tclass=dir permissive=1
12-10 23:09:55.873   312   312 I SELinux : Context u:object_r:system_userdir_file:s0 is not valid (left unmapped).
12-10 23:09:55.874   312   312 I SELinux : Context u:object_r:vendor_userdir_file:s0 is not valid (left unmapped).
12-10 23:09:55.860   362   362 I vold_prepare_su: type=1400 audit(0.0:181): avc: denied { getattr } for path="/data/misc_de/0/storaged" dev="dm-14" ino=315 scontext=u:r:recovery:s0 tcontext=u:object_r:storaged_data_file:s0 tclass=dir permissive=1
12-10 23:09:55.860   362   362 I vold_prepare_su: type=1400 audit(0.0:182): avc: denied { getattr } for path="/data/misc_de/0/rollback" dev="dm-14" ino=316 scontext=u:r:recovery:s0 tcontext=u:object_r:rollback_data_file:s0 tclass=dir permissive=1
12-10 23:09:55.860   362   362 I vold_prepare_su: type=1400 audit(0.0:183): avc: denied { getattr } for path="/data/misc_de/0/apexrollback" dev="dm-14" ino=317 scontext=u:r:recovery:s0 tcontext=u:object_r:apex_rollback_data_file:s0 tclass=dir permissive=1
12-10 23:09:55.860   362   362 I vold_prepare_su: type=1400 audit(0.0:184): avc: denied { getattr } for path="/data/misc_de/0/apexdata" dev="dm-14" ino=318 scontext=u:r:recovery:s0 tcontext=u:object_r:apex_module_data_file:s0 tclass=dir permissive=1
12-10 23:09:55.860   362   362 I vold_prepare_su: type=1400 audit(0.0:185): avc: denied { read } for name="/" dev="tmpfs" ino=1 scontext=u:r:recovery:s0 tcontext=u:object_r:apex_mnt_dir:s0 tclass=dir permissive=1
12-10 23:09:55.860   362   362 I vold_prepare_su: type=1400 audit(0.0:186): avc: denied { open } for path="/apex" dev="tmpfs" ino=1 scontext=u:r:recovery:s0 tcontext=u:object_r:apex_mnt_dir:s0 tclass=dir permissive=1
12-10 23:09:55.860   362   362 I vold_prepare_su: type=1400 audit(0.0:187): avc: denied { getattr } for path="/data/vendor_de/0/fpdata" dev="dm-14" ino=353 scontext=u:r:recovery:s0 tcontext=u:object_r:fingerprint_vendor_data_file:s0 tclass=dir permissive=1
12-10 23:09:55.860   362   362 I vold_prepare_su: type=1400 audit(0.0:188): avc: denied { getattr } for path="/data/vendor_de/0/facedata" dev="dm-14" ino=354 scontext=u:r:recovery:s0 tcontext=u:object_r:face_vendor_data_file:s0 tclass=dir permissive=1
12-10 23:09:55.864   312   312 I recovery: type=1400 audit(0.0:189): avc: denied { ioctl } for path="/data" dev="dm-14" ino=3 ioctlcmd=0x6617 scontext=u:r:recovery:s0 tcontext=u:object_r:system_data_root_file:s0 tclass=dir permissive=1
12-10 23:09:55.868   312   312 I recovery: try_reload_ce_keys
12-10 23:09:55.864   312   312 I recovery: type=1400 audit(0.0:190): avc: denied { getattr } for path="/data/system/locksettings.db" dev="dm-14" ino=1955 scontext=u:r:recovery:s0 tcontext=u:object_r:system_data_file:s0 tclass=file permissive=1
12-10 23:09:55.864   312   312 I recovery: type=1400 audit(0.0:191): avc: denied { read write } for name="locksettings.db" dev="dm-14" ino=1955 scontext=u:r:recovery:s0 tcontext=u:object_r:system_data_file:s0 tclass=file permissive=1
12-10 23:09:55.864   312   312 I recovery: type=1400 audit(0.0:192): avc: denied { open } for path="/data/system/locksettings.db" dev="dm-14" ino=1955 scontext=u:r:recovery:s0 tcontext=u:object_r:system_data_file:s0 tclass=file permissive=1
12-10 23:09:55.864   312   312 I recovery: type=1400 audit(0.0:193): avc: denied { ioctl } for path="/data/system/locksettings.db" dev="dm-14" ino=1955 ioctlcmd=0xf50c scontext=u:r:recovery:s0 tcontext=u:object_r:system_data_file:s0 tclass=file permissive=1
12-10 23:09:55.864   312   312 I recovery: type=1400 audit(0.0:194): avc: denied { lock } for path="/data/system/locksettings.db" dev="dm-14" ino=1955 scontext=u:r:recovery:s0 tcontext=u:object_r:system_data_file:s0 tclass=file permissive=1
12-10 23:09:55.880   312   312 I recovery: type=1400 audit(0.0:195): avc: denied { ioctl } for path="/dev/block/dm-6" dev="tmpfs" ino=686 ioctlcmd=0x5331 scontext=u:r:recovery:s0 tcontext=u:object_r:dm_device:s0 tclass=blk_file permissive=1
12-10 23:09:55.888   312   312 I recovery: type=1400 audit(0.0:196): avc: denied { ioctl } for path="/dev/block/dm-10" dev="tmpfs" ino=699 ioctlcmd=0x5331 scontext=u:r:recovery:s0 tcontext=u:object_r:dm_device:s0 tclass=blk_file permissive=1
12-10 23:09:55.920     0     0 I         : [T600312] EXT4-fs (dm-6): mounted filesystem without journal. Opts:
12-10 23:09:55.892   312   312 I recovery: type=1400 audit(0.0:197): avc: denied { ioctl } for path="/dev/block/dm-4" dev="tmpfs" ino=680 ioctlcmd=0x5331 scontext=u:r:recovery:s0 tcontext=u:object_r:dm_device:s0 tclass=blk_file permissive=1
12-10 23:09:55.925     0     0 I         : [T600312] EXT4-fs (dm-10): mounted filesystem without journal. Opts:
12-10 23:09:55.925     0     0 E         : [T600312] ufshcd-mtk 11270000.ufshci: ufs_mtk_ioctl: User buffer is NULL!
12-10 23:09:55.896   312   312 I recovery: type=1400 audit(0.0:198): avc: denied { ioctl } for path="/dev/block/dm-8" dev="tmpfs" ino=693 ioctlcmd=0x5331 scontext=u:r:recovery:s0 tcontext=u:object_r:dm_device:s0 tclass=blk_file permissive=1
12-10 23:09:55.930     0     0 I         : [T600312] EXT4-fs (dm-4): mounted filesystem without journal. Opts:
12-10 23:09:55.930     0     0 E         : [T600312] ufshcd-mtk 11270000.ufshci: ufs_mtk_ioctl: User buffer is NULL!
12-10 23:09:55.900   312   312 I recovery: type=1400 audit(0.0:199): avc: denied { ioctl } for path="/dev/block/dm-12" dev="tmpfs" ino=706 ioctlcmd=0x5331 scontext=u:r:recovery:s0 tcontext=u:object_r:dm_device:s0 tclass=blk_file permissive=1
12-10 23:09:55.934     0     0 I         : [T600312] EXT4-fs (dm-8): mounted filesystem without journal. Opts:
12-10 23:09:55.938     0     0 I         : [T600312] EXT4-fs (dm-12): mounted filesystem without journal. Opts:
12-10 23:09:55.908   312   312 I recovery: type=1400 audit(0.0:200): avc: denied { ioctl } for path="/dev/block/sdc1" dev="tmpfs" ino=428 ioctlcmd=0x1260 scontext=u:r:recovery:s0 tcontext=u:object_r:block_device:s0 tclass=blk_file permissive=1
12-10 23:09:55.908   312   312 I recovery: type=1400 audit(0.0:201): avc: denied { remove_name } for name="boot" dev="tmpfs" ino=720 scontext=u:r:recovery:s0 tcontext=u:object_r:block_device:s0 tclass=dir permissive=1
12-10 23:09:55.908   312   312 I recovery: type=1400 audit(0.0:202): avc: denied { unlink } for name="boot" dev="tmpfs" ino=720 scontext=u:r:recovery:s0 tcontext=u:object_r:block_device:s0 tclass=lnk_file permissive=1
12-10 23:09:55.940     0     0 I         : [T600312] EXT4-fs (dm-2): mounted filesystem without journal. Opts:
12-10 23:09:55.943     0     0 I         : [T600122] mtk-msdc 11240000.mmc: init hardware done!
12-10 23:09:55.960     0     0 I         : [T600122] mtk-msdc 11240000.mmc: sclk: 399999, timing: 0
12-10 23:09:56.031     0     0 I         : [T600122] mtk-msdc 11240000.mmc: [msdc_set_mclk]:enable clk free run 1ms+ for switch to 1.8v
12-10 23:09:56.033     0     0 I         : [T600122] mtk-msdc 11240000.mmc: sclk: 399999, timing: 0
12-10 23:09:56.039     0     0 I         : [T600122] mtk-msdc 11240000.mmc: sclk: 399999, timing: 7
12-10 23:09:56.039     0     0 I         : [T600122] mtk-msdc 11240000.mmc: sclk: 47999984, timing: 7
12-10 23:09:56.039     0     0 I         : [T600122] [msdc1][msdc_execute_tuning] autok start, vcore = 650000
12-10 23:09:56.040     0     0 I         : [T600122] [msdc1][msdc_execute_tuning] autok pass, vcore = 650000
12-10 23:09:56.060   312   312 I recovery: type=1400 audit(0.0:203): avc: denied { ioctl } for path="/dev/block/dm-2" dev="tmpfs" ino=674 ioctlcmd=0x1260 scontext=u:r:recovery:s0 tcontext=u:object_r:dm_device:s0 tclass=blk_file permissive=1
12-10 23:09:56.064   312   312 I recovery: type=1400 audit(0.0:204): avc: denied { getattr } for path="/data/recovery/.twrps" dev="dm-14" ino=9 scontext=u:r:recovery:s0 tcontext=u:object_r:media_rw_data_file:s0 tclass=file permissive=1
12-10 23:09:56.064   312   312 I recovery: type=1400 audit(0.0:205): avc: denied { getattr } for path="/data/unencrypted" dev="dm-14" ino=15 scontext=u:r:recovery:s0 tcontext=u:object_r:unencrypted_data_file:s0 tclass=dir permissive=1
12-10 23:09:56.064   312   312 I recovery: type=1400 audit(0.0:206): avc: denied { getattr } for path="/data/bootchart" dev="dm-14" ino=24 scontext=u:r:recovery:s0 tcontext=u:object_r:bootchart_data_file:s0 tclass=dir permissive=1
12-10 23:09:56.064   312   312 I recovery: type=1400 audit(0.0:207): avc: denied { read } for name="bootchart" dev="dm-14" ino=24 scontext=u:r:recovery:s0 tcontext=u:object_r:bootchart_data_file:s0 tclass=dir permissive=1
12-10 23:09:56.064   312   312 I recovery: type=1400 audit(0.0:208): avc: denied { open } for path="/data/bootchart" dev="dm-14" ino=24 scontext=u:r:recovery:s0 tcontext=u:object_r:bootchart_data_file:s0 tclass=dir permissive=1
12-10 23:09:56.064   312   312 I recovery: type=1400 audit(0.0:209): avc: denied { search } for name="bootchart" dev="dm-14" ino=24 scontext=u:r:recovery:s0 tcontext=u:object_r:bootchart_data_file:s0 tclass=dir permissive=1
12-10 23:09:56.068   312   312 I recovery: type=1400 audit(0.0:210): avc: denied { getattr } for path="/data/vendor/tombstones/wifi" dev="dm-14" ino=30 scontext=u:r:recovery:s0 tcontext=u:object_r:tombstone_wifi_data_file:s0 tclass=dir permissive=1
12-10 23:09:56.068   312   312 I recovery: type=1400 audit(0.0:211): avc: denied { read } for name="wifi" dev="dm-14" ino=30 scontext=u:r:recovery:s0 tcontext=u:object_r:tombstone_wifi_data_file:s0 tclass=dir permissive=1
12-10 23:09:56.068   312   312 I recovery: type=1400 audit(0.0:212): avc: denied { open } for path="/data/vendor/tombstones/wifi" dev="dm-14" ino=30 scontext=u:r:recovery:s0 tcontext=u:object_r:tombstone_wifi_data_file:s0 tclass=dir permissive=1
12-10 23:09:56.068   312   312 I recovery: type=1400 audit(0.0:213): avc: denied { search } for name="wifi" dev="dm-14" ino=30 scontext=u:r:recovery:s0 tcontext=u:object_r:tombstone_wifi_data_file:s0 tclass=dir permissive=1
12-10 23:09:56.068   312   312 I recovery: type=1400 audit(0.0:214): avc: denied { getattr } for path="/data/vendor/wifi/wpa" dev="dm-14" ino=389 scontext=u:r:recovery:s0 tcontext=u:object_r:wpa_data_file:s0 tclass=dir permissive=1
12-10 23:09:56.068   312   312 I recovery: type=1400 audit(0.0:215): avc: denied { read } for name="wpa" dev="dm-14" ino=389 scontext=u:r:recovery:s0 tcontext=u:object_r:wpa_data_file:s0 tclass=dir permissive=1
12-10 23:09:56.101     0     0 I [T500312] SELinux: Context u:object_r:mtk_audiohal_data_file:s0 is not valid (left unmapped).
12-10 23:09:56.068   312   312 I recovery: type=1400 audit(0.0:216): avc: denied { open } for path="/data/vendor/wifi/wpa" dev="dm-14" ino=389 scontext=u:r:recovery:s0 tcontext=u:object_r:wpa_data_file:s0 tclass=dir permissive=1
12-10 23:09:56.101     0     0 I [T500312] SELinux: Context u:object_r:data_vendor_flash_file:s0 is not valid (left unmapped).
12-10 23:09:56.068   312   312 I recovery: type=1400 audit(0.0:217): avc: denied { search } for name="wpa" dev="dm-14" ino=389 scontext=u:r:recovery:s0 tcontext=u:object_r:wpa_data_file:s0 tclass=dir permissive=1
12-10 23:09:56.101     0     0 I [T500312] SELinux: Context u:object_r:vendor_camera_dump_file:s0 is not valid (left unmapped).
12-10 23:09:56.101     0     0 I [T500312] SELinux: Context u:object_r:aee_dipdebug_vendor_file:s0 is not valid (left unmapped).
12-10 23:09:56.101     0     0 I [T500312] SELinux: Context u:object_r:data_vendor_flicker_file:s0 is not valid (left unmapped).
12-10 23:09:56.101     0     0 I [T500312] SELinux: Context u:object_r:vcodec_file:s0 is not valid (left unmapped).
12-10 23:09:56.072   312   312 I recovery: type=1400 audit(0.0:218): avc: denied { getattr } for path="/data/vendor/wifi/wpa/wpa_supplicant.conf" dev="dm-14" ino=1974 scontext=u:r:recovery:s0 tcontext=u:object_r:wpa_data_file:s0 tclass=file permissive=1
12-10 23:09:56.102     0     0 I [T500312] SELinux: Context u:object_r:thermal_manager_data_file:s0 is not valid (left unmapped).
12-10 23:09:56.102     0     0 I [T500312] SELinux: Context u:object_r:thermal_core_data_file:s0 is not valid (left unmapped).
12-10 23:09:56.072   312   312 I recovery: type=1400 audit(0.0:219): avc: denied { getattr } for path="/data/vendor/wifi/hostapd" dev="dm-14" ino=403 scontext=u:r:recovery:s0 tcontext=u:object_r:hostapd_data_file:s0 tclass=dir permissive=1
12-10 23:09:56.102     0     0 I [T500312] SELinux: Context u:object_r:stp_dump_data_file:s0 is not valid (left unmapped).
12-10 23:09:56.102     0     0 I [T500312] SELinux: Context u:object_r:connsyslog_data_vendor_file:s0 is not valid (left unmapped).
12-10 23:09:56.072   312   312 I recovery: type=1400 audit(0.0:220): avc: denied { read } for name="hostapd" dev="dm-14" ino=403 scontext=u:r:recovery:s0 tcontext=u:object_r:hostapd_data_file:s0 tclass=dir permissive=1
12-10 23:09:56.102     0     0 I [T500312] SELinux: Context u:object_r:gps_data_file:s0 is not valid (left unmapped).
12-10 23:09:56.072   312   312 I recovery: type=1400 audit(0.0:221): avc: denied { open } for path="/data/vendor/wifi/hostapd" dev="dm-14" ino=403 scontext=u:r:recovery:s0 tcontext=u:object_r:hostapd_data_file:s0 tclass=dir permissive=1
12-10 23:09:56.072   312   312 I recovery: type=1400 audit(0.0:222): avc: denied { search } for name="hostapd" dev="dm-14" ino=403 scontext=u:r:recovery:s0 tcontext=u:object_r:hostapd_data_file:s0 tclass=dir permissive=1
12-10 23:09:56.072   312   312 I recovery: type=1400 audit(0.0:223): avc: denied { getattr } for path="/data/anr" dev="dm-14" ino=27 scontext=u:r:recovery:s0 tcontext=u:object_r:anr_data_file:s0 tclass=dir permissive=1
12-10 23:09:56.072   312   312 I recovery: type=1400 audit(0.0:224): avc: denied { read } for name="anr" dev="dm-14" ino=27 scontext=u:r:recovery:s0 tcontext=u:object_r:anr_data_file:s0 tclass=dir permissive=1
12-10 23:09:56.072   312   312 I recovery: type=1400 audit(0.0:225): avc: denied { open } for path="/data/anr" dev="dm-14" ino=27 scontext=u:r:recovery:s0 tcontext=u:object_r:anr_data_file:s0 tclass=dir permissive=1
12-10 23:09:56.072   312   312 I recovery: type=1400 audit(0.0:226): avc: denied { search } for name="anr" dev="dm-14" ino=27 scontext=u:r:recovery:s0 tcontext=u:object_r:anr_data_file:s0 tclass=dir permissive=1
12-10 23:09:56.072   312   312 I recovery: type=1400 audit(0.0:227): avc: denied { getattr } for path="/data/tombstones" dev="dm-14" ino=28 scontext=u:r:recovery:s0 tcontext=u:object_r:tombstone_data_file:s0 tclass=dir permissive=1
12-10 23:09:56.072   312   312 I recovery: type=1400 audit(0.0:228): avc: denied { read } for name="tombstones" dev="dm-14" ino=28 scontext=u:r:recovery:s0 tcontext=u:object_r:tombstone_data_file:s0 tclass=dir permissive=1
12-10 23:09:56.072   312   312 I recovery: type=1400 audit(0.0:229): avc: denied { open } for path="/data/tombstones" dev="dm-14" ino=28 scontext=u:r:recovery:s0 tcontext=u:object_r:tombstone_data_file:s0 tclass=dir permissive=1
12-10 23:09:56.072   312   312 I recovery: type=1400 audit(0.0:230): avc: denied { search } for name="tombstones" dev="dm-14" ino=28 scontext=u:r:recovery:s0 tcontext=u:object_r:tombstone_data_file:s0 tclass=dir permissive=1
12-10 23:09:56.072   312   312 I recovery: type=1400 audit(0.0:231): avc: denied { getattr } for path="/data/tombstones/tombstone_00.pb" dev="dm-14" ino=493 scontext=u:r:recovery:s0 tcontext=u:object_r:tombstone_data_file:s0 tclass=file permissive=1
12-10 23:09:56.104     0     0 I [T500312] SELinux: Context u:object_r:sensor_data_file:s0 is not valid (left unmapped).
12-10 23:09:56.104     0     0 I [T500312] SELinux: Context u:object_r:data_vendor_nn_file:s0 is not valid (left unmapped).
12-10 23:09:56.104     0     0 I [T500312] SELinux: Context u:object_r:ccci_data_md1_file:s0 is not valid (left unmapped).
12-10 23:09:56.104     0     0 I [T500312] SELinux: Context u:object_r:c2k_file:s0 is not valid (left unmapped).
12-10 23:09:56.104     0     0 I [T500312] SELinux: Context u:object_r:wod_ipsec_conf_file:s0 is not valid (left unmapped).
12-10 23:09:56.105     0     0 I [T500312] SELinux: Context u:object_r:wod_apn_conf_file:s0 is not valid (left unmapped).
12-10 23:09:56.105     0     0 I [T500312] SELinux: Context u:object_r:agpsd_data_file:s0 is not valid (left unmapped).
12-10 23:09:56.105     0     0 I [T500312] SELinux: Context u:object_r:mtk_radio_data_file:s0 is not valid (left unmapped).
12-10 23:09:56.105     0     0 I [T500312] SELinux: Context u:object_r:mtk_powerhal_data_file:s0 is not valid (left unmapped).
12-10 23:09:56.076   312   312 I recovery: type=1400 audit(0.0:232): avc: denied { getattr } for path="/data/misc/keystore" dev="dm-14" ino=32 scontext=u:r:recovery:s0 tcontext=u:object_r:keystore_data_file:s0 tclass=dir permissive=1
12-10 23:09:56.105     0     0 I [T500312] SELinux: Context u:object_r:tkcore_data_file:s0 is not valid (left unmapped).
12-10 23:09:56.105     0     0 I [T500312] SELinux: Context u:object_r:tkcore_spta_file:s0 is not valid (left unmapped).
12-10 23:09:56.105     0     0 I [T500312] SELinux: Context u:object_r:tkcore_log_file:s0 is not valid (left unmapped).
12-10 23:09:56.105     0     0 I [T500312] SELinux: Context u:object_r:mediadrm_vendor_data_file:s0 is not valid (left unmapped).
12-10 23:09:56.076   312   312 I recovery: type=1400 audit(0.0:233): avc: denied { getattr } for path="/data/misc/recovery" dev="dm-14" ino=44 scontext=u:r:recovery:s0 tcontext=u:object_r:recovery_data_file:s0 tclass=dir permissive=1
12-10 23:09:56.076   312   312 I recovery: type=1400 audit(0.0:234): avc: denied { read } for name="recovery" dev="dm-14" ino=44 scontext=u:r:recovery:s0 tcontext=u:object_r:recovery_data_file:s0 tclass=dir permissive=1
12-10 23:09:56.076   312   312 I recovery: type=1400 audit(0.0:235): avc: denied { open } for path="/data/misc/recovery" dev="dm-14" ino=44 scontext=u:r:recovery:s0 tcontext=u:object_r:recovery_data_file:s0 tclass=dir permissive=1
12-10 23:09:56.076   312   312 I recovery: type=1400 audit(0.0:236): avc: denied { search } for name="recovery" dev="dm-14" ino=44 scontext=u:r:recovery:s0 tcontext=u:object_r:recovery_data_file:s0 tclass=dir permissive=1
12-10 23:09:56.076   312   312 I recovery: type=1400 audit(0.0:237): avc: denied { getattr } for path="/data/misc/recovery/ro.build.fingerprint" dev="dm-14" ino=45 scontext=u:r:recovery:s0 tcontext=u:object_r:recovery_data_file:s0 tclass=file permissive=1
12-10 23:09:56.076   312   312 I recovery: type=1400 audit(0.0:238): avc: denied { getattr } for path="/data/misc/bluedroid" dev="dm-14" ino=48 scontext=u:r:recovery:s0 tcontext=u:object_r:bluetooth_data_file:s0 tclass=dir permissive=1
12-10 23:09:56.076   312   312 I recovery: type=1400 audit(0.0:239): avc: denied { read } for name="bluedroid" dev="dm-14" ino=48 scontext=u:r:recovery:s0 tcontext=u:object_r:bluetooth_data_file:s0 tclass=dir permissive=1
12-10 23:09:56.076   312   312 I recovery: type=1400 audit(0.0:240): avc: denied { open } for path="/data/misc/bluedroid" dev="dm-14" ino=48 scontext=u:r:recovery:s0 tcontext=u:object_r:bluetooth_data_file:s0 tclass=dir permissive=1
12-10 23:09:56.076   312   312 I recovery: type=1400 audit(0.0:241): avc: denied { search } for name="bluedroid" dev="dm-14" ino=48 scontext=u:r:recovery:s0 tcontext=u:object_r:bluetooth_data_file:s0 tclass=dir permissive=1
12-10 23:09:56.076   312   312 I recovery: type=1400 audit(0.0:242): avc: denied { getattr } for path="/data/misc/bluedroid/interop_database_dynamic.conf" dev="dm-14" ino=6435 scontext=u:r:recovery:s0 tcontext=u:object_r:bluetooth_data_file:s0 tclass=file permissive=1
12-10 23:09:56.076   312   312 I recovery: type=1400 audit(0.0:243): avc: denied { getattr } for path="/data/misc/bluetooth/logs" dev="dm-14" ino=50 scontext=u:r:recovery:s0 tcontext=u:object_r:bluetooth_logs_data_file:s0 tclass=dir permissive=1
12-10 23:09:56.076   312   312 I recovery: type=1400 audit(0.0:244): avc: denied { read } for name="logs" dev="dm-14" ino=50 scontext=u:r:recovery:s0 tcontext=u:object_r:bluetooth_logs_data_file:s0 tclass=dir permissive=1
12-10 23:09:56.076   312   312 I recovery: type=1400 audit(0.0:245): avc: denied { open } for path="/data/misc/bluetooth/logs" dev="dm-14" ino=50 scontext=u:r:recovery:s0 tcontext=u:object_r:bluetooth_logs_data_file:s0 tclass=dir permissive=1
12-10 23:09:56.076   312   312 I recovery: type=1400 audit(0.0:246): avc: denied { search } for name="logs" dev="dm-14" ino=50 scontext=u:r:recovery:s0 tcontext=u:object_r:bluetooth_logs_data_file:s0 tclass=dir permissive=1
12-10 23:09:56.076   312   312 I recovery: type=1400 audit(0.0:247): avc: denied { getattr } for path="/data/misc/nfc/logs" dev="dm-14" ino=52 scontext=u:r:recovery:s0 tcontext=u:object_r:nfc_logs_data_file:s0 tclass=dir permissive=1
12-10 23:09:56.076   312   312 I recovery: type=1400 audit(0.0:248): avc: denied { read } for name="logs" dev="dm-14" ino=52 scontext=u:r:recovery:s0 tcontext=u:object_r:nfc_logs_data_file:s0 tclass=dir permissive=1
12-10 23:09:56.076   312   312 I recovery: type=1400 audit(0.0:249): avc: denied { open } for path="/data/misc/nfc/logs" dev="dm-14" ino=52 scontext=u:r:recovery:s0 tcontext=u:object_r:nfc_logs_data_file:s0 tclass=dir permissive=1
12-10 23:09:56.076   312   312 I recovery: type=1400 audit(0.0:250): avc: denied { search } for name="logs" dev="dm-14" ino=52 scontext=u:r:recovery:s0 tcontext=u:object_r:nfc_logs_data_file:s0 tclass=dir permissive=1
12-10 23:09:56.076   312   312 I recovery: type=1400 audit(0.0:251): avc: denied { getattr } for path="/data/misc/credstore" dev="dm-14" ino=53 scontext=u:r:recovery:s0 tcontext=u:object_r:credstore_data_file:s0 tclass=dir permissive=1
12-10 23:09:56.076   312   312 I recovery: type=1400 audit(0.0:252): avc: denied { read } for name="credstore" dev="dm-14" ino=53 scontext=u:r:recovery:s0 tcontext=u:object_r:credstore_data_file:s0 tclass=dir permissive=1
12-10 23:09:56.076   312   312 I recovery: type=1400 audit(0.0:253): avc: denied { open } for path="/data/misc/credstore" dev="dm-14" ino=53 scontext=u:r:recovery:s0 tcontext=u:object_r:credstore_data_file:s0 tclass=dir permissive=1
12-10 23:09:56.076   312   312 I recovery: type=1400 audit(0.0:254): avc: denied { search } for name="credstore" dev="dm-14" ino=53 scontext=u:r:recovery:s0 tcontext=u:object_r:credstore_data_file:s0 tclass=dir permissive=1
12-10 23:09:56.076   312   312 I recovery: type=1400 audit(0.0:255): avc: denied { getattr } for path="/data/misc/gatekeeper" dev="dm-14" ino=54 scontext=u:r:recovery:s0 tcontext=u:object_r:gatekeeper_data_file:s0 tclass=dir permissive=1
12-10 23:09:56.076   312   312 I recovery: type=1400 audit(0.0:256): avc: denied { getattr } for path="/data/misc/keychain" dev="dm-14" ino=55 scontext=u:r:recovery:s0 tcontext=u:object_r:keychain_data_file:s0 tclass=dir permissive=1
12-10 23:09:56.076   312   312 I recovery: type=1400 audit(0.0:257): avc: denied { read } for name="keychain" dev="dm-14" ino=55 scontext=u:r:recovery:s0 tcontext=u:object_r:keychain_data_file:s0 tclass=dir permissive=1
12-10 23:09:56.076   312   312 I recovery: type=1400 audit(0.0:258): avc: denied { open } for path="/data/misc/keychain" dev="dm-14" ino=55 scontext=u:r:recovery:s0 tcontext=u:object_r:keychain_data_file:s0 tclass=dir permissive=1
12-10 23:09:56.076   312   312 I recovery: type=1400 audit(0.0:259): avc: denied { search } for name="keychain" dev="dm-14" ino=55 scontext=u:r:recovery:s0 tcontext=u:object_r:keychain_data_file:s0 tclass=dir permissive=1
12-10 23:09:56.076   312   312 I recovery: type=1400 audit(0.0:260): avc: denied { getattr } for path="/data/misc/net" dev="dm-14" ino=56 scontext=u:r:recovery:s0 tcontext=u:object_r:net_data_file:s0 tclass=dir permissive=1
12-10 23:09:56.076   312   312 I recovery: type=1400 audit(0.0:261): avc: denied { read } for name="net" dev="dm-14" ino=56 scontext=u:r:recovery:s0 tcontext=u:object_r:net_data_file:s0 tclass=dir permissive=1
12-10 23:09:56.076   312   312 I recovery: type=1400 audit(0.0:262): avc: denied { open } for path="/data/misc/net" dev="dm-14" ino=56 scontext=u:r:recovery:s0 tcontext=u:object_r:net_data_file:s0 tclass=dir permissive=1
12-10 23:09:56.076   312   312 I recovery: type=1400 audit(0.0:263): avc: denied { search } for name="net" dev="dm-14" ino=56 scontext=u:r:recovery:s0 tcontext=u:object_r:net_data_file:s0 tclass=dir permissive=1
12-10 23:09:56.076   312   312 I recovery: type=1400 audit(0.0:264): avc: denied { getattr } for path="/data/misc/net/rt_tables" dev="dm-14" ino=415 scontext=u:r:recovery:s0 tcontext=u:object_r:net_data_file:s0 tclass=file permissive=1
12-10 23:09:56.076   312   312 I recovery: type=1400 audit(0.0:265): avc: denied { getattr } for path="/data/misc/radio" dev="dm-14" ino=57 scontext=u:r:recovery:s0 tcontext=u:object_r:radio_core_data_file:s0 tclass=dir permissive=1
12-10 23:09:56.076   312   312 I recovery: type=1400 audit(0.0:266): avc: denied { read } for name="radio" dev="dm-14" ino=57 scontext=u:r:recovery:s0 tcontext=u:object_r:radio_core_data_file:s0 tclass=dir permissive=1
12-10 23:09:56.076   312   312 I recovery: type=1400 audit(0.0:267): avc: denied { open } for path="/data/misc/radio" dev="dm-14" ino=57 scontext=u:r:recovery:s0 tcontext=u:object_r:radio_core_data_file:s0 tclass=dir permissive=1
12-10 23:09:56.076   312   312 I recovery: type=1400 audit(0.0:268): avc: denied { search } for name="radio" dev="dm-14" ino=57 scontext=u:r:recovery:s0 tcontext=u:object_r:radio_core_data_file:s0 tclass=dir permissive=1
12-10 23:09:56.076   312   312 I recovery: type=1400 audit(0.0:269): avc: denied { getattr } for path="/data/misc/sms" dev="dm-14" ino=58 scontext=u:r:recovery:s0 tcontext=u:object_r:radio_data_file:s0 tclass=dir permissive=1
12-10 23:09:56.076   312   312 I recovery: type=1400 audit(0.0:270): avc: denied { read } for name="sms" dev="dm-14" ino=58 scontext=u:r:recovery:s0 tcontext=u:object_r:radio_data_file:s0 tclass=dir permissive=1
12-10 23:09:56.076   312   312 I recovery: type=1400 audit(0.0:271): avc: denied { open } for path="/data/misc/sms" dev="dm-14" ino=58 scontext=u:r:recovery:s0 tcontext=u:object_r:radio_data_file:s0 tclass=dir permissive=1
12-10 23:09:56.076   312   312 I recovery: type=1400 audit(0.0:272): avc: denied { search } for name="sms" dev="dm-14" ino=58 scontext=u:r:recovery:s0 tcontext=u:object_r:radio_data_file:s0 tclass=dir permissive=1
12-10 23:09:56.076   312   312 I recovery: type=1400 audit(0.0:273): avc: denied { getattr } for path="/data/misc/emergencynumberdb" dev="dm-14" ino=61 scontext=u:r:recovery:s0 tcontext=u:object_r:emergency_data_file:s0 tclass=dir permissive=1
12-10 23:09:56.076   312   312 I recovery: type=1400 audit(0.0:274): avc: denied { read } for name="emergencynumberdb" dev="dm-14" ino=61 scontext=u:r:recovery:s0 tcontext=u:object_r:emergency_data_file:s0 tclass=dir permissive=1
12-10 23:09:56.076   312   312 I recovery: type=1400 audit(0.0:275): avc: denied { open } for path="/data/misc/emergencynumberdb" dev="dm-14" ino=61 scontext=u:r:recovery:s0 tcontext=u:object_r:emergency_data_file:s0 tclass=dir permissive=1
12-10 23:09:56.076   312   312 I recovery: type=1400 audit(0.0:276): avc: denied { search } for name="emergencynumberdb" dev="dm-14" ino=61 scontext=u:r:recovery:s0 tcontext=u:object_r:emergency_data_file:s0 tclass=dir permissive=1
12-10 23:09:56.076   312   312 I recovery: type=1400 audit(0.0:277): avc: denied { getattr } for path="/data/misc/network_watchlist" dev="dm-14" ino=62 scontext=u:r:recovery:s0 tcontext=u:object_r:network_watchlist_data_file:s0 tclass=dir permissive=1
12-10 23:09:56.076   312   312 I recovery: type=1400 audit(0.0:278): avc: denied { read } for name="network_watchlist" dev="dm-14" ino=62 scontext=u:r:recovery:s0 tcontext=u:object_r:network_watchlist_data_file:s0 tclass=dir permissive=1
12-10 23:09:56.076   312   312 I recovery: type=1400 audit(0.0:279): avc: denied { open } for path="/data/misc/network_watchlist" dev="dm-14" ino=62 scontext=u:r:recovery:s0 tcontext=u:object_r:network_watchlist_data_file:s0 tclass=dir permissive=1
12-10 23:09:56.076   312   312 I recovery: type=1400 audit(0.0:280): avc: denied { search } for name="network_watchlist" dev="dm-14" ino=62 scontext=u:r:recovery:s0 tcontext=u:object_r:network_watchlist_data_file:s0 tclass=dir permissive=1
12-10 23:09:56.076   312   312 I recovery: type=1400 audit(0.0:281): avc: denied { getattr } for path="/data/misc/textclassifier" dev="dm-14" ino=64 scontext=u:r:recovery:s0 tcontext=u:object_r:textclassifier_data_file:s0 tclass=dir permissive=1
12-10 23:09:56.076   312   312 I recovery: type=1400 audit(0.0:282): avc: denied { read } for name="textclassifier" dev="dm-14" ino=64 scontext=u:r:recovery:s0 tcontext=u:object_r:textclassifier_data_file:s0 tclass=dir permissive=1
12-10 23:09:56.076   312   312 I recovery: type=1400 audit(0.0:283): avc: denied { open } for path="/data/misc/textclassifier" dev="dm-14" ino=64 scontext=u:r:recovery:s0 tcontext=u:object_r:textclassifier_data_file:s0 tclass=dir permissive=1
12-10 23:09:56.080   312   312 I recovery: type=1400 audit(0.0:284): avc: denied { search } for name="textclassifier" dev="dm-14" ino=64 scontext=u:r:recovery:s0 tcontext=u:object_r:textclassifier_data_file:s0 tclass=dir permissive=1
12-10 23:09:56.080   312   312 I recovery: type=1400 audit(0.0:285): avc: denied { getattr } for path="/data/misc/vpn" dev="dm-14" ino=65 scontext=u:r:recovery:s0 tcontext=u:object_r:vpn_data_file:s0 tclass=dir permissive=1
12-10 23:09:56.080   312   312 I recovery: type=1400 audit(0.0:286): avc: denied { read } for name="vpn" dev="dm-14" ino=65 scontext=u:r:recovery:s0 tcontext=u:object_r:vpn_data_file:s0 tclass=dir permissive=1
12-10 23:09:56.080   312   312 I recovery: type=1400 audit(0.0:287): avc: denied { open } for path="/data/misc/vpn" dev="dm-14" ino=65 scontext=u:r:recovery:s0 tcontext=u:object_r:vpn_data_file:s0 tclass=dir permissive=1
12-10 23:09:56.080   312   312 I recovery: type=1400 audit(0.0:288): avc: denied { search } for name="vpn" dev="dm-14" ino=65 scontext=u:r:recovery:s0 tcontext=u:object_r:vpn_data_file:s0 tclass=dir permissive=1
12-10 23:09:56.080   312   312 I recovery: type=1400 audit(0.0:289): avc: denied { getattr } for path="/data/misc/shared_relro" dev="dm-14" ino=66 scontext=u:r:recovery:s0 tcontext=u:object_r:shared_relro_file:s0 tclass=dir permissive=1
12-10 23:09:56.080   312   312 I recovery: type=1400 audit(0.0:290): avc: denied { read } for name="shared_relro" dev="dm-14" ino=66 scontext=u:r:recovery:s0 tcontext=u:object_r:shared_relro_file:s0 tclass=dir permissive=1
12-10 23:09:56.080   312   312 I recovery: type=1400 audit(0.0:291): avc: denied { open } for path="/data/misc/shared_relro" dev="dm-14" ino=66 scontext=u:r:recovery:s0 tcontext=u:object_r:shared_relro_file:s0 tclass=dir permissive=1
12-10 23:09:56.080   312   312 I recovery: type=1400 audit(0.0:292): avc: denied { search } for name="shared_relro" dev="dm-14" ino=66 scontext=u:r:recovery:s0 tcontext=u:object_r:shared_relro_file:s0 tclass=dir permissive=1
12-10 23:09:56.080   312   312 I recovery: type=1400 audit(0.0:293): avc: denied { getattr } for path="/data/misc/shared_relro/libwebviewchromium64.relro" dev="dm-14" ino=5596 scontext=u:r:recovery:s0 tcontext=u:object_r:shared_relro_file:s0:c13,c260,c512,c768 tclass=file permissive=1
12-10 23:09:56.080   312   312 I recovery: type=1400 audit(0.0:294): avc: denied { getattr } for path="/data/misc/systemkeys" dev="dm-14" ino=67 scontext=u:r:recovery:s0 tcontext=u:object_r:systemkeys_data_file:s0 tclass=dir permissive=1
12-10 23:09:56.080   312   312 I recovery: type=1400 audit(0.0:295): avc: denied { read } for name="systemkeys" dev="dm-14" ino=67 scontext=u:r:recovery:s0 tcontext=u:object_r:systemkeys_data_file:s0 tclass=dir permissive=1
12-10 23:09:56.080   312   312 I recovery: type=1400 audit(0.0:296): avc: denied { open } for path="/data/misc/systemkeys" dev="dm-14" ino=67 scontext=u:r:recovery:s0 tcontext=u:object_r:systemkeys_data_file:s0 tclass=dir permissive=1
12-10 23:09:56.080   312   312 I recovery: type=1400 audit(0.0:297): avc: denied { search } for name="systemkeys" dev="dm-14" ino=67 scontext=u:r:recovery:s0 tcontext=u:object_r:systemkeys_data_file:s0 tclass=dir permissive=1
12-10 23:09:56.080   312   312 I recovery: type=1400 audit(0.0:298): avc: denied { getattr } for path="/data/misc/wifi" dev="dm-14" ino=68 scontext=u:r:recovery:s0 tcontext=u:object_r:wifi_data_file:s0 tclass=dir permissive=1
12-10 23:09:56.080   312   312 I recovery: type=1400 audit(0.0:299): avc: denied { read } for name="wifi" dev="dm-14" ino=68 scontext=u:r:recovery:s0 tcontext=u:object_r:wifi_data_file:s0 tclass=dir permissive=1
12-10 23:09:56.080   312   312 I recovery: type=1400 audit(0.0:300): avc: denied { open } for path="/data/misc/wifi" dev="dm-14" ino=68 scontext=u:r:recovery:s0 tcontext=u:object_r:wifi_data_file:s0 tclass=dir permissive=1
12-10 23:09:56.080   312   312 I recovery: type=1400 audit(0.0:301): avc: denied { search } for name="wifi" dev="dm-14" ino=68 scontext=u:r:recovery:s0 tcontext=u:object_r:wifi_data_file:s0 tclass=dir permissive=1
12-10 23:09:56.080   312   312 I recovery: type=1400 audit(0.0:302): avc: denied { getattr } for path="/data/misc/wifi/sockets" dev="dm-14" ino=71 scontext=u:r:recovery:s0 tcontext=u:object_r:wpa_socket:s0 tclass=dir permissive=1
12-10 23:09:56.080   312   312 I recovery: type=1400 audit(0.0:303): avc: denied { read } for name="sockets" dev="dm-14" ino=71 scontext=u:r:recovery:s0 tcontext=u:object_r:wpa_socket:s0 tclass=dir permissive=1
12-10 23:09:56.080   312   312 I recovery: type=1400 audit(0.0:304): avc: denied { open } for path="/data/misc/wifi/sockets" dev="dm-14" ino=71 scontext=u:r:recovery:s0 tcontext=u:object_r:wpa_socket:s0 tclass=dir permissive=1
12-10 23:09:56.080   312   312 I recovery: type=1400 audit(0.0:305): avc: denied { search } for name="sockets" dev="dm-14" ino=71 scontext=u:r:recovery:s0 tcontext=u:object_r:wpa_socket:s0 tclass=dir permissive=1
12-10 23:09:56.080   312   312 I recovery: type=1400 audit(0.0:306): avc: denied { getattr } for path="/data/misc/dhcp" dev="dm-14" ino=74 scontext=u:r:recovery:s0 tcontext=u:object_r:dhcp_data_file:s0 tclass=dir permissive=1
12-10 23:09:56.080   312   312 I recovery: type=1400 audit(0.0:307): avc: denied { read } for name="dhcp" dev="dm-14" ino=74 scontext=u:r:recovery:s0 tcontext=u:object_r:dhcp_data_file:s0 tclass=dir permissive=1
12-10 23:09:56.080   312   312 I recovery: type=1400 audit(0.0:308): avc: denied { open } for path="/data/misc/dhcp" dev="dm-14" ino=74 scontext=u:r:recovery:s0 tcontext=u:object_r:dhcp_data_file:s0 tclass=dir permissive=1
12-10 23:09:56.080   312   312 I recovery: type=1400 audit(0.0:309): avc: denied { search } for name="dhcp" dev="dm-14" ino=74 scontext=u:r:recovery:s0 tcontext=u:object_r:dhcp_data_file:s0 tclass=dir permissive=1
12-10 23:09:56.080   312   312 I recovery: type=1400 audit(0.0:310): avc: denied { getattr } for path="/data/misc/user" dev="dm-14" ino=75 scontext=u:r:recovery:s0 tcontext=u:object_r:misc_user_data_file:s0 tclass=dir permissive=1
12-10 23:09:56.080   312   312 I recovery: type=1400 audit(0.0:311): avc: denied { read } for name="user" dev="dm-14" ino=75 scontext=u:r:recovery:s0 tcontext=u:object_r:misc_user_data_file:s0 tclass=dir permissive=1
12-10 23:09:56.080   312   312 I recovery: type=1400 audit(0.0:312): avc: denied { open } for path="/data/misc/user" dev="dm-14" ino=75 scontext=u:r:recovery:s0 tcontext=u:object_r:misc_user_data_file:s0 tclass=dir permissive=1
12-10 23:09:56.080   312   312 I recovery: type=1400 audit(0.0:313): avc: denied { search } for name="user" dev="dm-14" ino=75 scontext=u:r:recovery:s0 tcontext=u:object_r:misc_user_data_file:s0 tclass=dir permissive=1
12-10 23:09:56.080   312   312 I recovery: type=1400 audit(0.0:314): avc: denied { getattr } for path="/data/misc/media" dev="dm-14" ino=77 scontext=u:r:recovery:s0 tcontext=u:object_r:media_data_file:s0 tclass=dir permissive=1
12-10 23:09:56.080   312   312 I recovery: type=1400 audit(0.0:315): avc: denied { read } for name="media" dev="dm-14" ino=77 scontext=u:r:recovery:s0 tcontext=u:object_r:media_data_file:s0 tclass=dir permissive=1
12-10 23:09:56.080   312   312 I recovery: type=1400 audit(0.0:316): avc: denied { open } for path="/data/misc/media" dev="dm-14" ino=77 scontext=u:r:recovery:s0 tcontext=u:object_r:media_data_file:s0 tclass=dir permissive=1
12-10 23:09:56.080   312   312 I recovery: type=1400 audit(0.0:317): avc: denied { search } for name="media" dev="dm-14" ino=77 scontext=u:r:recovery:s0 tcontext=u:object_r:media_data_file:s0 tclass=dir permissive=1
12-10 23:09:56.080   312   312 I recovery: type=1400 audit(0.0:318): avc: denied { getattr } for path="/data/misc/audioserver" dev="dm-14" ino=78 scontext=u:r:recovery:s0 tcontext=u:object_r:audioserver_data_file:s0 tclass=dir permissive=1
12-10 23:09:56.080   312   312 I recovery: type=1400 audit(0.0:319): avc: denied { read } for name="audioserver" dev="dm-14" ino=78 scontext=u:r:recovery:s0 tcontext=u:object_r:audioserver_data_file:s0 tclass=dir permissive=1
12-10 23:09:56.080   312   312 I recovery: type=1400 audit(0.0:320): avc: denied { open } for path="/data/misc/audioserver" dev="dm-14" ino=78 scontext=u:r:recovery:s0 tcontext=u:object_r:audioserver_data_file:s0 tclass=dir permissive=1
12-10 23:09:56.080   312   312 I recovery: type=1400 audit(0.0:321): avc: denied { search } for name="audioserver" dev="dm-14" ino=78 scontext=u:r:recovery:s0 tcontext=u:object_r:audioserver_data_file:s0 tclass=dir permissive=1
12-10 23:09:56.080   312   312 I recovery: type=1400 audit(0.0:322): avc: denied { getattr } for path="/data/misc/vold" dev="dm-14" ino=80 scontext=u:r:recovery:s0 tcontext=u:object_r:vold_data_file:s0 tclass=dir permissive=1
12-10 23:09:56.080   312   312 I recovery: type=1400 audit(0.0:323): avc: denied { read } for name="vold" dev="dm-14" ino=80 scontext=u:r:recovery:s0 tcontext=u:object_r:vold_data_file:s0 tclass=dir permissive=1
12-10 23:09:56.080   312   312 I recovery: type=1400 audit(0.0:324): avc: denied { open } for path="/data/misc/vold" dev="dm-14" ino=80 scontext=u:r:recovery:s0 tcontext=u:object_r:vold_data_file:s0 tclass=dir permissive=1
12-10 23:09:56.080   312   312 I recovery: type=1400 audit(0.0:325): avc: denied { search } for name="vold" dev="dm-14" ino=80 scontext=u:r:recovery:s0 tcontext=u:object_r:vold_data_file:s0 tclass=dir permissive=1
12-10 23:09:56.080   312   312 I recovery: type=1400 audit(0.0:326): avc: denied { getattr } for path="/data/misc/boottrace" dev="dm-14" ino=81 scontext=u:r:recovery:s0 tcontext=u:object_r:boottrace_data_file:s0 tclass=dir permissive=1
12-10 23:09:56.080   312   312 I recovery: type=1400 audit(0.0:327): avc: denied { read } for name="boottrace" dev="dm-14" ino=81 scontext=u:r:recovery:s0 tcontext=u:object_r:boottrace_data_file:s0 tclass=dir permissive=1
12-10 23:09:56.080   312   312 I recovery: type=1400 audit(0.0:328): avc: denied { open } for path="/data/misc/boottrace" dev="dm-14" ino=81 scontext=u:r:recovery:s0 tcontext=u:object_r:boottrace_data_file:s0 tclass=dir permissive=1
12-10 23:09:56.080   312   312 I recovery: type=1400 audit(0.0:329): avc: denied { search } for name="boottrace" dev="dm-14" ino=81 scontext=u:r:recovery:s0 tcontext=u:object_r:boottrace_data_file:s0 tclass=dir permissive=1
12-10 23:09:56.080   312   312 I recovery: type=1400 audit(0.0:330): avc: denied { getattr } for path="/data/misc/update_engine" dev="dm-14" ino=82 scontext=u:r:recovery:s0 tcontext=u:object_r:update_engine_data_file:s0 tclass=dir permissive=1
12-10 23:09:56.080   312   312 I recovery: type=1400 audit(0.0:331): avc: denied { read } for name="update_engine" dev="dm-14" ino=82 scontext=u:r:recovery:s0 tcontext=u:object_r:update_engine_data_file:s0 tclass=dir permissive=1
12-10 23:09:56.080   312   312 I recovery: type=1400 audit(0.0:332): avc: denied { open } for path="/data/misc/update_engine" dev="dm-14" ino=82 scontext=u:r:recovery:s0 tcontext=u:object_r:update_engine_data_file:s0 tclass=dir permissive=1
12-10 23:09:56.080   312   312 I recovery: type=1400 audit(0.0:333): avc: denied { search } for name="update_engine" dev="dm-14" ino=82 scontext=u:r:recovery:s0 tcontext=u:object_r:update_engine_data_file:s0 tclass=dir permissive=1
12-10 23:09:56.080   312   312 I recovery: type=1400 audit(0.0:334): avc: denied { getattr } for path="/data/misc/update_engine/prefs/previous-version" dev="dm-14" ino=460 scontext=u:r:recovery:s0 tcontext=u:object_r:update_engine_data_file:s0 tclass=file permissive=1
12-10 23:09:56.080   312   312 I recovery: type=1400 audit(0.0:335): avc: denied { getattr } for path="/data/misc/update_engine_log" dev="dm-14" ino=83 scontext=u:r:recovery:s0 tcontext=u:object_r:update_engine_log_data_file:s0 tclass=dir permissive=1
12-10 23:09:56.080   312   312 I recovery: type=1400 audit(0.0:336): avc: denied { read } for name="update_engine_log" dev="dm-14" ino=83 scontext=u:r:recovery:s0 tcontext=u:object_r:update_engine_log_data_file:s0 tclass=dir permissive=1
12-10 23:09:56.080   312   312 I recovery: type=1400 audit(0.0:337): avc: denied { open } for path="/data/misc/update_engine_log" dev="dm-14" ino=83 scontext=u:r:recovery:s0 tcontext=u:object_r:update_engine_log_data_file:s0 tclass=dir permissive=1
12-10 23:09:56.080   312   312 I recovery: type=1400 audit(0.0:338): avc: denied { search } for name="update_engine_log" dev="dm-14" ino=83 scontext=u:r:recovery:s0 tcontext=u:object_r:update_engine_log_data_file:s0 tclass=dir permissive=1
